2026-09-18 09:23:13.037 [info] Python-envs extension version: 1.36.0
2026-09-18 09:23:13.038 [info] 
=== Python Envs Configuration Levels ===
2026-09-18 09:23:13.038 [info] {
  "section": "Python Envs Configuration Levels",
  "defaultEnvManager": {
    "workspaceFolderValue": "undefined",
    "workspaceValue": "undefined",
    "globalValue": "undefined",
    "defaultValue": "ms-python.python:venv"
  },
  "defaultPackageManager": {
    "workspaceFolderValue": "undefined",
    "workspaceValue": "undefined",
    "globalValue": "undefined",
    "defaultValue": "ms-python.python:pip"
  }
}
2026-09-18 09:23:13.038 [info] [pet] Starting Python Locator /home/ubuntu/.vscode-server/extensions/ms-python.vscode-python-envs-1.36.0-linux-arm64/python-env-tools/bin/pet server
2026-09-18 09:23:13.038 [info] Registering pyenv manager (environments will be discovered lazily)
2026-09-18 09:23:13.038 [info] Registering pipenv manager (environments will be discovered lazily)
2026-09-18 09:23:13.039 [info] Registering poetry manager (environments will be discovered lazily)
2026-09-18 09:23:13.039 [info] [pet] configure: Sending configuration update: {"workspaceDirectories":["/home/ubuntu/ros2_ws"],"environmentDirectories":["/home/ubuntu/ros2_ws/.venv","/home/ubuntu/ros2_ws/*/.venv"],"pipenvExecutable":"pipenv","poetryExecutable":"poetry","cacheDirectory":"/home/ubuntu/.vscode-server/data/User/globalStorage/ms-python.vscode-python-envs/pythonLocator"}
2026-09-18 09:23:13.039 [info] Extension for manager ms-python.python:venv is not active: Activating...
2026-09-18 09:23:13.055 [info] Discovered env: /usr/bin/python3
2026-09-18 09:23:13.541 [info] Extension for manager ms-python.python:venv is now active.
2026-09-18 09:23:13.550 [info] Refreshing Pyenv Environments
2026-09-18 09:23:13.550 [info] Refreshing pyenv environments
2026-09-18 09:23:13.550 [info] Refreshing Pipenv Environments
2026-09-18 09:23:13.551 [info] Refreshing pipenv environments
2026-09-18 09:23:13.551 [info] Refreshing Poetry Environments
2026-09-18 09:23:13.551 [info] Refreshing poetry environments
2026-09-18 09:23:13.560 [info] Discovered env: /usr/bin/python3
2026-09-18 09:23:13.576 [info] Conda not found, turning off conda features. [Error: Conda not found
	at L (/home/ubuntu/.vscode-server/extensions/ms-python.vscode-python-envs-1.36.0-linux-arm64/dist/extension.js:2:629081)
	at async V (/home/ubuntu/.vscode-server/extensions/ms-python.vscode-python-envs-1.36.0-linux-arm64/dist/extension.js:2:629206)
	at async t.registerCondaFeatures (/home/ubuntu/.vscode-server/extensions/ms-python.vscode-python-envs-1.36.0-linux-arm64/dist/extension.js:2:648591)
	at async t.safeRegister (/home/ubuntu/.vscode-server/extensions/ms-python.vscode-python-envs-1.36.0-linux-arm64/dist/extension.js:2:290365)
	at async Promise.all (index 1)
	at async Immediate.<anonymous> (/home/ubuntu/.vscode-server/extensions/ms-python.vscode-python-envs-1.36.0-linux-arm64/dist/extension.js:2:782813)]
2026-09-18 09:23:13.595 [info] [interpreterSelection] Applying initial environment selection for 1 workspace folder(s)
2026-09-18 09:23:13.605 [info] [SYS_SET] scope=/home/ubuntu/ros2_ws, project=/home/ubuntu/ros2_ws, normalizedKey=/home/ubuntu/ros2_ws, env=Python 3.10.12.final.0-61za1ukgscq
2026-09-18 09:23:13.750 [info] Python API: Changed environment from undefined to Python 3.10.12.final.0 for: /home/ubuntu/ros2_ws
2026-09-18 09:23:13.750 [info] Internal: Changed environment from undefined to Python 3.10.12.final.0 for: /home/ubuntu/ros2_ws
2026-09-18 09:23:13.756 [info] [interpreterSelection] ros2_ws: Python 3.10.12.final.0 (source: autoDiscovery)
2026-09-18 09:23:13.756 [info] [interpreterSelection] Workspace env resolved, deferring global scope to background
2026-09-18 09:23:13.858 [info] Discovered env: /usr/bin/python3
2026-09-18 09:23:13.871 [info] Python API: Changed environment from undefined to Python 3.10.12.final.0 for: global
2026-09-18 09:23:13.871 [info] Internal: Changed environment from undefined to Python 3.10.12.final.0 for: global
2026-09-18 09:23:13.871 [info] [interpreterSelection] global: Python 3.10.12.final.0 (source: autoDiscovery)
2026-09-18 09:23:13.879 [info] Refreshing pyenv environments
2026-09-18 09:23:14.005 [info] Pipenv not found via settings, cache, or PATH
2026-09-18 09:23:14.007 [info] Refreshing pipenv environments
2026-09-18 09:23:14.049 [info] Discovered env: /usr/bin/python3
2026-09-18 09:23:14.056 [info] Pipenv not found via settings, cache, or PATH
2026-09-18 09:23:14.057 [info] Found 0 pipenv environments
2026-09-18 09:23:14.072 [info] Pipenv not found via settings, cache, or PATH
2026-09-18 09:23:14.094 [info] Refreshing poetry environments
2026-09-18 09:23:14.109 [info] Poetry executable not found
2026-09-18 09:23:14.130 [info] Environment discovery complete: 1 environments found (Global: 1)
2026-09-18 09:23:14.299 [info] Discovered env: /usr/bin/python3
2026-09-18 09:23:14.486 [info] Discovered env: /usr/bin/python3
2026-09-18 09:23:14.586 [info] Pipenv not found via settings, cache, or PATH
2026-09-18 09:23:14.587 [info] Found 0 pipenv environments
2026-09-18 09:23:14.916 [info] Discovered env: /usr/bin/python3
2026-09-18 09:23:20.245 [info] Poetry executable not found
2026-09-18 09:23:31.744 [info] Resolved Python Environment /usr/bin/python3
2026-09-18 09:23:31.829 [info] Resolved Python Environment /usr/bin/python3
2026-09-18 09:23:31.924 [info] Resolved Python Environment /usr/bin/python3
2026-09-18 09:23:32.070 [info] Resolved Python Environment /usr/bin/python3
2026-09-18 09:23:32.105 [info] Resolved Python Environment /usr/bin/python3
2026-09-18 09:23:32.170 [info] Resolved Python Environment /usr/bin/python3
2026-09-18 09:23:32.233 [info] Resolved Python Environment /usr/bin/python3
2026-09-18 09:23:32.261 [info] Resolved Python Environment /usr/bin/python3
2026-09-18 09:23:32.314 [info] Resolved Python Environment /usr/bin/python3
2026-09-18 09:23:32.386 [info] Resolved Python Environment /usr/bin/python3
2026-09-18 09:40:31.915 [info] Resolved Python Environment /usr/bin/python3
2026-09-18 09:40:31.972 [info] Resolved Python Environment /usr/bin/python3
2026-09-18 09:40:32.028 [info] Resolved Python Environment /usr/bin/python3
2026-09-18 09:40:32.089 [info] Resolved Python Environment /usr/bin/python3
2026-09-18 09:40:32.143 [info] Resolved Python Environment /usr/bin/python3
2026-09-18 09:40:36.055 [info] Resolved Python Environment /usr/bin/python3
2026-09-18 09:40:36.111 [info] Resolved Python Environment /usr/bin/python3
2026-09-18 09:40:36.169 [info] Resolved Python Environment /usr/bin/python3
2026-09-18 09:40:36.229 [info] Resolved Python Environment /usr/bin/python3
2026-09-18 09:40:36.282 [info] Resolved Python Environment /usr/bin/python3
2026-09-18 09:40:55.816 [info] Resolved Python Environment /usr/bin/python3
2026-09-18 09:40:55.874 [info] Resolved Python Environment /usr/bin/python3
2026-09-18 09:40:55.935 [info] Resolved Python Environment /usr/bin/python3
2026-09-18 09:40:55.987 [info] Resolved Python Environment /usr/bin/python3
2026-09-18 09:40:56.045 [info] Resolved Python Environment /usr/bin/python3
2026-09-18 09:44:28.663 [info] Resolved Python Environment /usr/bin/python3
2026-09-18 09:44:28.727 [info] Resolved Python Environment /usr/bin/python3
2026-09-18 09:44:28.786 [info] Resolved Python Environment /usr/bin/python3
2026-09-18 09:44:28.848 [info] Resolved Python Environment /usr/bin/python3
2026-09-18 09:44:28.908 [info] Resolved Python Environment /usr/bin/python3
2026-09-18 09:45:14.361 [info] Resolved Python Environment /usr/bin/python3
2026-09-18 09:45:14.428 [info] Resolved Python Environment /usr/bin/python3
2026-09-18 09:45:14.499 [info] Resolved Python Environment /usr/bin/python3
2026-09-18 09:45:14.568 [info] Resolved Python Environment /usr/bin/python3
2026-09-18 09:45:14.617 [info] Resolved Python Environment /usr/bin/python3
2026-09-18 09:50:29.688 [info] Resolved Python Environment /usr/bin/python3
2026-09-18 09:50:29.742 [info] Resolved Python Environment /usr/bin/python3
2026-09-18 09:50:29.798 [info] Resolved Python Environment /usr/bin/python3
2026-09-18 09:50:29.852 [info] Resolved Python Environment /usr/bin/python3
2026-09-18 09:50:29.907 [info] Resolved Python Environment /usr/bin/python3
2026-09-18 09:57:53.235 [info] Resolved Python Environment /usr/bin/python3
2026-09-18 09:57:53.291 [info] Resolved Python Environment /usr/bin/python3
2026-09-18 09:57:53.346 [info] Resolved Python Environment /usr/bin/python3
2026-09-18 09:57:53.402 [info] Resolved Python Environment /usr/bin/python3
2026-09-18 09:57:53.456 [info] Resolved Python Environment /usr/bin/python3
2026-09-18 09:57:59.697 [info] Resolved Python Environment /usr/bin/python3
2026-09-18 09:57:59.754 [info] Resolved Python Environment /usr/bin/python3
2026-09-18 09:57:59.816 [info] Resolved Python Environment /usr/bin/python3
2026-09-18 09:57:59.870 [info] Resolved Python Environment /usr/bin/python3
2026-09-18 09:57:59.924 [info] Resolved Python Environment /usr/bin/python3
2026-09-18 09:58:09.827 [info] Resolved Python Environment /usr/bin/python3
2026-09-18 09:58:09.881 [info] Resolved Python Environment /usr/bin/python3
2026-09-18 09:58:09.940 [info] Resolved Python Environment /usr/bin/python3
2026-09-18 09:58:09.997 [info] Resolved Python Environment /usr/bin/python3
2026-09-18 09:58:10.050 [info] Resolved Python Environment /usr/bin/python3
2026-09-18 09:58:13.313 [info] Resolved Python Environment /usr/bin/python3
2026-09-18 09:58:13.368 [info] Resolved Python Environment /usr/bin/python3
2026-09-18 09:58:13.423 [info] Resolved Python Environment /usr/bin/python3
2026-09-18 09:58:13.480 [info] Resolved Python Environment /usr/bin/python3
2026-09-18 09:58:13.537 [info] Resolved Python Environment /usr/bin/python3
2026-09-18 09:58:36.024 [info] Resolved Python Environment /usr/bin/python3
2026-09-18 09:58:36.092 [info] Resolved Python Environment /usr/bin/python3
2026-09-18 09:58:36.156 [info] Resolved Python Environment /usr/bin/python3
2026-09-18 09:58:36.216 [info] Resolved Python Environment /usr/bin/python3
2026-09-18 09:58:36.277 [info] Resolved Python Environment /usr/bin/python3
2026-09-18 09:58:42.342 [info] Resolved Python Environment /usr/bin/python3
2026-09-18 09:58:42.402 [info] Resolved Python Environment /usr/bin/python3
2026-09-18 09:58:42.456 [info] Resolved Python Environment /usr/bin/python3
2026-09-18 09:58:42.510 [info] Resolved Python Environment /usr/bin/python3
2026-09-18 09:58:42.573 [info] Resolved Python Environment /usr/bin/python3
2026-09-18 09:59:44.632 [info] Resolved Python Environment /usr/bin/python3
2026-09-18 09:59:44.721 [info] Resolved Python Environment /usr/bin/python3
2026-09-18 09:59:44.777 [info] Resolved Python Environment /usr/bin/python3
2026-09-18 09:59:44.828 [info] Resolved Python Environment /usr/bin/python3
2026-09-18 09:59:44.881 [info] Resolved Python Environment /usr/bin/python3
2026-09-18 10:00:26.152 [info] Resolved Python Environment /usr/bin/python3
2026-09-18 10:00:26.211 [info] Resolved Python Environment /usr/bin/python3
2026-09-18 10:00:26.268 [info] Resolved Python Environment /usr/bin/python3
2026-09-18 10:00:26.322 [info] Resolved Python Environment /usr/bin/python3
2026-09-18 10:00:26.380 [info] Resolved Python Environment /usr/bin/python3
2026-09-18 10:02:48.532 [info] Resolved Python Environment /usr/bin/python3
2026-09-18 10:02:48.587 [info] Resolved Python Environment /usr/bin/python3
2026-09-18 10:02:48.648 [info] Resolved Python Environment /usr/bin/python3
2026-09-18 10:02:48.708 [info] Resolved Python Environment /usr/bin/python3
2026-09-18 10:02:48.761 [info] Resolved Python Environment /usr/bin/python3
2026-09-18 10:02:49.867 [info] Resolved Python Environment /usr/bin/python3
2026-09-18 10:02:49.922 [info] Resolved Python Environment /usr/bin/python3
2026-09-18 10:02:49.980 [info] Resolved Python Environment /usr/bin/python3
2026-09-18 10:02:50.106 [info] Resolved Python Environment /usr/bin/python3
2026-09-18 10:02:50.165 [info] Resolved Python Environment /usr/bin/python3
2026-09-18 10:10:55.241 [info] Resolved Python Environment /usr/bin/python3
2026-09-18 10:10:55.295 [info] Resolved Python Environment /usr/bin/python3
2026-09-18 10:10:55.351 [info] Resolved Python Environment /usr/bin/python3
2026-09-18 10:10:55.403 [info] Resolved Python Environment /usr/bin/python3
2026-09-18 10:10:55.461 [info] Resolved Python Environment /usr/bin/python3
2026-09-18 10:10:58.757 [info] Resolved Python Environment /usr/bin/python3
2026-09-18 10:10:58.827 [info] Resolved Python Environment /usr/bin/python3
2026-09-18 10:10:58.946 [info] Resolved Python Environment /usr/bin/python3
2026-09-18 10:10:59.178 [info] Resolved Python Environment /usr/bin/python3
2026-09-18 10:10:59.234 [info] Resolved Python Environment /usr/bin/python3
2026-09-18 10:29:06.431 [info] Resolved Python Environment /usr/bin/python3
2026-09-18 10:29:06.486 [info] Resolved Python Environment /usr/bin/python3
2026-09-18 10:29:06.541 [info] Resolved Python Environment /usr/bin/python3
2026-09-18 10:29:06.596 [info] Resolved Python Environment /usr/bin/python3
2026-09-18 10:29:06.653 [info] Resolved Python Environment /usr/bin/python3
2026-09-18 10:29:09.543 [info] Resolved Python Environment /usr/bin/python3
2026-09-18 10:29:09.596 [info] Resolved Python Environment /usr/bin/python3
2026-09-18 10:29:09.659 [info] Resolved Python Environment /usr/bin/python3
2026-09-18 10:29:09.731 [info] Resolved Python Environment /usr/bin/python3
2026-09-18 10:29:09.784 [info] Resolved Python Environment /usr/bin/python3
2026-09-18 10:29:19.551 [info] Resolved Python Environment /usr/bin/python3
2026-09-18 10:29:19.605 [info] Resolved Python Environment /usr/bin/python3
2026-09-18 10:29:19.659 [info] Resolved Python Environment /usr/bin/python3
2026-09-18 10:29:19.717 [info] Resolved Python Environment /usr/bin/python3
2026-09-18 10:29:19.770 [info] Resolved Python Environment /usr/bin/python3
2026-09-18 10:29:28.144 [info] Resolved Python Environment /usr/bin/python3
2026-09-18 10:29:28.204 [info] Resolved Python Environment /usr/bin/python3
2026-09-18 10:29:28.259 [info] Resolved Python Environment /usr/bin/python3
2026-09-18 10:29:28.317 [info] Resolved Python Environment /usr/bin/python3
2026-09-18 10:29:28.371 [info] Resolved Python Environment /usr/bin/python3
2026-09-18 10:43:03.685 [info] Resolved Python Environment /usr/bin/python3
2026-09-18 10:43:03.887 [info] Resolved Python Environment /usr/bin/python3
2026-09-18 10:43:04.036 [info] Resolved Python Environment /usr/bin/python3
2026-09-18 10:43:04.465 [info] Resolved Python Environment /usr/bin/python3
2026-09-18 10:43:04.581 [info] Resolved Python Environment /usr/bin/python3
2026-09-18 10:46:57.913 [info] Resolved Python Environment /usr/bin/python3
2026-09-18 10:46:57.973 [info] Resolved Python Environment /usr/bin/python3
2026-09-18 10:46:58.027 [info] Resolved Python Environment /usr/bin/python3
2026-09-18 10:46:58.081 [info] Resolved Python Environment /usr/bin/python3
2026-09-18 10:46:58.139 [info] Resolved Python Environment /usr/bin/python3
2026-09-18 10:47:00.984 [info] Resolved Python Environment /usr/bin/python3
2026-09-18 10:47:01.338 [info] Resolved Python Environment /usr/bin/python3
2026-09-18 10:47:01.407 [info] Resolved Python Environment /usr/bin/python3
2026-09-18 10:47:01.464 [info] Resolved Python Environment /usr/bin/python3
2026-09-18 10:47:01.519 [info] Resolved Python Environment /usr/bin/python3
2026-09-18 10:49:55.756 [info] Resolved Python Environment /usr/bin/python3
2026-09-18 10:49:55.816 [info] Resolved Python Environment /usr/bin/python3
2026-09-18 10:49:55.868 [info] Resolved Python Environment /usr/bin/python3
2026-09-18 10:49:55.922 [info] Resolved Python Environment /usr/bin/python3
2026-09-18 10:49:55.975 [info] Resolved Python Environment /usr/bin/python3
2026-09-18 10:50:37.252 [info] Resolved Python Environment /usr/bin/python3
2026-09-18 10:50:37.322 [info] Resolved Python Environment /usr/bin/python3
2026-09-18 10:50:37.381 [info] Resolved Python Environment /usr/bin/python3
2026-09-18 10:50:37.440 [info] Resolved Python Environment /usr/bin/python3
2026-09-18 10:50:37.497 [info] Resolved Python Environment /usr/bin/python3
2026-09-18 11:06:20.084 [info] Resolved Python Environment /usr/bin/python3
2026-09-18 11:06:20.141 [info] Resolved Python Environment /usr/bin/python3
2026-09-18 11:06:20.198 [info] Resolved Python Environment /usr/bin/python3
2026-09-18 11:06:20.251 [info] Resolved Python Environment /usr/bin/python3
2026-09-18 11:06:20.311 [info] Resolved Python Environment /usr/bin/python3
2026-09-18 11:06:45.872 [info] Resolved Python Environment /usr/bin/python3
2026-09-18 11:06:45.928 [info] Resolved Python Environment /usr/bin/python3
2026-09-18 11:06:45.985 [info] Resolved Python Environment /usr/bin/python3
2026-09-18 11:06:46.042 [info] Resolved Python Environment /usr/bin/python3
2026-09-18 11:06:46.095 [info] Resolved Python Environment /usr/bin/python3
2026-09-18 11:07:46.082 [info] Resolved Python Environment /usr/bin/python3
2026-09-18 11:07:46.137 [info] Resolved Python Environment /usr/bin/python3
2026-09-18 11:07:46.193 [info] Resolved Python Environment /usr/bin/python3
2026-09-18 11:07:46.247 [info] Resolved Python Environment /usr/bin/python3
2026-09-18 11:07:46.301 [info] Resolved Python Environment /usr/bin/python3
2026-09-18 11:08:06.245 [info] Resolved Python Environment /usr/bin/python3
2026-09-18 11:08:06.300 [info] Resolved Python Environment /usr/bin/python3
2026-09-18 11:08:06.354 [info] Resolved Python Environment /usr/bin/python3
2026-09-18 11:08:06.412 [info] Resolved Python Environment /usr/bin/python3
2026-09-18 11:08:06.465 [info] Resolved Python Environment /usr/bin/python3
2026-09-18 11:53:33.001 [info] Resolved Python Environment /usr/bin/python3
2026-09-18 11:53:33.061 [info] Resolved Python Environment /usr/bin/python3
2026-09-18 11:53:33.115 [info] Resolved Python Environment /usr/bin/python3
2026-09-18 11:53:33.167 [info] Resolved Python Environment /usr/bin/python3
2026-09-18 11:53:33.225 [info] Resolved Python Environment /usr/bin/python3
2026-09-18 11:53:37.259 [info] Resolved Python Environment /usr/bin/python3
2026-09-18 11:53:37.318 [info] Resolved Python Environment /usr/bin/python3
2026-09-18 11:53:37.372 [info] Resolved Python Environment /usr/bin/python3
2026-09-18 11:53:37.432 [info] Resolved Python Environment /usr/bin/python3
2026-09-18 11:53:37.483 [info] Resolved Python Environment /usr/bin/python3
2026-09-18 11:53:41.420 [info] Resolved Python Environment /usr/bin/python3
2026-09-18 11:53:41.480 [info] Resolved Python Environment /usr/bin/python3
2026-09-18 11:53:41.537 [info] Resolved Python Environment /usr/bin/python3
2026-09-18 11:53:41.591 [info] Resolved Python Environment /usr/bin/python3
2026-09-18 11:53:41.654 [info] Resolved Python Environment /usr/bin/python3
2026-09-18 11:53:55.190 [info] Resolved Python Environment /usr/bin/python3
2026-09-18 11:53:55.244 [info] Resolved Python Environment /usr/bin/python3
2026-09-18 11:53:55.298 [info] Resolved Python Environment /usr/bin/python3
2026-09-18 11:53:55.362 [info] Resolved Python Environment /usr/bin/python3
2026-09-18 11:53:55.433 [info] Resolved Python Environment /usr/bin/python3
