2026-09-18 09:30:23.391 [info] Python-envs extension version: 1.36.0
2026-09-18 09:30:23.391 [info] 
=== Python Envs Configuration Levels ===
2026-09-18 09:30:23.391 [info] {
  "section": "Python Envs Configuration Levels",
  "defaultEnvManager": {
    "workspaceFolderValue": "undefined",
    "workspaceValue": "undefined",
    "globalValue": "undefined",
    "defaultValue": "ms-python.python:venv"
  },
  "defaultPackageManager": {
    "workspaceFolderValue": "undefined",
    "workspaceValue": "undefined",
    "globalValue": "undefined",
    "defaultValue": "ms-python.python:pip"
  }
}
2026-09-18 09:30:23.391 [info] [pet] Starting Python Locator /home/ubuntu/.vscode-server/extensions/ms-python.vscode-python-envs-1.36.0-linux-arm64/python-env-tools/bin/pet server
2026-09-18 09:30:23.391 [info] Registering pyenv manager (environments will be discovered lazily)
2026-09-18 09:30:23.391 [info] Registering pipenv manager (environments will be discovered lazily)
2026-09-18 09:30:23.391 [info] Registering poetry manager (environments will be discovered lazily)
2026-09-18 09:30:23.400 [warning] No workspace folder for relative search path: .venv
2026-09-18 09:30:23.400 [warning] No workspace folder for relative search path: */.venv
2026-09-18 09:30:23.402 [info] [pet] configure: Sending configuration update: {"workspaceDirectories":[],"environmentDirectories":[],"pipenvExecutable":"pipenv","poetryExecutable":"poetry","cacheDirectory":"/home/ubuntu/.vscode-server/data/User/globalStorage/ms-python.vscode-python-envs/pythonLocator"}
2026-09-18 09:30:23.580 [info] Discovered env: /usr/bin/python3
2026-09-18 09:30:23.647 [info] Conda not found, turning off conda features. [Error: Conda not found
	at L (/home/ubuntu/.vscode-server/extensions/ms-python.vscode-python-envs-1.36.0-linux-arm64/dist/extension.js:2:629081)
	at runNextTicks (node:internal/process/task_queues:65:5)
	at process.processImmediate (node:internal/timers:472:9)
	at async V (/home/ubuntu/.vscode-server/extensions/ms-python.vscode-python-envs-1.36.0-linux-arm64/dist/extension.js:2:629206)
	at async t.registerCondaFeatures (/home/ubuntu/.vscode-server/extensions/ms-python.vscode-python-envs-1.36.0-linux-arm64/dist/extension.js:2:648591)
	at async t.safeRegister (/home/ubuntu/.vscode-server/extensions/ms-python.vscode-python-envs-1.36.0-linux-arm64/dist/extension.js:2:290365)
	at async Promise.all (index 1)
	at async Immediate.<anonymous> (/home/ubuntu/.vscode-server/extensions/ms-python.vscode-python-envs-1.36.0-linux-arm64/dist/extension.js:2:782813)]
2026-09-18 09:30:23.666 [info] [interpreterSelection] Applying initial environment selection for 0 workspace folder(s)
2026-09-18 09:30:23.701 [warning] No workspace folder for relative search path: .venv
2026-09-18 09:30:23.701 [warning] No workspace folder for relative search path: */.venv
2026-09-18 09:30:23.798 [info] Resolved Python Environment /usr/bin/python3
2026-09-18 09:30:23.936 [info] Python API: Changed environment from undefined to Python 3.10.12.final.0 for: global
2026-09-18 09:30:23.936 [info] Internal: Changed environment from undefined to Python 3.10.12.final.0 for: global
2026-09-18 09:30:23.937 [info] [interpreterSelection] global: Python 3.10.12.final.0 (source: autoDiscovery)
2026-09-18 09:30:23.979 [info] Extension for manager ms-python.python:venv is not active: Activating...
2026-09-18 09:30:23.984 [info] Refreshing pyenv environments
2026-09-18 09:30:24.008 [info] Pipenv not found via settings, cache, or PATH
2026-09-18 09:30:24.011 [info] Refreshing pipenv environments
2026-09-18 09:30:24.016 [info] Pipenv not found via settings, cache, or PATH
2026-09-18 09:30:24.016 [info] Found 0 pipenv environments
2026-09-18 09:30:24.022 [info] Pipenv not found via settings, cache, or PATH
2026-09-18 09:30:24.037 [info] Refreshing poetry environments
2026-09-18 09:30:24.042 [info] Poetry executable not found
2026-09-18 09:30:24.049 [info] Environment discovery complete: 1 environments found (Global: 1)
2026-09-18 09:30:25.119 [info] Extension for manager ms-python.python:venv is now active.
2026-09-18 09:30:25.125 [info] Refreshing Pyenv Environments
2026-09-18 09:30:25.125 [info] Refreshing pyenv environments
2026-09-18 09:30:25.125 [info] Refreshing Pipenv Environments
2026-09-18 09:30:25.125 [info] Refreshing pipenv environments
2026-09-18 09:30:25.125 [info] Refreshing Poetry Environments
2026-09-18 09:30:25.125 [info] Refreshing poetry environments
2026-09-18 09:30:25.127 [warning] No workspace folder for relative search path: .venv
2026-09-18 09:30:25.128 [warning] No workspace folder for relative search path: */.venv
2026-09-18 09:30:27.717 [info] Discovered env: /usr/bin/python3
2026-09-18 09:30:28.488 [warning] No workspace folder for relative search path: .venv
2026-09-18 09:30:28.488 [warning] No workspace folder for relative search path: */.venv
2026-09-18 09:30:29.063 [info] Discovered env: /usr/bin/python3
2026-09-18 09:30:29.122 [warning] No workspace folder for relative search path: .venv
2026-09-18 09:30:29.122 [warning] No workspace folder for relative search path: */.venv
2026-09-18 09:30:29.309 [info] Discovered env: /usr/bin/python3
2026-09-18 09:30:29.376 [warning] No workspace folder for relative search path: .venv
2026-09-18 09:30:29.376 [warning] No workspace folder for relative search path: */.venv
2026-09-18 09:30:29.743 [info] Discovered env: /usr/bin/python3
2026-09-18 09:30:29.762 [warning] No workspace folder for relative search path: .venv
2026-09-18 09:30:29.762 [warning] No workspace folder for relative search path: */.venv
2026-09-18 09:30:29.782 [info] Pipenv not found via settings, cache, or PATH
2026-09-18 09:30:29.783 [info] Found 0 pipenv environments
2026-09-18 09:30:29.953 [info] Discovered env: /usr/bin/python3
2026-09-18 09:30:29.999 [info] Poetry executable not found
