2026-09-22 14:42:57.627 [info] [main] Log level: Info
2026-09-22 14:42:57.627 [info] [main] Validating found git in: "git"
2026-09-22 14:42:57.627 [info] [main] Using git "2.34.1" from "git"
2026-09-22 14:42:57.627 [info] [Model][doInitialScan] Initial repository scan started
2026-09-22 14:42:57.627 [info] > git rev-parse --show-toplevel [31ms]
2026-09-22 14:42:57.627 [info] fatal: not a git repository (or any of the parent directories): .git
2026-09-22 14:42:57.627 [info] > git rev-parse --show-toplevel [7ms]
2026-09-22 14:42:57.627 [info] fatal: not a git repository (or any of the parent directories): .git
2026-09-22 14:42:57.627 [info] > git rev-parse --show-toplevel [5ms]
2026-09-22 14:42:57.627 [info] fatal: not a git repository (or any of the parent directories): .git
2026-09-22 14:42:57.627 [info] > git rev-parse --show-toplevel [7ms]
2026-09-22 14:42:57.627 [info] fatal: not a git repository (or any of the parent directories): .git
2026-09-22 14:42:57.627 [info] > git rev-parse --show-toplevel [7ms]
2026-09-22 14:42:57.627 [info] fatal: not a git repository (or any of the parent directories): .git
2026-09-22 14:42:57.627 [info] > git rev-parse --show-toplevel [5ms]
2026-09-22 14:42:57.627 [info] fatal: not a git repository (or any of the parent directories): .git
2026-09-22 14:42:57.627 [info] > git rev-parse --show-toplevel [4ms]
2026-09-22 14:42:57.627 [info] fatal: not a git repository (or any of the parent directories): .git
2026-09-22 14:42:57.627 [info] [Model][doInitialScan] Initial repository scan completed - repositories (0), closed repositories (0), parent repositories (0), unsafe repositories (0)
2026-09-22 14:42:58.416 [info] > git rev-parse --show-toplevel [4ms]
2026-09-22 14:42:58.416 [info] fatal: not a git repository (or any of the parent directories): .git
2026-09-22 14:43:00.054 [info] > git rev-parse --show-toplevel [5ms]
2026-09-22 14:43:00.054 [info] fatal: not a git repository (or any of the parent directories): .git
2026-09-22 14:46:13.531 [info] > git rev-parse --show-toplevel [5ms]
2026-09-22 14:46:13.531 [info] fatal: not a git repository (or any of the parent directories): .git
2026-09-22 14:47:21.615 [info] > git rev-parse --show-toplevel [5ms]
2026-09-22 14:47:21.615 [info] fatal: not a git repository (or any of the parent directories): .git
