2026-09-18 09:31:59.331 [info] Python-envs extension version: 1.36.0
2026-09-18 09:31:59.331 [info] 
=== Python Envs Configuration Levels ===
2026-09-18 09:31:59.331 [info] {
  "section": "Python Envs Configuration Levels",
  "defaultEnvManager": {
    "workspaceFolderValue": "undefined",
    "workspaceValue": "undefined",
    "globalValue": "undefined",
    "defaultValue": "ms-python.python:venv"
  },
  "defaultPackageManager": {
    "workspaceFolderValue": "undefined",
    "workspaceValue": "undefined",
    "globalValue": "undefined",
    "defaultValue": "ms-python.python:pip"
  }
}
2026-09-18 09:31:59.331 [info] [pet] Starting Python Locator /home/ubuntu/.vscode-server/extensions/ms-python.vscode-python-envs-1.36.0-linux-arm64/python-env-tools/bin/pet server
2026-09-18 09:31:59.331 [info] Registering pyenv manager (environments will be discovered lazily)
2026-09-18 09:31:59.331 [info] Registering pipenv manager (environments will be discovered lazily)
2026-09-18 09:31:59.331 [info] Registering poetry manager (environments will be discovered lazily)
2026-09-18 09:31:59.378 [info] [pet] configure: Sending configuration update: {"workspaceDirectories":["/home/ubuntu/ros2_ws/jerro_navigation"],"environmentDirectories":["/home/ubuntu/ros2_ws/jerro_navigation/.venv","/home/ubuntu/ros2_ws/jerro_navigation/*/.venv"],"pipenvExecutable":"pipenv","poetryExecutable":"poetry","cacheDirectory":"/home/ubuntu/.vscode-server/data/User/globalStorage/ms-python.vscode-python-envs/pythonLocator"}
2026-09-18 09:31:59.735 [info] Refreshing Pyenv Environments
2026-09-18 09:31:59.735 [info] Refreshing pyenv environments
2026-09-18 09:31:59.735 [info] Refreshing Pipenv Environments
2026-09-18 09:31:59.735 [info] Refreshing pipenv environments
2026-09-18 09:31:59.735 [info] Refreshing Poetry Environments
2026-09-18 09:31:59.735 [info] Refreshing poetry environments
2026-09-18 09:31:59.919 [info] Discovered env: /usr/bin/python3
2026-09-18 09:31:59.983 [info] Conda not found, turning off conda features. [Error: Conda not found
	at L (/home/ubuntu/.vscode-server/extensions/ms-python.vscode-python-envs-1.36.0-linux-arm64/dist/extension.js:2:629081)
	at runNextTicks (node:internal/process/task_queues:65:5)
	at process.processImmediate (node:internal/timers:472:9)
	at async V (/home/ubuntu/.vscode-server/extensions/ms-python.vscode-python-envs-1.36.0-linux-arm64/dist/extension.js:2:629206)
	at async t.registerCondaFeatures (/home/ubuntu/.vscode-server/extensions/ms-python.vscode-python-envs-1.36.0-linux-arm64/dist/extension.js:2:648591)
	at async t.safeRegister (/home/ubuntu/.vscode-server/extensions/ms-python.vscode-python-envs-1.36.0-linux-arm64/dist/extension.js:2:290365)
	at async Promise.all (index 1)
	at async Immediate.<anonymous> (/home/ubuntu/.vscode-server/extensions/ms-python.vscode-python-envs-1.36.0-linux-arm64/dist/extension.js:2:782813)]
2026-09-18 09:32:00.005 [info] [interpreterSelection] Applying initial environment selection for 1 workspace folder(s)
2026-09-18 09:32:00.103 [info] Discovered env: /usr/bin/python3
2026-09-18 09:32:00.190 [info] [SYS_SET] scope=/home/ubuntu/ros2_ws/jerro_navigation, project=/home/ubuntu/ros2_ws/jerro_navigation, normalizedKey=/home/ubuntu/ros2_ws/jerro_navigation, env=Python 3.10.12.final.0-k0dw41eziz
2026-09-18 09:32:00.239 [info] Python API: Changed environment from undefined to Python 3.10.12.final.0 for: /home/ubuntu/ros2_ws/jerro_navigation
2026-09-18 09:32:00.239 [info] Internal: Changed environment from undefined to Python 3.10.12.final.0 for: /home/ubuntu/ros2_ws/jerro_navigation
2026-09-18 09:32:00.244 [info] [interpreterSelection] jerro_navigation: Python 3.10.12.final.0 (source: autoDiscovery)
2026-09-18 09:32:00.244 [info] [interpreterSelection] Workspace env resolved, deferring global scope to background
2026-09-18 09:32:00.365 [info] Discovered env: /usr/bin/python3
2026-09-18 09:32:00.371 [info] Refreshing pyenv environments
2026-09-18 09:32:00.449 [info] Python API: Changed environment from undefined to Python 3.10.12.final.0 for: global
2026-09-18 09:32:00.449 [info] Internal: Changed environment from undefined to Python 3.10.12.final.0 for: global
2026-09-18 09:32:00.449 [info] [interpreterSelection] global: Python 3.10.12.final.0 (source: autoDiscovery)
2026-09-18 09:32:00.492 [info] Pipenv not found via settings, cache, or PATH
2026-09-18 09:32:00.498 [info] Refreshing pipenv environments
2026-09-18 09:32:00.536 [info] Pipenv not found via settings, cache, or PATH
2026-09-18 09:32:00.536 [info] Found 0 pipenv environments
2026-09-18 09:32:00.559 [info] Pipenv not found via settings, cache, or PATH
2026-09-18 09:32:00.585 [info] Refreshing poetry environments
2026-09-18 09:32:00.592 [info] Poetry executable not found
2026-09-18 09:32:00.600 [info] Discovered env: /usr/bin/python3
2026-09-18 09:32:00.602 [info] Environment discovery complete: 1 environments found (Global: 1)
2026-09-18 09:32:04.413 [info] Discovered env: /usr/bin/python3
2026-09-18 09:32:07.482 [info] Discovered env: /usr/bin/python3
2026-09-18 09:32:07.834 [info] Pipenv not found via settings, cache, or PATH
2026-09-18 09:32:07.835 [info] Found 0 pipenv environments
2026-09-18 09:32:07.845 [info] Discovered env: /usr/bin/python3
2026-09-18 09:32:07.892 [info] Poetry executable not found
2026-09-18 09:32:19.170 [info] Resolved Python Environment /usr/bin/python3
2026-09-18 09:32:19.308 [info] Resolved Python Environment /usr/bin/python3
2026-09-18 09:32:19.406 [info] Resolved Python Environment /usr/bin/python3
2026-09-18 09:32:19.516 [info] Resolved Python Environment /usr/bin/python3
2026-09-18 09:32:19.648 [info] Resolved Python Environment /usr/bin/python3
2026-09-18 09:32:19.749 [info] Resolved Python Environment /usr/bin/python3
2026-09-18 09:32:19.880 [info] Resolved Python Environment /usr/bin/python3
2026-09-18 09:32:20.011 [info] Resolved Python Environment /usr/bin/python3
2026-09-18 09:32:20.132 [info] Resolved Python Environment /usr/bin/python3
2026-09-18 09:32:20.175 [info] Resolved Python Environment /usr/bin/python3
2026-09-18 09:33:14.867 [info] Resolved Python Environment /usr/bin/python3
2026-09-18 09:33:14.920 [info] Resolved Python Environment /usr/bin/python3
2026-09-18 09:33:14.975 [info] Resolved Python Environment /usr/bin/python3
2026-09-18 09:33:15.030 [info] Resolved Python Environment /usr/bin/python3
2026-09-18 09:33:15.083 [info] Resolved Python Environment /usr/bin/python3
2026-09-18 09:33:30.754 [info] Resolved Python Environment /usr/bin/python3
2026-09-18 09:33:30.807 [info] Resolved Python Environment /usr/bin/python3
2026-09-18 09:33:30.862 [info] Resolved Python Environment /usr/bin/python3
2026-09-18 09:33:30.918 [info] Resolved Python Environment /usr/bin/python3
2026-09-18 09:33:30.971 [info] Resolved Python Environment /usr/bin/python3
2026-09-18 09:33:33.809 [info] Resolved Python Environment /usr/bin/python3
2026-09-18 09:33:33.907 [info] Resolved Python Environment /usr/bin/python3
2026-09-18 09:33:33.963 [info] Resolved Python Environment /usr/bin/python3
2026-09-18 09:33:34.069 [info] Resolved Python Environment /usr/bin/python3
2026-09-18 09:33:34.146 [info] Resolved Python Environment /usr/bin/python3
2026-09-18 09:36:54.808 [info] Resolved Python Environment /usr/bin/python3
2026-09-18 09:36:54.866 [info] Resolved Python Environment /usr/bin/python3
2026-09-18 09:36:54.923 [info] Resolved Python Environment /usr/bin/python3
2026-09-18 09:36:54.983 [info] Resolved Python Environment /usr/bin/python3
2026-09-18 09:36:55.042 [info] Resolved Python Environment /usr/bin/python3
