2026-09-22 14:15:41.042 [info] Python-envs extension version: 1.36.0
2026-09-22 14:15:41.042 [info] 
=== Python Envs Configuration Levels ===
2026-09-22 14:15:41.042 [info] {
  "section": "Python Envs Configuration Levels",
  "defaultEnvManager": {
    "workspaceFolderValue": "undefined",
    "workspaceValue": "undefined",
    "globalValue": "undefined",
    "defaultValue": "ms-python.python:venv"
  },
  "defaultPackageManager": {
    "workspaceFolderValue": "undefined",
    "workspaceValue": "undefined",
    "globalValue": "undefined",
    "defaultValue": "ms-python.python:pip"
  }
}
2026-09-22 14:15:41.042 [info] [pet] Starting Python Locator /home/ubuntu/.vscode-server/extensions/ms-python.vscode-python-envs-1.36.0-linux-arm64/python-env-tools/bin/pet server
2026-09-22 14:15:41.042 [info] Registering pyenv manager (environments will be discovered lazily)
2026-09-22 14:15:41.042 [info] Registering pipenv manager (environments will be discovered lazily)
2026-09-22 14:15:41.042 [info] Registering poetry manager (environments will be discovered lazily)
2026-09-22 14:15:41.116 [warning] No workspace folder for relative search path: .venv
2026-09-22 14:15:41.116 [warning] No workspace folder for relative search path: */.venv
2026-09-22 14:15:41.118 [info] [pet] configure: Sending configuration update: {"workspaceDirectories":[],"environmentDirectories":[],"pipenvExecutable":"pipenv","poetryExecutable":"poetry","cacheDirectory":"/home/ubuntu/.vscode-server/data/User/globalStorage/ms-python.vscode-python-envs/pythonLocator"}
2026-09-22 14:15:41.270 [info] Discovered env: /usr/bin/python3
2026-09-22 14:15:41.583 [info] Refreshing Pyenv Environments
2026-09-22 14:15:41.583 [info] Refreshing pyenv environments
2026-09-22 14:15:41.583 [info] Refreshing Pipenv Environments
2026-09-22 14:15:41.583 [info] Refreshing pipenv environments
2026-09-22 14:15:41.583 [info] Refreshing Poetry Environments
2026-09-22 14:15:41.583 [info] Refreshing poetry environments
2026-09-22 14:15:41.604 [warning] No workspace folder for relative search path: .venv
2026-09-22 14:15:41.604 [warning] No workspace folder for relative search path: */.venv
2026-09-22 14:15:41.609 [info] Conda not found, turning off conda features. [Error: Conda not found
	at L (/home/ubuntu/.vscode-server/extensions/ms-python.vscode-python-envs-1.36.0-linux-arm64/dist/extension.js:2:629081)
	at runNextTicks (node:internal/process/task_queues:65:5)
	at process.processImmediate (node:internal/timers:472:9)
	at async V (/home/ubuntu/.vscode-server/extensions/ms-python.vscode-python-envs-1.36.0-linux-arm64/dist/extension.js:2:629206)
	at async t.registerCondaFeatures (/home/ubuntu/.vscode-server/extensions/ms-python.vscode-python-envs-1.36.0-linux-arm64/dist/extension.js:2:648591)
	at async t.safeRegister (/home/ubuntu/.vscode-server/extensions/ms-python.vscode-python-envs-1.36.0-linux-arm64/dist/extension.js:2:290365)
	at async Promise.all (index 1)
	at async Immediate.<anonymous> (/home/ubuntu/.vscode-server/extensions/ms-python.vscode-python-envs-1.36.0-linux-arm64/dist/extension.js:2:782813)]
2026-09-22 14:15:41.627 [info] [interpreterSelection] Applying initial environment selection for 0 workspace folder(s)
2026-09-22 14:15:41.649 [warning] No workspace folder for relative search path: .venv
2026-09-22 14:15:41.649 [warning] No workspace folder for relative search path: */.venv
2026-09-22 14:15:42.007 [info] Discovered env: /usr/bin/python3
2026-09-22 14:15:42.019 [info] Resolved Python Environment /usr/bin/python3
2026-09-22 14:15:42.139 [warning] No workspace folder for relative search path: .venv
2026-09-22 14:15:42.139 [warning] No workspace folder for relative search path: */.venv
2026-09-22 14:15:42.239 [info] Python API: Changed environment from undefined to Python 3.10.12.final.0 for: global
2026-09-22 14:15:42.240 [info] Internal: Changed environment from undefined to Python 3.10.12.final.0 for: global
2026-09-22 14:15:42.240 [info] [interpreterSelection] global: Python 3.10.12.final.0 (source: autoDiscovery)
2026-09-22 14:15:42.446 [info] Discovered env: /usr/bin/python3
2026-09-22 14:15:42.458 [warning] No workspace folder for relative search path: .venv
2026-09-22 14:15:42.458 [warning] No workspace folder for relative search path: */.venv
2026-09-22 14:15:42.487 [info] Refreshing pyenv environments
2026-09-22 14:15:42.584 [info] Pipenv not found via settings, cache, or PATH
2026-09-22 14:15:42.587 [info] Refreshing pipenv environments
2026-09-22 14:15:42.593 [info] Pipenv not found via settings, cache, or PATH
2026-09-22 14:15:42.594 [info] Found 0 pipenv environments
2026-09-22 14:15:42.604 [info] Pipenv not found via settings, cache, or PATH
2026-09-22 14:15:42.630 [info] Refreshing poetry environments
2026-09-22 14:15:42.638 [info] Poetry executable not found
2026-09-22 14:15:42.650 [info] Discovered env: /usr/bin/python3
2026-09-22 14:15:42.657 [info] Environment discovery complete: 1 environments found (Global: 1)
2026-09-22 14:15:42.725 [warning] No workspace folder for relative search path: .venv
2026-09-22 14:15:42.725 [warning] No workspace folder for relative search path: */.venv
2026-09-22 14:15:43.159 [info] Discovered env: /usr/bin/python3
2026-09-22 14:15:44.797 [warning] No workspace folder for relative search path: .venv
2026-09-22 14:15:44.797 [warning] No workspace folder for relative search path: */.venv
2026-09-22 14:15:48.505 [info] Discovered env: /usr/bin/python3
2026-09-22 14:15:49.487 [info] Pipenv not found via settings, cache, or PATH
2026-09-22 14:15:49.487 [info] Found 0 pipenv environments
2026-09-22 14:15:49.518 [info] Poetry executable not found
