2026-09-18 09:25:32.360 [info] [main] Log level: Info
2026-09-18 09:25:32.360 [info] [main] Validating found git in: "git"
2026-09-18 09:25:32.361 [info] [main] Using git "2.34.1" from "git"
2026-09-18 09:25:32.361 [info] [Model][doInitialScan] Initial repository scan started
2026-09-18 09:25:32.362 [info] > git rev-parse --show-toplevel [48ms]
2026-09-18 09:25:32.362 [info] fatal: not a git repository (or any of the parent directories): .git
2026-09-18 09:25:32.502 [info] > git rev-parse --show-toplevel [142ms]
2026-09-18 09:25:32.502 [info] fatal: not a git repository (or any of the parent directories): .git
2026-09-18 09:25:32.609 [info] > git rev-parse --show-toplevel [66ms]
2026-09-18 09:25:32.609 [info] fatal: not a git repository (or any of the parent directories): .git
2026-09-18 09:25:32.638 [info] > git rev-parse --show-toplevel [6ms]
2026-09-18 09:25:32.638 [info] fatal: not a git repository (or any of the parent directories): .git
2026-09-18 09:25:32.665 [info] > git rev-parse --show-toplevel [5ms]
2026-09-18 09:25:32.709 [info] > git rev-parse --git-dir --git-common-dir --show-superproject-working-tree [19ms]
2026-09-18 09:25:32.848 [info] [Model][openRepository] Opened repository (path): /home/ubuntu/ros2_ws/src/jerro
2026-09-18 09:25:32.848 [info] [Model][openRepository] Opened repository (real path): /home/ubuntu/ros2_ws/src/jerro
2026-09-18 09:25:32.848 [info] [Model][openRepository] Opened repository (kind): repository
2026-09-18 09:25:32.984 [info] > git config --get commit.template [33ms]
2026-09-18 09:25:32.987 [info] > git config --get --local core.virtualfilesystem [75ms]
2026-09-18 09:25:32.988 [warning] [Git][config] git config failed: Failed to execute git
2026-09-18 09:25:33.020 [info] > git rev-parse --show-toplevel [46ms]
2026-09-18 09:25:33.020 [info] fatal: not a git repository (or any of the parent directories): .git
2026-09-18 09:25:33.031 [info] [Model][doInitialScan] Initial repository scan completed - repositories (1), closed repositories (0), parent repositories (0), unsafe repositories (0)
2026-09-18 09:25:33.034 [info] > git for-each-ref --format=%(refname)%00%(upstream:short)%00%(objectname)%00%(upstream:track)%00%(upstream:remotename)%00%(upstream:remoteref) refs/heads/main refs/remotes/main [16ms]
2026-09-18 09:25:33.054 [warning] [Git][revParse] Unable to read file: ENOENT: no such file or directory, open '/home/ubuntu/ros2_ws/src/jerro/.git/refs/remotes/origin/main'
2026-09-18 09:25:33.060 [info] > git rev-parse refs/remotes/origin/main [6ms]
2026-09-18 09:25:33.111 [info] > git status -z -uall [27ms]
2026-09-18 09:25:33.116 [info] > git for-each-ref --sort -committerdate --format %(refname)%00%(objectname)%00%(*objectname) [8ms]
2026-09-18 09:25:33.346 [info] > git config --get commit.template [31ms]
2026-09-18 09:25:33.346 [info] > git for-each-ref --format=%(refname)%00%(upstream:short)%00%(objectname)%00%(upstream:track)%00%(upstream:remotename)%00%(upstream:remoteref) refs/heads/main refs/remotes/main [63ms]
2026-09-18 09:25:33.392 [info] > git config --get --local branch.main.vscode-merge-base [26ms]
2026-09-18 09:25:33.392 [warning] [Git][config] git config failed: Failed to execute git
2026-09-18 09:25:33.415 [info] > git for-each-ref --format=%(refname)%00%(upstream:short)%00%(objectname)%00%(upstream:track)%00%(upstream:remotename)%00%(upstream:remoteref) refs/heads/main refs/remotes/main [27ms]
2026-09-18 09:25:33.436 [warning] [Git][revParse] Unable to read file: ENOENT: no such file or directory, open '/home/ubuntu/ros2_ws/src/jerro/.git/refs/remotes/origin/main'
2026-09-18 09:25:33.438 [info] > git reflog main --grep-reflog=branch: Created from *. [26ms]
2026-09-18 09:25:33.460 [info] > git rev-parse refs/remotes/origin/main [24ms]
2026-09-18 09:25:33.526 [info] > git status -z -uall [46ms]
2026-09-18 09:25:33.527 [info] > git check-ignore -v -z --stdin [5ms]
2026-09-18 09:25:33.531 [info] > git for-each-ref --sort -committerdate --format %(refname)%00%(objectname)%00%(*objectname) [32ms]
2026-09-18 09:25:33.545 [info] > git symbolic-ref --short refs/remotes/origin/HEAD [86ms]
2026-09-18 09:25:33.569 [info] > git for-each-ref --format=%(refname)%00%(upstream:short)%00%(objectname)%00%(upstream:track)%00%(upstream:remotename)%00%(upstream:remoteref) refs/heads/origin/main refs/remotes/origin/main [5ms]
2026-09-18 09:25:33.598 [info] > git config --add --local branch.main.vscode-merge-base origin/main [8ms]
2026-09-18 09:25:33.648 [info] > git config --get commit.template [25ms]
2026-09-18 09:25:33.652 [info] > git for-each-ref --format=%(refname)%00%(upstream:short)%00%(objectname)%00%(upstream:track)%00%(upstream:remotename)%00%(upstream:remoteref) refs/heads/main refs/remotes/main [10ms]
2026-09-18 09:25:33.672 [warning] [Git][revParse] Unable to read file: ENOENT: no such file or directory, open '/home/ubuntu/ros2_ws/src/jerro/.git/refs/remotes/origin/main'
2026-09-18 09:25:33.678 [info] > git rev-parse refs/remotes/origin/main [6ms]
2026-09-18 09:25:33.720 [info] > git status -z -uall [22ms]
2026-09-18 09:25:33.727 [info] > git for-each-ref --sort -committerdate --format %(refname)%00%(objectname)%00%(*objectname) [9ms]
2026-09-18 09:25:33.784 [info] > git merge-base refs/heads/main refs/remotes/origin/main [25ms]
2026-09-18 09:25:33.815 [info] > git merge-base refs/heads/main refs/remotes/origin/main [33ms]
2026-09-18 09:25:33.837 [info] > git diff --raw --numstat --diff-filter=ADMR -z --find-renames=50% 69f13f102dd54e6d5f826f124bc5d20eb682f60c...refs/remotes/origin/main -- [27ms]
2026-09-18 09:25:33.842 [info] > git diff --raw --numstat --diff-filter=ADMR -z --find-renames=50% 69f13f102dd54e6d5f826f124bc5d20eb682f60c...refs/remotes/origin/main -- [7ms]
