2026-09-21 18:16:39.696 [info] Python-envs extension version: 1.36.0
2026-09-21 18:16:39.696 [info] 
=== Python Envs Configuration Levels ===
2026-09-21 18:16:39.696 [info] {
  "section": "Python Envs Configuration Levels",
  "defaultEnvManager": {
    "workspaceFolderValue": "undefined",
    "workspaceValue": "undefined",
    "globalValue": "undefined",
    "defaultValue": "ms-python.python:venv"
  },
  "defaultPackageManager": {
    "workspaceFolderValue": "undefined",
    "workspaceValue": "undefined",
    "globalValue": "undefined",
    "defaultValue": "ms-python.python:pip"
  }
}
2026-09-21 18:16:39.696 [info] [pet] Starting Python Locator /home/ubuntu/.vscode-server/extensions/ms-python.vscode-python-envs-1.36.0-linux-arm64/python-env-tools/bin/pet server
2026-09-21 18:16:39.696 [info] Registering pyenv manager (environments will be discovered lazily)
2026-09-21 18:16:39.696 [info] Registering pipenv manager (environments will be discovered lazily)
2026-09-21 18:16:39.696 [info] Registering poetry manager (environments will be discovered lazily)
2026-09-21 18:16:39.736 [warning] No workspace folder for relative search path: .venv
2026-09-21 18:16:39.736 [warning] No workspace folder for relative search path: */.venv
2026-09-21 18:16:39.738 [info] [pet] configure: Sending configuration update: {"workspaceDirectories":[],"environmentDirectories":[],"pipenvExecutable":"pipenv","poetryExecutable":"poetry","cacheDirectory":"/home/ubuntu/.vscode-server/data/User/globalStorage/ms-python.vscode-python-envs/pythonLocator"}
2026-09-21 18:16:40.342 [info] Refreshing Pyenv Environments
2026-09-21 18:16:40.342 [info] Refreshing pyenv environments
2026-09-21 18:16:40.342 [info] Refreshing Pipenv Environments
2026-09-21 18:16:40.342 [info] Refreshing pipenv environments
2026-09-21 18:16:40.342 [info] Refreshing Poetry Environments
2026-09-21 18:16:40.342 [info] Refreshing poetry environments
2026-09-21 18:16:40.354 [info] Discovered env: /usr/bin/python3
2026-09-21 18:16:40.367 [warning] No workspace folder for relative search path: .venv
2026-09-21 18:16:40.367 [warning] No workspace folder for relative search path: */.venv
2026-09-21 18:16:40.371 [info] Conda not found, turning off conda features. [Error: Conda not found
	at L (/home/ubuntu/.vscode-server/extensions/ms-python.vscode-python-envs-1.36.0-linux-arm64/dist/extension.js:2:629081)
	at async V (/home/ubuntu/.vscode-server/extensions/ms-python.vscode-python-envs-1.36.0-linux-arm64/dist/extension.js:2:629206)
	at async t.registerCondaFeatures (/home/ubuntu/.vscode-server/extensions/ms-python.vscode-python-envs-1.36.0-linux-arm64/dist/extension.js:2:648591)
	at async t.safeRegister (/home/ubuntu/.vscode-server/extensions/ms-python.vscode-python-envs-1.36.0-linux-arm64/dist/extension.js:2:290365)
	at async Promise.all (index 1)
	at async Immediate.<anonymous> (/home/ubuntu/.vscode-server/extensions/ms-python.vscode-python-envs-1.36.0-linux-arm64/dist/extension.js:2:782813)]
2026-09-21 18:16:40.388 [info] [interpreterSelection] Applying initial environment selection for 0 workspace folder(s)
2026-09-21 18:16:40.407 [warning] No workspace folder for relative search path: .venv
2026-09-21 18:16:40.407 [warning] No workspace folder for relative search path: */.venv
2026-09-21 18:16:40.748 [info] Discovered env: /usr/bin/python3
2026-09-21 18:16:40.755 [info] Resolved Python Environment /usr/bin/python3
2026-09-21 18:16:40.794 [warning] No workspace folder for relative search path: .venv
2026-09-21 18:16:40.794 [warning] No workspace folder for relative search path: */.venv
2026-09-21 18:16:40.851 [info] Python API: Changed environment from undefined to Python 3.10.12.final.0 for: global
2026-09-21 18:16:40.852 [info] Internal: Changed environment from undefined to Python 3.10.12.final.0 for: global
2026-09-21 18:16:40.852 [info] [interpreterSelection] global: Python 3.10.12.final.0 (source: autoDiscovery)
2026-09-21 18:16:40.912 [info] Discovered env: /usr/bin/python3
2026-09-21 18:16:40.918 [info] Refreshing pyenv environments
2026-09-21 18:16:40.977 [info] Pipenv not found via settings, cache, or PATH
2026-09-21 18:16:40.981 [info] Refreshing pipenv environments
2026-09-21 18:16:41.125 [info] Pipenv not found via settings, cache, or PATH
2026-09-21 18:16:41.125 [info] Found 0 pipenv environments
2026-09-21 18:16:41.146 [warning] No workspace folder for relative search path: .venv
2026-09-21 18:16:41.146 [warning] No workspace folder for relative search path: */.venv
2026-09-21 18:16:41.178 [info] Pipenv not found via settings, cache, or PATH
2026-09-21 18:16:41.220 [info] Refreshing poetry environments
2026-09-21 18:16:41.240 [info] Poetry executable not found
2026-09-21 18:16:41.263 [info] Environment discovery complete: 1 environments found (Global: 1)
2026-09-21 18:16:41.296 [info] Discovered env: /usr/bin/python3
2026-09-21 18:16:42.751 [warning] No workspace folder for relative search path: .venv
2026-09-21 18:16:42.752 [warning] No workspace folder for relative search path: */.venv
2026-09-21 18:16:46.414 [info] Discovered env: /usr/bin/python3
2026-09-21 18:16:46.478 [warning] No workspace folder for relative search path: .venv
2026-09-21 18:16:46.478 [warning] No workspace folder for relative search path: */.venv
2026-09-21 18:16:46.945 [info] Discovered env: /usr/bin/python3
2026-09-21 18:16:47.052 [info] Pipenv not found via settings, cache, or PATH
2026-09-21 18:16:47.052 [info] Found 0 pipenv environments
2026-09-21 18:16:47.065 [info] Poetry executable not found
