2026-09-18 09:31:19.144 [info] Python-envs extension version: 1.36.0
2026-09-18 09:31:19.144 [info] 
=== Python Envs Configuration Levels ===
2026-09-18 09:31:19.144 [info] {
  "section": "Python Envs Configuration Levels",
  "defaultEnvManager": {
    "workspaceFolderValue": "undefined",
    "workspaceValue": "undefined",
    "globalValue": "undefined",
    "defaultValue": "ms-python.python:venv"
  },
  "defaultPackageManager": {
    "workspaceFolderValue": "undefined",
    "workspaceValue": "undefined",
    "globalValue": "undefined",
    "defaultValue": "ms-python.python:pip"
  }
}
2026-09-18 09:31:19.144 [info] [pet] Starting Python Locator /home/ubuntu/.vscode-server/extensions/ms-python.vscode-python-envs-1.36.0-linux-arm64/python-env-tools/bin/pet server
2026-09-18 09:31:19.144 [info] Registering pyenv manager (environments will be discovered lazily)
2026-09-18 09:31:19.144 [info] Registering pipenv manager (environments will be discovered lazily)
2026-09-18 09:31:19.144 [info] Registering poetry manager (environments will be discovered lazily)
2026-09-18 09:31:19.160 [info] [pet] configure: Sending configuration update: {"workspaceDirectories":["/home/ubuntu/ros2_ws/jerro_navigation"],"environmentDirectories":["/home/ubuntu/ros2_ws/jerro_navigation/.venv","/home/ubuntu/ros2_ws/jerro_navigation/*/.venv"],"pipenvExecutable":"pipenv","poetryExecutable":"poetry","cacheDirectory":"/home/ubuntu/.vscode-server/data/User/globalStorage/ms-python.vscode-python-envs/pythonLocator"}
2026-09-18 09:31:19.596 [info] Refreshing Pyenv Environments
2026-09-18 09:31:19.597 [info] Refreshing pyenv environments
2026-09-18 09:31:19.597 [info] Refreshing Pipenv Environments
2026-09-18 09:31:19.597 [info] Refreshing pipenv environments
2026-09-18 09:31:19.597 [info] Refreshing Poetry Environments
2026-09-18 09:31:19.597 [info] Refreshing poetry environments
2026-09-18 09:31:19.614 [info] Discovered env: /usr/bin/python3
2026-09-18 09:31:19.633 [info] Conda not found, turning off conda features. [Error: Conda not found
	at L (/home/ubuntu/.vscode-server/extensions/ms-python.vscode-python-envs-1.36.0-linux-arm64/dist/extension.js:2:629081)
	at async V (/home/ubuntu/.vscode-server/extensions/ms-python.vscode-python-envs-1.36.0-linux-arm64/dist/extension.js:2:629206)
	at async t.registerCondaFeatures (/home/ubuntu/.vscode-server/extensions/ms-python.vscode-python-envs-1.36.0-linux-arm64/dist/extension.js:2:648591)
	at async t.safeRegister (/home/ubuntu/.vscode-server/extensions/ms-python.vscode-python-envs-1.36.0-linux-arm64/dist/extension.js:2:290365)
	at async Promise.all (index 1)
	at async Immediate.<anonymous> (/home/ubuntu/.vscode-server/extensions/ms-python.vscode-python-envs-1.36.0-linux-arm64/dist/extension.js:2:782813)]
2026-09-18 09:31:19.651 [info] [interpreterSelection] Applying initial environment selection for 1 workspace folder(s)
2026-09-18 09:31:19.823 [info] Discovered env: /usr/bin/python3
2026-09-18 09:31:19.922 [info] [SYS_SET] scope=/home/ubuntu/ros2_ws/jerro_navigation, project=/home/ubuntu/ros2_ws/jerro_navigation, normalizedKey=/home/ubuntu/ros2_ws/jerro_navigation, env=Python 3.10.12.final.0-prnhdcszdao
2026-09-18 09:31:19.975 [info] Python API: Changed environment from undefined to Python 3.10.12.final.0 for: /home/ubuntu/ros2_ws/jerro_navigation
2026-09-18 09:31:19.975 [info] Internal: Changed environment from undefined to Python 3.10.12.final.0 for: /home/ubuntu/ros2_ws/jerro_navigation
2026-09-18 09:31:19.980 [info] [interpreterSelection] jerro_navigation: Python 3.10.12.final.0 (source: autoDiscovery)
2026-09-18 09:31:19.980 [info] [interpreterSelection] Workspace env resolved, deferring global scope to background
2026-09-18 09:31:20.109 [info] Discovered env: /usr/bin/python3
2026-09-18 09:31:20.117 [info] Refreshing pyenv environments
2026-09-18 09:31:20.130 [info] Python API: Changed environment from undefined to Python 3.10.12.final.0 for: global
2026-09-18 09:31:20.131 [info] Internal: Changed environment from undefined to Python 3.10.12.final.0 for: global
2026-09-18 09:31:20.131 [info] [interpreterSelection] global: Python 3.10.12.final.0 (source: autoDiscovery)
2026-09-18 09:31:20.245 [info] Pipenv not found via settings, cache, or PATH
2026-09-18 09:31:20.248 [info] Refreshing pipenv environments
2026-09-18 09:31:20.261 [info] Pipenv not found via settings, cache, or PATH
2026-09-18 09:31:20.262 [info] Found 0 pipenv environments
2026-09-18 09:31:20.293 [info] Pipenv not found via settings, cache, or PATH
2026-09-18 09:31:20.340 [info] Refreshing poetry environments
2026-09-18 09:31:20.359 [info] Poetry executable not found
2026-09-18 09:31:20.368 [info] Discovered env: /usr/bin/python3
2026-09-18 09:31:20.375 [info] Environment discovery complete: 1 environments found (Global: 1)
2026-09-18 09:31:20.600 [info] Discovered env: /usr/bin/python3
2026-09-18 09:31:21.039 [info] Discovered env: /usr/bin/python3
2026-09-18 09:31:21.098 [info] Pipenv not found via settings, cache, or PATH
2026-09-18 09:31:21.099 [info] Found 0 pipenv environments
2026-09-18 09:31:24.185 [info] Discovered env: /usr/bin/python3
2026-09-18 09:31:26.341 [info] Poetry executable not found
2026-09-18 09:34:22.785 [info] Resolved Python Environment /usr/bin/python3
2026-09-18 09:34:22.847 [info] Resolved Python Environment /usr/bin/python3
2026-09-18 09:34:22.905 [info] Resolved Python Environment /usr/bin/python3
2026-09-18 09:34:22.967 [info] Resolved Python Environment /usr/bin/python3
2026-09-18 09:34:23.023 [info] Resolved Python Environment /usr/bin/python3
2026-09-18 09:34:27.610 [info] Resolved Python Environment /usr/bin/python3
2026-09-18 09:34:27.670 [info] Resolved Python Environment /usr/bin/python3
2026-09-18 09:34:27.723 [info] Resolved Python Environment /usr/bin/python3
2026-09-18 09:34:27.784 [info] Resolved Python Environment /usr/bin/python3
2026-09-18 09:34:27.839 [info] Resolved Python Environment /usr/bin/python3
2026-09-18 09:34:57.772 [info] Resolved Python Environment /usr/bin/python3
2026-09-18 09:34:57.828 [info] Resolved Python Environment /usr/bin/python3
2026-09-18 09:34:57.884 [info] Resolved Python Environment /usr/bin/python3
2026-09-18 09:34:57.940 [info] Resolved Python Environment /usr/bin/python3
2026-09-18 09:34:58.000 [info] Resolved Python Environment /usr/bin/python3
2026-09-18 09:34:59.231 [info] Resolved Python Environment /usr/bin/python3
2026-09-18 09:34:59.304 [info] Resolved Python Environment /usr/bin/python3
2026-09-18 09:34:59.380 [info] Resolved Python Environment /usr/bin/python3
2026-09-18 09:34:59.461 [info] Resolved Python Environment /usr/bin/python3
2026-09-18 09:34:59.537 [info] Resolved Python Environment /usr/bin/python3
2026-09-18 09:35:10.507 [info] Resolved Python Environment /usr/bin/python3
2026-09-18 09:35:10.560 [info] Resolved Python Environment /usr/bin/python3
2026-09-18 09:35:10.615 [info] Resolved Python Environment /usr/bin/python3
2026-09-18 09:35:10.670 [info] Resolved Python Environment /usr/bin/python3
2026-09-18 09:35:10.728 [info] Resolved Python Environment /usr/bin/python3
2026-09-18 09:35:16.097 [info] Resolved Python Environment /usr/bin/python3
2026-09-18 09:35:16.150 [info] Resolved Python Environment /usr/bin/python3
2026-09-18 09:35:16.204 [info] Resolved Python Environment /usr/bin/python3
2026-09-18 09:35:16.261 [info] Resolved Python Environment /usr/bin/python3
2026-09-18 09:35:16.322 [info] Resolved Python Environment /usr/bin/python3
2026-09-18 09:35:19.073 [info] Resolved Python Environment /usr/bin/python3
2026-09-18 09:35:19.128 [info] Resolved Python Environment /usr/bin/python3
2026-09-18 09:35:19.254 [info] Resolved Python Environment /usr/bin/python3
2026-09-18 09:35:19.333 [info] Resolved Python Environment /usr/bin/python3
2026-09-18 09:35:19.386 [info] Resolved Python Environment /usr/bin/python3
2026-09-18 09:35:23.751 [info] Resolved Python Environment /usr/bin/python3
2026-09-18 09:35:23.874 [info] Resolved Python Environment /usr/bin/python3
2026-09-18 09:35:24.006 [info] Resolved Python Environment /usr/bin/python3
2026-09-18 09:35:24.086 [info] Resolved Python Environment /usr/bin/python3
2026-09-18 09:35:24.448 [info] Resolved Python Environment /usr/bin/python3
2026-09-18 09:35:55.969 [info] Resolved Python Environment /usr/bin/python3
2026-09-18 09:35:56.032 [info] Resolved Python Environment /usr/bin/python3
2026-09-18 09:35:56.107 [info] Resolved Python Environment /usr/bin/python3
2026-09-18 09:35:56.189 [info] Resolved Python Environment /usr/bin/python3
2026-09-18 09:35:56.317 [info] Resolved Python Environment /usr/bin/python3
2026-09-18 09:38:57.696 [info] Resolved Python Environment /usr/bin/python3
2026-09-18 09:38:57.752 [info] Resolved Python Environment /usr/bin/python3
2026-09-18 09:38:57.812 [info] Resolved Python Environment /usr/bin/python3
2026-09-18 09:38:57.872 [info] Resolved Python Environment /usr/bin/python3
2026-09-18 09:38:57.930 [info] Resolved Python Environment /usr/bin/python3
2026-09-18 09:47:02.973 [info] Resolved Python Environment /usr/bin/python3
2026-09-18 09:47:03.093 [info] Resolved Python Environment /usr/bin/python3
2026-09-18 09:47:03.227 [info] Resolved Python Environment /usr/bin/python3
2026-09-18 09:47:03.297 [info] Resolved Python Environment /usr/bin/python3
2026-09-18 09:47:03.424 [info] Resolved Python Environment /usr/bin/python3
2026-09-18 10:01:18.483 [info] Resolved Python Environment /usr/bin/python3
2026-09-18 10:01:18.541 [info] Resolved Python Environment /usr/bin/python3
2026-09-18 10:01:18.596 [info] Resolved Python Environment /usr/bin/python3
2026-09-18 10:01:18.649 [info] Resolved Python Environment /usr/bin/python3
2026-09-18 10:01:18.707 [info] Resolved Python Environment /usr/bin/python3
2026-09-18 10:02:52.180 [info] Resolved Python Environment /usr/bin/python3
2026-09-18 10:02:52.236 [info] Resolved Python Environment /usr/bin/python3
2026-09-18 10:02:52.290 [info] Resolved Python Environment /usr/bin/python3
2026-09-18 10:02:52.342 [info] Resolved Python Environment /usr/bin/python3
2026-09-18 10:02:52.403 [info] Resolved Python Environment /usr/bin/python3
2026-09-18 10:04:06.909 [info] Resolved Python Environment /usr/bin/python3
2026-09-18 10:04:06.965 [info] Resolved Python Environment /usr/bin/python3
2026-09-18 10:04:07.021 [info] Resolved Python Environment /usr/bin/python3
2026-09-18 10:04:07.132 [info] Resolved Python Environment /usr/bin/python3
2026-09-18 10:04:07.424 [info] Resolved Python Environment /usr/bin/python3
2026-09-18 10:13:27.995 [info] Resolved Python Environment /usr/bin/python3
2026-09-18 10:13:28.050 [info] Resolved Python Environment /usr/bin/python3
2026-09-18 10:13:28.104 [info] Resolved Python Environment /usr/bin/python3
2026-09-18 10:13:28.161 [info] Resolved Python Environment /usr/bin/python3
2026-09-18 10:13:28.214 [info] Resolved Python Environment /usr/bin/python3
2026-09-18 10:30:16.687 [info] Resolved Python Environment /usr/bin/python3
2026-09-18 10:30:16.741 [info] Resolved Python Environment /usr/bin/python3
2026-09-18 10:30:16.797 [info] Resolved Python Environment /usr/bin/python3
2026-09-18 10:30:16.854 [info] Resolved Python Environment /usr/bin/python3
2026-09-18 10:30:16.908 [info] Resolved Python Environment /usr/bin/python3
2026-09-18 10:30:33.150 [info] Resolved Python Environment /usr/bin/python3
2026-09-18 10:30:33.204 [info] Resolved Python Environment /usr/bin/python3
2026-09-18 10:30:33.261 [info] Resolved Python Environment /usr/bin/python3
2026-09-18 10:30:33.316 [info] Resolved Python Environment /usr/bin/python3
2026-09-18 10:30:33.372 [info] Resolved Python Environment /usr/bin/python3
2026-09-18 10:31:21.809 [info] Resolved Python Environment /usr/bin/python3
2026-09-18 10:31:21.865 [info] Resolved Python Environment /usr/bin/python3
2026-09-18 10:31:21.964 [info] Resolved Python Environment /usr/bin/python3
2026-09-18 10:31:22.175 [info] Resolved Python Environment /usr/bin/python3
2026-09-18 10:31:22.227 [info] Resolved Python Environment /usr/bin/python3
2026-09-18 10:49:12.188 [info] Resolved Python Environment /usr/bin/python3
2026-09-18 10:49:12.249 [info] Resolved Python Environment /usr/bin/python3
2026-09-18 10:49:12.323 [info] Resolved Python Environment /usr/bin/python3
2026-09-18 10:49:12.391 [info] Resolved Python Environment /usr/bin/python3
2026-09-18 10:49:12.500 [info] Resolved Python Environment /usr/bin/python3
2026-09-18 10:49:31.916 [info] Resolved Python Environment /usr/bin/python3
2026-09-18 10:49:31.998 [info] Resolved Python Environment /usr/bin/python3
2026-09-18 10:49:32.055 [info] Resolved Python Environment /usr/bin/python3
2026-09-18 10:49:32.132 [info] Resolved Python Environment /usr/bin/python3
2026-09-18 10:49:32.191 [info] Resolved Python Environment /usr/bin/python3
2026-09-18 11:03:08.381 [info] Resolved Python Environment /usr/bin/python3
2026-09-18 11:03:08.435 [info] Resolved Python Environment /usr/bin/python3
2026-09-18 11:03:08.489 [info] Resolved Python Environment /usr/bin/python3
2026-09-18 11:03:08.549 [info] Resolved Python Environment /usr/bin/python3
2026-09-18 11:03:08.602 [info] Resolved Python Environment /usr/bin/python3
2026-09-18 11:31:15.850 [info] Resolved Python Environment /usr/bin/python3
2026-09-18 11:31:16.008 [info] Resolved Python Environment /usr/bin/python3
2026-09-18 11:31:16.245 [info] Resolved Python Environment /usr/bin/python3
2026-09-18 11:31:16.306 [info] Resolved Python Environment /usr/bin/python3
2026-09-18 11:31:16.330 [info] Resolved Python Environment /usr/bin/python3
2026-09-18 11:31:16.376 [info] Resolved Python Environment /usr/bin/python3
2026-09-18 11:31:16.403 [info] Resolved Python Environment /usr/bin/python3
2026-09-18 11:31:16.455 [info] Resolved Python Environment /usr/bin/python3
2026-09-18 11:31:16.486 [info] Resolved Python Environment /usr/bin/python3
2026-09-18 11:31:16.522 [info] Resolved Python Environment /usr/bin/python3
2026-09-18 11:31:16.553 [info] Resolved Python Environment /usr/bin/python3
2026-09-18 11:31:16.579 [info] Resolved Python Environment /usr/bin/python3
2026-09-18 11:31:16.621 [info] Resolved Python Environment /usr/bin/python3
2026-09-18 11:31:16.638 [info] Resolved Python Environment /usr/bin/python3
2026-09-18 11:31:16.666 [info] Resolved Python Environment /usr/bin/python3
2026-09-18 11:31:17.576 [info] Resolved Python Environment /usr/bin/python3
2026-09-18 11:31:17.656 [info] Resolved Python Environment /usr/bin/python3
2026-09-18 11:31:21.127 [info] Resolved Python Environment /usr/bin/python3
2026-09-18 11:31:21.369 [info] Resolved Python Environment /usr/bin/python3
2026-09-18 11:31:21.978 [info] Resolved Python Environment /usr/bin/python3
2026-09-18 11:43:00.979 [info] Resolved Python Environment /usr/bin/python3
2026-09-18 11:43:01.030 [info] Resolved Python Environment /usr/bin/python3
2026-09-18 11:43:01.085 [info] Resolved Python Environment /usr/bin/python3
2026-09-18 11:43:01.137 [info] Resolved Python Environment /usr/bin/python3
2026-09-18 11:43:01.190 [info] Resolved Python Environment /usr/bin/python3
2026-09-18 11:43:15.857 [info] Resolved Python Environment /usr/bin/python3
2026-09-18 11:43:16.006 [info] Resolved Python Environment /usr/bin/python3
2026-09-18 11:43:16.085 [info] Resolved Python Environment /usr/bin/python3
2026-09-18 11:43:16.165 [info] Resolved Python Environment /usr/bin/python3
2026-09-18 11:43:16.259 [info] Resolved Python Environment /usr/bin/python3
2026-09-18 11:53:34.361 [info] Resolved Python Environment /usr/bin/python3
2026-09-18 11:53:34.427 [info] Resolved Python Environment /usr/bin/python3
2026-09-18 11:53:34.483 [info] Resolved Python Environment /usr/bin/python3
2026-09-18 11:53:34.540 [info] Resolved Python Environment /usr/bin/python3
2026-09-18 11:53:34.596 [info] Resolved Python Environment /usr/bin/python3
2026-09-18 11:53:39.762 [info] Resolved Python Environment /usr/bin/python3
2026-09-18 11:53:39.826 [info] Resolved Python Environment /usr/bin/python3
2026-09-18 11:53:39.885 [info] Resolved Python Environment /usr/bin/python3
2026-09-18 11:53:39.936 [info] Resolved Python Environment /usr/bin/python3
2026-09-18 11:53:39.991 [info] Resolved Python Environment /usr/bin/python3
2026-09-18 11:53:53.399 [info] Resolved Python Environment /usr/bin/python3
2026-09-18 11:53:53.458 [info] Resolved Python Environment /usr/bin/python3
2026-09-18 11:53:53.518 [info] Resolved Python Environment /usr/bin/python3
2026-09-18 11:53:53.570 [info] Resolved Python Environment /usr/bin/python3
2026-09-18 11:53:53.626 [info] Resolved Python Environment /usr/bin/python3
2026-09-18 11:53:54.702 [info] Resolved Python Environment /usr/bin/python3
2026-09-18 11:53:54.758 [info] Resolved Python Environment /usr/bin/python3
2026-09-18 11:53:54.812 [info] Resolved Python Environment /usr/bin/python3
2026-09-18 11:53:54.889 [info] Resolved Python Environment /usr/bin/python3
2026-09-18 11:53:54.944 [info] Resolved Python Environment /usr/bin/python3
2026-09-18 11:53:56.376 [info] Resolved Python Environment /usr/bin/python3
2026-09-18 11:53:56.429 [info] Resolved Python Environment /usr/bin/python3
2026-09-18 11:53:56.483 [info] Resolved Python Environment /usr/bin/python3
2026-09-18 11:53:56.551 [info] Resolved Python Environment /usr/bin/python3
2026-09-18 11:53:56.761 [info] Resolved Python Environment /usr/bin/python3
2026-09-18 11:57:29.848 [info] Resolved Python Environment /usr/bin/python3
2026-09-18 11:57:29.903 [info] Resolved Python Environment /usr/bin/python3
2026-09-18 11:57:29.961 [info] Resolved Python Environment /usr/bin/python3
2026-09-18 11:57:30.015 [info] Resolved Python Environment /usr/bin/python3
2026-09-18 11:57:30.068 [info] Resolved Python Environment /usr/bin/python3
2026-09-18 11:59:17.633 [info] Resolved Python Environment /usr/bin/python3
2026-09-18 11:59:17.707 [info] Resolved Python Environment /usr/bin/python3
2026-09-18 11:59:17.769 [info] Resolved Python Environment /usr/bin/python3
2026-09-18 11:59:17.842 [info] Resolved Python Environment /usr/bin/python3
2026-09-18 11:59:17.910 [info] Resolved Python Environment /usr/bin/python3
2026-09-18 12:00:48.342 [info] Resolved Python Environment /usr/bin/python3
2026-09-18 12:00:48.409 [info] Resolved Python Environment /usr/bin/python3
2026-09-18 12:00:48.463 [info] Resolved Python Environment /usr/bin/python3
2026-09-18 12:00:48.517 [info] Resolved Python Environment /usr/bin/python3
2026-09-18 12:00:48.570 [info] Resolved Python Environment /usr/bin/python3
2026-09-18 12:00:55.189 [info] Resolved Python Environment /usr/bin/python3
2026-09-18 12:00:55.257 [info] Resolved Python Environment /usr/bin/python3
2026-09-18 12:00:55.351 [info] Resolved Python Environment /usr/bin/python3
2026-09-18 12:00:55.601 [info] Resolved Python Environment /usr/bin/python3
2026-09-18 12:00:55.808 [info] Resolved Python Environment /usr/bin/python3
2026-09-18 12:01:12.375 [info] Resolved Python Environment /usr/bin/python3
2026-09-18 12:01:12.452 [info] Resolved Python Environment /usr/bin/python3
2026-09-18 12:01:12.519 [info] Resolved Python Environment /usr/bin/python3
2026-09-18 12:01:12.587 [info] Resolved Python Environment /usr/bin/python3
2026-09-18 12:01:12.673 [info] Resolved Python Environment /usr/bin/python3
2026-09-18 12:01:48.652 [info] Resolved Python Environment /usr/bin/python3
2026-09-18 12:01:48.761 [info] Resolved Python Environment /usr/bin/python3
2026-09-18 12:01:48.830 [info] Resolved Python Environment /usr/bin/python3
2026-09-18 12:01:48.905 [info] Resolved Python Environment /usr/bin/python3
2026-09-18 12:01:48.975 [info] Resolved Python Environment /usr/bin/python3
2026-09-18 12:03:27.559 [info] Resolved Python Environment /usr/bin/python3
2026-09-18 12:03:27.647 [info] Resolved Python Environment /usr/bin/python3
2026-09-18 12:03:27.716 [info] Resolved Python Environment /usr/bin/python3
2026-09-18 12:03:27.794 [info] Resolved Python Environment /usr/bin/python3
2026-09-18 12:03:27.861 [info] Resolved Python Environment /usr/bin/python3
2026-09-18 12:03:38.799 [info] Resolved Python Environment /usr/bin/python3
2026-09-18 12:03:38.852 [info] Resolved Python Environment /usr/bin/python3
2026-09-18 12:03:38.908 [info] Resolved Python Environment /usr/bin/python3
2026-09-18 12:03:38.960 [info] Resolved Python Environment /usr/bin/python3
2026-09-18 12:03:39.017 [info] Resolved Python Environment /usr/bin/python3
2026-09-18 12:03:42.845 [info] Resolved Python Environment /usr/bin/python3
2026-09-18 12:03:42.894 [info] Resolved Python Environment /usr/bin/python3
2026-09-18 12:03:42.948 [info] Resolved Python Environment /usr/bin/python3
2026-09-18 12:03:43.002 [info] Resolved Python Environment /usr/bin/python3
2026-09-18 12:03:43.058 [info] Resolved Python Environment /usr/bin/python3
2026-09-18 12:05:46.039 [info] Resolved Python Environment /usr/bin/python3
2026-09-18 12:05:46.095 [info] Resolved Python Environment /usr/bin/python3
2026-09-18 12:05:46.148 [info] Resolved Python Environment /usr/bin/python3
2026-09-18 12:05:46.206 [info] Resolved Python Environment /usr/bin/python3
2026-09-18 12:05:46.265 [info] Resolved Python Environment /usr/bin/python3
2026-09-18 12:14:03.464 [info] Resolved Python Environment /usr/bin/python3
2026-09-18 12:14:03.546 [info] Resolved Python Environment /usr/bin/python3
2026-09-18 12:14:03.629 [info] Resolved Python Environment /usr/bin/python3
2026-09-18 12:14:03.719 [info] Resolved Python Environment /usr/bin/python3
2026-09-18 12:14:03.794 [info] Resolved Python Environment /usr/bin/python3
2026-09-18 12:14:34.549 [info] Resolved Python Environment /usr/bin/python3
2026-09-18 12:14:34.779 [info] Resolved Python Environment /usr/bin/python3
2026-09-18 12:14:34.976 [info] Resolved Python Environment /usr/bin/python3
2026-09-18 12:14:35.633 [info] Resolved Python Environment /usr/bin/python3
2026-09-18 12:14:35.842 [info] Resolved Python Environment /usr/bin/python3
2026-09-18 12:27:05.414 [info] Resolved Python Environment /usr/bin/python3
2026-09-18 12:27:05.465 [info] Resolved Python Environment /usr/bin/python3
2026-09-18 12:27:05.518 [info] Resolved Python Environment /usr/bin/python3
2026-09-18 12:27:05.572 [info] Resolved Python Environment /usr/bin/python3
2026-09-18 12:27:05.627 [info] Resolved Python Environment /usr/bin/python3
2026-09-18 12:30:14.671 [info] Resolved Python Environment /usr/bin/python3
2026-09-18 12:30:14.736 [info] Resolved Python Environment /usr/bin/python3
2026-09-18 12:30:14.790 [info] Resolved Python Environment /usr/bin/python3
2026-09-18 12:30:14.846 [info] Resolved Python Environment /usr/bin/python3
2026-09-18 12:30:14.899 [info] Resolved Python Environment /usr/bin/python3
2026-09-18 12:30:25.860 [info] Resolved Python Environment /usr/bin/python3
2026-09-18 12:30:25.919 [info] Resolved Python Environment /usr/bin/python3
2026-09-18 12:30:25.974 [info] Resolved Python Environment /usr/bin/python3
2026-09-18 12:30:26.030 [info] Resolved Python Environment /usr/bin/python3
2026-09-18 12:30:26.088 [info] Resolved Python Environment /usr/bin/python3
