2026-09-21 17:59:46.568 [info] Extension host with pid 1542 started
2026-09-21 17:59:47.554 [info] ExtensionService#_doActivateExtension vscode.emmet, startup: false, activationEvent: 'onLanguage'
2026-09-21 17:59:48.562 [info] ExtensionService#_doActivateExtension vscode.git-base, startup: true, activationEvent: '*', root cause: vscode.git
2026-09-21 17:59:51.404 [info] ExtensionService#_doActivateExtension vscode.git, startup: true, activationEvent: '*'
2026-09-21 17:59:51.405 [info] ExtensionService#_doActivateExtension vscode.github, startup: true, activationEvent: '*'
2026-09-21 17:59:53.341 [info] Eager extensions activated
2026-09-21 17:59:53.343 [info] ExtensionService#_doActivateExtension vscode.debug-auto-launch, startup: false, activationEvent: 'onStartupFinished'
2026-09-21 17:59:53.346 [info] ExtensionService#_doActivateExtension vscode.merge-conflict, startup: false, activationEvent: 'onStartupFinished'
2026-09-21 17:59:59.358 [info] ExtensionService#_doActivateExtension vscode.terminal-suggest, startup: false, activationEvent: 'onTerminalShellIntegration:*'
2026-09-21 18:08:56.380 [info] ExtensionService#_doActivateExtension vscode.npm, startup: false, activationEvent: 'onTerminalQuickFixRequest:ms-vscode.npm-command'
2026-09-21 18:23:50.724 [info] ExtensionService#_doActivateExtension ms-python.python, startup: false, activationEvent: 'onLanguage:python', root cause: ms-python.debugpy
2026-09-21 18:23:50.726 [info] ExtensionService#_doActivateExtension ms-python.vscode-pylance, startup: false, activationEvent: 'onLanguage:python'
2026-09-21 18:23:50.728 [info] ExtensionService#_doActivateExtension ms-python.vscode-python-envs, startup: false, activationEvent: 'onLanguage:python'
2026-09-21 18:23:54.439 [info] ExtensionService#_doActivateExtension ms-python.debugpy, startup: false, activationEvent: 'onLanguage:python'
2026-09-21 18:24:08.866 [warning] DiagnosticCollection with name 'Pylance' does already exist.
2026-09-21 19:15:42.781 [info] Extension host terminating: renderer disconnected for too long (2)
2026-09-21 19:15:42.872 [error] An error occurred when disposing the subscriptions for extension 'ms-python.vscode-python-envs':
2026-09-21 19:15:42.873 [error] Error: Channel has been closed
	at i (file:///home/ubuntu/.vscode-server/cli/servers/Stable-645f29cc3176500b4b5762ba887cf2a7f0ffdf2c/server/out/vs/workbench/api/node/extensionHostProcess.js:549:3935)
	at Object.error (file:///home/ubuntu/.vscode-server/cli/servers/Stable-645f29cc3176500b4b5762ba887cf2a7f0ffdf2c/server/out/vs/workbench/api/node/extensionHostProcess.js:549:4394)
	at Object.dispose (/home/ubuntu/.vscode-server/extensions/ms-python.vscode-python-envs-1.36.0-linux-arm64/dist/extension.js:2:577510)
	at /home/ubuntu/.vscode-server/extensions/ms-python.vscode-python-envs-1.36.0-linux-arm64/dist/extension.js:2:576097
	at Array.forEach (<anonymous>)
	at D.dispose (/home/ubuntu/.vscode-server/extensions/ms-python.vscode-python-envs-1.36.0-linux-arm64/dist/extension.js:2:576084)
	at xn (file:///home/ubuntu/.vscode-server/cli/servers/Stable-645f29cc3176500b4b5762ba887cf2a7f0ffdf2c/server/out/vs/workbench/api/node/extensionHostProcess.js:429:736)
	at T_._fn (file:///home/ubuntu/.vscode-server/cli/servers/Stable-645f29cc3176500b4b5762ba887cf2a7f0ffdf2c/server/out/vs/workbench/api/node/extensionHostProcess.js:546:18837)
	at T_.dispose (file:///home/ubuntu/.vscode-server/cli/servers/Stable-645f29cc3176500b4b5762ba887cf2a7f0ffdf2c/server/out/vs/workbench/api/node/extensionHostProcess.js:429:1248)
	at BR._deactivate (file:///home/ubuntu/.vscode-server/cli/servers/Stable-645f29cc3176500b4b5762ba887cf2a7f0ffdf2c/server/out/vs/workbench/api/node/extensionHostProcess.js:546:15154)
	at file:///home/ubuntu/.vscode-server/cli/servers/Stable-645f29cc3176500b4b5762ba887cf2a7f0ffdf2c/server/out/vs/workbench/api/node/extensionHostProcess.js:546:12456
	at Array.map (<anonymous>)
	at BR._deactivateAll (file:///home/ubuntu/.vscode-server/cli/servers/Stable-645f29cc3176500b4b5762ba887cf2a7f0ffdf2c/server/out/vs/workbench/api/node/extensionHostProcess.js:546:12444)
	at BR.terminate (file:///home/ubuntu/.vscode-server/cli/servers/Stable-645f29cc3176500b4b5762ba887cf2a7f0ffdf2c/server/out/vs/workbench/api/node/extensionHostProcess.js:546:12795)
	at r.terminate (file:///home/ubuntu/.vscode-server/cli/servers/Stable-645f29cc3176500b4b5762ba887cf2a7f0ffdf2c/server/out/vs/workbench/api/node/extensionHostProcess.js:548:1072)
	at ma (file:///home/ubuntu/.vscode-server/cli/servers/Stable-645f29cc3176500b4b5762ba887cf2a7f0ffdf2c/server/out/vs/workbench/api/node/extensionHostProcess.js:851:11797)
	at wv.runner (file:///home/ubuntu/.vscode-server/cli/servers/Stable-645f29cc3176500b4b5762ba887cf2a7f0ffdf2c/server/out/vs/workbench/api/node/extensionHostProcess.js:851:8626)
	at wv.onInterval (file:///home/ubuntu/.vscode-server/cli/servers/Stable-645f29cc3176500b4b5762ba887cf2a7f0ffdf2c/server/out/vs/workbench/api/node/extensionHostProcess.js:432:79082)
	at listOnTimeout (node:internal/timers:605:17)
	at process.processTimers (node:internal/timers:541:7)
2026-09-21 19:15:42.885 [error] TypeError: Cannot read properties of undefined (reading 'subscriptions')
	at Object.re [as deactivate] (/home/ubuntu/.vscode-server/extensions/ms-python.vscode-python-envs-1.36.0-linux-arm64/dist/extension.js:2:770294)
	at BR._deactivate (file:///home/ubuntu/.vscode-server/cli/servers/Stable-645f29cc3176500b4b5762ba887cf2a7f0ffdf2c/server/out/vs/workbench/api/node/extensionHostProcess.js:546:14929)
	at file:///home/ubuntu/.vscode-server/cli/servers/Stable-645f29cc3176500b4b5762ba887cf2a7f0ffdf2c/server/out/vs/workbench/api/node/extensionHostProcess.js:546:12456
	at Array.map (<anonymous>)
	at BR._deactivateAll (file:///home/ubuntu/.vscode-server/cli/servers/Stable-645f29cc3176500b4b5762ba887cf2a7f0ffdf2c/server/out/vs/workbench/api/node/extensionHostProcess.js:546:12444)
	at BR.terminate (file:///home/ubuntu/.vscode-server/cli/servers/Stable-645f29cc3176500b4b5762ba887cf2a7f0ffdf2c/server/out/vs/workbench/api/node/extensionHostProcess.js:546:12795)
	at r.terminate (file:///home/ubuntu/.vscode-server/cli/servers/Stable-645f29cc3176500b4b5762ba887cf2a7f0ffdf2c/server/out/vs/workbench/api/node/extensionHostProcess.js:548:1072)
	at ma (file:///home/ubuntu/.vscode-server/cli/servers/Stable-645f29cc3176500b4b5762ba887cf2a7f0ffdf2c/server/out/vs/workbench/api/node/extensionHostProcess.js:851:11797)
	at wv.runner (file:///home/ubuntu/.vscode-server/cli/servers/Stable-645f29cc3176500b4b5762ba887cf2a7f0ffdf2c/server/out/vs/workbench/api/node/extensionHostProcess.js:851:8626)
	at wv.onInterval (file:///home/ubuntu/.vscode-server/cli/servers/Stable-645f29cc3176500b4b5762ba887cf2a7f0ffdf2c/server/out/vs/workbench/api/node/extensionHostProcess.js:432:79082)
	at listOnTimeout (node:internal/timers:605:17)
	at process.processTimers (node:internal/timers:541:7)
2026-09-21 19:15:42.891 [info] Extension host with pid 1542 exiting with code 0
