2026-09-18 09:39:53.838 [info] Python-envs extension version: 1.36.0
2026-09-18 09:39:53.838 [info] 
=== Python Envs Configuration Levels ===
2026-09-18 09:39:53.838 [info] {
  "section": "Python Envs Configuration Levels",
  "defaultEnvManager": {
    "workspaceFolderValue": "undefined",
    "workspaceValue": "undefined",
    "globalValue": "undefined",
    "defaultValue": "ms-python.python:venv"
  },
  "defaultPackageManager": {
    "workspaceFolderValue": "undefined",
    "workspaceValue": "undefined",
    "globalValue": "undefined",
    "defaultValue": "ms-python.python:pip"
  }
}
2026-09-18 09:39:53.838 [info] [pet] Starting Python Locator /home/ubuntu/.vscode-server/extensions/ms-python.vscode-python-envs-1.36.0-linux-arm64/python-env-tools/bin/pet server
2026-09-18 09:39:53.838 [info] Registering pyenv manager (environments will be discovered lazily)
2026-09-18 09:39:53.839 [info] Registering pipenv manager (environments will be discovered lazily)
2026-09-18 09:39:53.839 [info] Registering poetry manager (environments will be discovered lazily)
2026-09-18 09:39:53.879 [info] [pet] configure: Sending configuration update: {"workspaceDirectories":["/home/ubuntu/ros2_ws/src"],"environmentDirectories":["/home/ubuntu/ros2_ws/src/.venv","/home/ubuntu/ros2_ws/src/*/.venv"],"pipenvExecutable":"pipenv","poetryExecutable":"poetry","cacheDirectory":"/home/ubuntu/.vscode-server/data/User/globalStorage/ms-python.vscode-python-envs/pythonLocator"}
2026-09-18 09:39:54.331 [info] Refreshing Pyenv Environments
2026-09-18 09:39:54.332 [info] Refreshing pyenv environments
2026-09-18 09:39:54.332 [info] Refreshing Pipenv Environments
2026-09-18 09:39:54.332 [info] Refreshing pipenv environments
2026-09-18 09:39:54.332 [info] Refreshing Poetry Environments
2026-09-18 09:39:54.332 [info] Refreshing poetry environments
2026-09-18 09:39:54.342 [info] Discovered env: /usr/bin/python3
2026-09-18 09:39:54.362 [info] Conda not found, turning off conda features. [Error: Conda not found
	at L (/home/ubuntu/.vscode-server/extensions/ms-python.vscode-python-envs-1.36.0-linux-arm64/dist/extension.js:2:629081)
	at async V (/home/ubuntu/.vscode-server/extensions/ms-python.vscode-python-envs-1.36.0-linux-arm64/dist/extension.js:2:629206)
	at async t.registerCondaFeatures (/home/ubuntu/.vscode-server/extensions/ms-python.vscode-python-envs-1.36.0-linux-arm64/dist/extension.js:2:648591)
	at async t.safeRegister (/home/ubuntu/.vscode-server/extensions/ms-python.vscode-python-envs-1.36.0-linux-arm64/dist/extension.js:2:290365)
	at async Promise.all (index 1)
	at async Immediate.<anonymous> (/home/ubuntu/.vscode-server/extensions/ms-python.vscode-python-envs-1.36.0-linux-arm64/dist/extension.js:2:782813)]
2026-09-18 09:39:54.381 [info] [interpreterSelection] Applying initial environment selection for 1 workspace folder(s)
2026-09-18 09:39:54.577 [info] Discovered env: /usr/bin/python3
2026-09-18 09:39:54.685 [info] [SYS_SET] scope=/home/ubuntu/ros2_ws/src, project=/home/ubuntu/ros2_ws/src, normalizedKey=/home/ubuntu/ros2_ws/src, env=Python 3.10.12.final.0-4af89cdixn7
2026-09-18 09:39:54.748 [info] Python API: Changed environment from undefined to Python 3.10.12.final.0 for: /home/ubuntu/ros2_ws/src
2026-09-18 09:39:54.749 [info] Internal: Changed environment from undefined to Python 3.10.12.final.0 for: /home/ubuntu/ros2_ws/src
2026-09-18 09:39:54.759 [info] [interpreterSelection] src: Python 3.10.12.final.0 (source: autoDiscovery)
2026-09-18 09:39:54.759 [info] [interpreterSelection] Workspace env resolved, deferring global scope to background
2026-09-18 09:39:54.899 [info] Discovered env: /usr/bin/python3
2026-09-18 09:39:54.944 [info] Python API: Changed environment from undefined to Python 3.10.12.final.0 for: global
2026-09-18 09:39:54.944 [info] Internal: Changed environment from undefined to Python 3.10.12.final.0 for: global
2026-09-18 09:39:54.944 [info] [interpreterSelection] global: Python 3.10.12.final.0 (source: autoDiscovery)
2026-09-18 09:39:54.996 [info] Refreshing pyenv environments
2026-09-18 09:39:55.048 [info] Discovered env: /usr/bin/python3
2026-09-18 09:39:55.076 [info] Pipenv not found via settings, cache, or PATH
2026-09-18 09:39:55.078 [info] Refreshing pipenv environments
2026-09-18 09:39:55.085 [info] Pipenv not found via settings, cache, or PATH
2026-09-18 09:39:55.086 [info] Found 0 pipenv environments
2026-09-18 09:39:55.150 [info] Pipenv not found via settings, cache, or PATH
2026-09-18 09:39:55.184 [info] Refreshing poetry environments
2026-09-18 09:39:55.192 [info] Poetry executable not found
2026-09-18 09:39:55.211 [info] Environment discovery complete: 1 environments found (Global: 1)
2026-09-18 09:39:55.276 [info] Discovered env: /usr/bin/python3
2026-09-18 09:39:55.459 [info] Discovered env: /usr/bin/python3
2026-09-18 09:40:00.002 [info] Discovered env: /usr/bin/python3
2026-09-18 09:40:00.602 [info] Pipenv not found via settings, cache, or PATH
2026-09-18 09:40:00.603 [info] Found 0 pipenv environments
2026-09-18 09:40:00.736 [info] Poetry executable not found
2026-09-18 09:40:14.031 [info] Resolved Python Environment /usr/bin/python3
2026-09-18 09:40:14.146 [info] Resolved Python Environment /usr/bin/python3
2026-09-18 09:40:14.206 [info] Resolved Python Environment /usr/bin/python3
2026-09-18 09:40:14.308 [info] Resolved Python Environment /usr/bin/python3
2026-09-18 09:40:14.362 [info] Resolved Python Environment /usr/bin/python3
2026-09-18 09:40:14.463 [info] Resolved Python Environment /usr/bin/python3
2026-09-18 09:40:14.573 [info] Resolved Python Environment /usr/bin/python3
2026-09-18 09:40:14.644 [info] Resolved Python Environment /usr/bin/python3
2026-09-18 09:40:14.775 [info] Resolved Python Environment /usr/bin/python3
2026-09-18 09:40:14.839 [info] Resolved Python Environment /usr/bin/python3
2026-09-18 09:41:26.645 [info] Resolved Python Environment /usr/bin/python3
2026-09-18 09:41:26.704 [info] Resolved Python Environment /usr/bin/python3
2026-09-18 09:41:26.762 [info] Resolved Python Environment /usr/bin/python3
2026-09-18 09:41:26.818 [info] Resolved Python Environment /usr/bin/python3
2026-09-18 09:41:26.874 [info] Resolved Python Environment /usr/bin/python3
2026-09-18 09:41:31.027 [info] Resolved Python Environment /usr/bin/python3
2026-09-18 09:41:31.086 [info] Resolved Python Environment /usr/bin/python3
2026-09-18 09:41:31.181 [info] Resolved Python Environment /usr/bin/python3
2026-09-18 09:41:31.235 [info] Resolved Python Environment /usr/bin/python3
2026-09-18 09:41:31.288 [info] Resolved Python Environment /usr/bin/python3
2026-09-18 09:41:34.606 [info] Resolved Python Environment /usr/bin/python3
2026-09-18 09:41:34.687 [info] Resolved Python Environment /usr/bin/python3
2026-09-18 09:41:34.744 [info] Resolved Python Environment /usr/bin/python3
2026-09-18 09:41:34.805 [info] Resolved Python Environment /usr/bin/python3
2026-09-18 09:41:34.863 [info] Resolved Python Environment /usr/bin/python3
2026-09-18 09:41:39.240 [info] Resolved Python Environment /usr/bin/python3
2026-09-18 09:41:39.293 [info] Resolved Python Environment /usr/bin/python3
2026-09-18 09:41:39.350 [info] Resolved Python Environment /usr/bin/python3
2026-09-18 09:41:39.408 [info] Resolved Python Environment /usr/bin/python3
2026-09-18 09:41:39.461 [info] Resolved Python Environment /usr/bin/python3
2026-09-18 09:41:42.335 [info] Resolved Python Environment /usr/bin/python3
2026-09-18 09:41:42.442 [info] Resolved Python Environment /usr/bin/python3
2026-09-18 09:41:42.516 [info] Resolved Python Environment /usr/bin/python3
2026-09-18 09:41:42.573 [info] Resolved Python Environment /usr/bin/python3
2026-09-18 09:41:42.632 [info] Resolved Python Environment /usr/bin/python3
2026-09-18 09:48:52.280 [info] Resolved Python Environment /usr/bin/python3
2026-09-18 09:48:52.336 [info] Resolved Python Environment /usr/bin/python3
2026-09-18 09:48:52.392 [info] Resolved Python Environment /usr/bin/python3
2026-09-18 09:48:52.452 [info] Resolved Python Environment /usr/bin/python3
2026-09-18 09:48:52.506 [info] Resolved Python Environment /usr/bin/python3
2026-09-18 09:50:04.218 [info] Resolved Python Environment /usr/bin/python3
2026-09-18 09:50:04.273 [info] Resolved Python Environment /usr/bin/python3
2026-09-18 09:50:04.332 [info] Resolved Python Environment /usr/bin/python3
2026-09-18 09:50:04.389 [info] Resolved Python Environment /usr/bin/python3
2026-09-18 09:50:04.443 [info] Resolved Python Environment /usr/bin/python3
2026-09-18 09:50:09.100 [info] Resolved Python Environment /usr/bin/python3
2026-09-18 09:50:09.155 [info] Resolved Python Environment /usr/bin/python3
2026-09-18 09:50:09.209 [info] Resolved Python Environment /usr/bin/python3
2026-09-18 09:50:09.262 [info] Resolved Python Environment /usr/bin/python3
2026-09-18 09:50:09.321 [info] Resolved Python Environment /usr/bin/python3
2026-09-18 09:50:12.819 [info] Resolved Python Environment /usr/bin/python3
2026-09-18 09:50:12.873 [info] Resolved Python Environment /usr/bin/python3
2026-09-18 09:50:12.927 [info] Resolved Python Environment /usr/bin/python3
2026-09-18 09:50:12.986 [info] Resolved Python Environment /usr/bin/python3
2026-09-18 09:50:13.039 [info] Resolved Python Environment /usr/bin/python3
2026-09-18 11:23:08.180 [info] Resolved Python Environment /usr/bin/python3
2026-09-18 11:23:08.233 [info] Resolved Python Environment /usr/bin/python3
2026-09-18 11:23:08.291 [info] Resolved Python Environment /usr/bin/python3
2026-09-18 11:23:08.345 [info] Resolved Python Environment /usr/bin/python3
2026-09-18 11:23:08.398 [info] Resolved Python Environment /usr/bin/python3
2026-09-18 11:23:19.326 [info] Resolved Python Environment /usr/bin/python3
2026-09-18 11:23:19.381 [info] Resolved Python Environment /usr/bin/python3
2026-09-18 11:23:19.434 [info] Resolved Python Environment /usr/bin/python3
2026-09-18 11:23:19.493 [info] Resolved Python Environment /usr/bin/python3
2026-09-18 11:23:19.547 [info] Resolved Python Environment /usr/bin/python3
