2026-09-21 18:23:53.563 [info] Python-envs extension version: 1.36.0
2026-09-21 18:23:53.563 [info] 
=== Python Envs Configuration Levels ===
2026-09-21 18:23:53.563 [info] {
  "section": "Python Envs Configuration Levels",
  "defaultEnvManager": {
    "workspaceFolderValue": "undefined",
    "workspaceValue": "undefined",
    "globalValue": "undefined",
    "defaultValue": "ms-python.python:venv"
  },
  "defaultPackageManager": {
    "workspaceFolderValue": "undefined",
    "workspaceValue": "undefined",
    "globalValue": "undefined",
    "defaultValue": "ms-python.python:pip"
  }
}
2026-09-21 18:23:53.563 [info] [pet] Starting Python Locator /home/ubuntu/.vscode-server/extensions/ms-python.vscode-python-envs-1.36.0-linux-arm64/python-env-tools/bin/pet server
2026-09-21 18:23:53.563 [info] Registering pyenv manager (environments will be discovered lazily)
2026-09-21 18:23:53.563 [info] Registering pipenv manager (environments will be discovered lazily)
2026-09-21 18:23:53.563 [info] Registering poetry manager (environments will be discovered lazily)
2026-09-21 18:23:53.648 [warning] No workspace folder for relative search path: .venv
2026-09-21 18:23:53.648 [warning] No workspace folder for relative search path: */.venv
2026-09-21 18:23:53.650 [info] [pet] configure: Sending configuration update: {"workspaceDirectories":[],"environmentDirectories":[],"pipenvExecutable":"pipenv","poetryExecutable":"poetry","cacheDirectory":"/home/ubuntu/.vscode-server/data/User/globalStorage/ms-python.vscode-python-envs/pythonLocator"}
2026-09-21 18:23:53.897 [info] Discovered env: /usr/bin/python3
2026-09-21 18:23:53.915 [info] Conda not found, turning off conda features. [Error: Conda not found
	at L (/home/ubuntu/.vscode-server/extensions/ms-python.vscode-python-envs-1.36.0-linux-arm64/dist/extension.js:2:629081)
	at async V (/home/ubuntu/.vscode-server/extensions/ms-python.vscode-python-envs-1.36.0-linux-arm64/dist/extension.js:2:629206)
	at async t.registerCondaFeatures (/home/ubuntu/.vscode-server/extensions/ms-python.vscode-python-envs-1.36.0-linux-arm64/dist/extension.js:2:648591)
	at async t.safeRegister (/home/ubuntu/.vscode-server/extensions/ms-python.vscode-python-envs-1.36.0-linux-arm64/dist/extension.js:2:290365)
	at async Promise.all (index 1)
	at async Immediate.<anonymous> (/home/ubuntu/.vscode-server/extensions/ms-python.vscode-python-envs-1.36.0-linux-arm64/dist/extension.js:2:782813)]
2026-09-21 18:23:53.930 [info] [interpreterSelection] Applying initial environment selection for 0 workspace folder(s)
2026-09-21 18:23:54.074 [info] Python API: Changed environment from undefined to Python 3.10.12.final.0 for: global
2026-09-21 18:23:54.074 [info] Internal: Changed environment from undefined to Python 3.10.12.final.0 for: global
2026-09-21 18:23:54.074 [info] [interpreterSelection] global: Python 3.10.12.final.0 (source: autoDiscovery)
2026-09-21 18:23:54.108 [info] Extension for manager ms-python.python:venv is not active: Activating...
2026-09-21 18:23:54.112 [info] Refreshing pyenv environments
2026-09-21 18:23:54.134 [info] Pipenv not found via settings, cache, or PATH
2026-09-21 18:23:54.136 [info] Refreshing pipenv environments
2026-09-21 18:23:54.140 [info] Pipenv not found via settings, cache, or PATH
2026-09-21 18:23:54.140 [info] Found 0 pipenv environments
2026-09-21 18:23:54.145 [info] Pipenv not found via settings, cache, or PATH
2026-09-21 18:23:54.160 [info] Refreshing poetry environments
2026-09-21 18:23:54.164 [info] Poetry executable not found
2026-09-21 18:23:54.171 [info] Environment discovery complete: 1 environments found (Global: 1)
2026-09-21 18:23:54.561 [info] Extension for manager ms-python.python:venv is now active.
2026-09-21 18:23:54.566 [info] Refreshing Pyenv Environments
2026-09-21 18:23:54.567 [info] Refreshing pyenv environments
2026-09-21 18:23:54.567 [info] Refreshing Pipenv Environments
2026-09-21 18:23:54.567 [info] Refreshing pipenv environments
2026-09-21 18:23:54.567 [info] Refreshing Poetry Environments
2026-09-21 18:23:54.567 [info] Refreshing poetry environments
2026-09-21 18:23:54.569 [warning] No workspace folder for relative search path: .venv
2026-09-21 18:23:54.569 [warning] No workspace folder for relative search path: */.venv
2026-09-21 18:23:54.669 [info] Discovered env: /usr/bin/python3
2026-09-21 18:23:54.718 [warning] No workspace folder for relative search path: .venv
2026-09-21 18:23:54.718 [warning] No workspace folder for relative search path: */.venv
2026-09-21 18:23:54.921 [info] Discovered env: /usr/bin/python3
2026-09-21 18:23:54.934 [warning] No workspace folder for relative search path: .venv
2026-09-21 18:23:54.934 [warning] No workspace folder for relative search path: */.venv
2026-09-21 18:23:55.056 [info] Discovered env: /usr/bin/python3
2026-09-21 18:23:55.125 [warning] No workspace folder for relative search path: .venv
2026-09-21 18:23:55.125 [warning] No workspace folder for relative search path: */.venv
2026-09-21 18:23:55.230 [info] Discovered env: /usr/bin/python3
2026-09-21 18:23:55.314 [warning] No workspace folder for relative search path: .venv
2026-09-21 18:23:55.314 [warning] No workspace folder for relative search path: */.venv
2026-09-21 18:23:55.484 [info] Pipenv not found via settings, cache, or PATH
2026-09-21 18:23:55.485 [info] Found 0 pipenv environments
2026-09-21 18:23:55.544 [info] Discovered env: /usr/bin/python3
2026-09-21 18:24:00.174 [info] Poetry executable not found
