2026-09-22 14:27:24.656 [info] Extension host with pid 5781 started
2026-09-22 14:27:24.697 [info] Lock '/home/ubuntu/.vscode-server/data/User/workspaceStorage/697e957818acd5b028e11dda5f3f4919/vscode.lock': Lock acquired.
2026-09-22 14:27:24.966 [info] ExtensionService#_doActivateExtension vscode.emmet, startup: false, activationEvent: 'onLanguage'
2026-09-22 14:27:24.972 [info] ExtensionService#_doActivateExtension vscode.git-base, startup: false, activationEvent: '*', root cause: vscode.git
2026-09-22 14:27:24.973 [info] ExtensionService#_doActivateExtension ms-python.python, startup: false, activationEvent: 'onLanguage:python', root cause: ms-python.debugpy
2026-09-22 14:27:24.974 [info] ExtensionService#_doActivateExtension ms-python.vscode-pylance, startup: false, activationEvent: 'onLanguage:python'
2026-09-22 14:27:24.976 [info] ExtensionService#_doActivateExtension ms-python.vscode-python-envs, startup: false, activationEvent: 'onLanguage:python'
2026-09-22 14:27:27.621 [info] ExtensionService#_doActivateExtension vscode.git, startup: false, activationEvent: '*'
2026-09-22 14:27:27.626 [info] ExtensionService#_doActivateExtension vscode.github, startup: false, activationEvent: '*'
2026-09-22 14:27:29.719 [info] Eager extensions activated
2026-09-22 14:27:29.720 [info] ExtensionService#_doActivateExtension vscode.debug-auto-launch, startup: false, activationEvent: 'onStartupFinished'
2026-09-22 14:27:29.722 [info] ExtensionService#_doActivateExtension vscode.merge-conflict, startup: false, activationEvent: 'onStartupFinished'
2026-09-22 14:27:30.539 [info] ExtensionService#_doActivateExtension ms-python.debugpy, startup: false, activationEvent: 'onLanguage:python'
2026-09-22 14:27:30.749 [info] ExtensionService#_doActivateExtension vscode.terminal-suggest, startup: false, activationEvent: 'onTerminalShellIntegration:*'
2026-09-22 14:27:46.660 [warning] DiagnosticCollection with name 'Pylance' does already exist.
2026-09-22 14:27:51.084 [warning] DiagnosticCollection with name 'Pylance' does already exist.
2026-09-22 14:29:33.884 [info] Extension host terminating: received terminate message from renderer
2026-09-22 14:29:33.887 [info] Lock '/home/ubuntu/.vscode-server/data/User/workspaceStorage/697e957818acd5b028e11dda5f3f4919/vscode.lock': Marking the lockfile as scheduled to be released in 6000 ms.
2026-09-22 14:29:33.988 [error] An error occurred when disposing the subscriptions for extension 'ms-python.vscode-python-envs':
2026-09-22 14:29:33.989 [error] Error: Channel has been closed
	at i (file:///home/ubuntu/.vscode-server/cli/servers/Stable-645f29cc3176500b4b5762ba887cf2a7f0ffdf2c/server/out/vs/workbench/api/node/extensionHostProcess.js:549:3935)
	at Object.error (file:///home/ubuntu/.vscode-server/cli/servers/Stable-645f29cc3176500b4b5762ba887cf2a7f0ffdf2c/server/out/vs/workbench/api/node/extensionHostProcess.js:549:4394)
	at Object.dispose (/home/ubuntu/.vscode-server/extensions/ms-python.vscode-python-envs-1.36.0-linux-arm64/dist/extension.js:2:577510)
	at /home/ubuntu/.vscode-server/extensions/ms-python.vscode-python-envs-1.36.0-linux-arm64/dist/extension.js:2:576097
	at Array.forEach (<anonymous>)
	at D.dispose (/home/ubuntu/.vscode-server/extensions/ms-python.vscode-python-envs-1.36.0-linux-arm64/dist/extension.js:2:576084)
	at xn (file:///home/ubuntu/.vscode-server/cli/servers/Stable-645f29cc3176500b4b5762ba887cf2a7f0ffdf2c/server/out/vs/workbench/api/node/extensionHostProcess.js:429:736)
	at T_._fn (file:///home/ubuntu/.vscode-server/cli/servers/Stable-645f29cc3176500b4b5762ba887cf2a7f0ffdf2c/server/out/vs/workbench/api/node/extensionHostProcess.js:546:18837)
	at T_.dispose (file:///home/ubuntu/.vscode-server/cli/servers/Stable-645f29cc3176500b4b5762ba887cf2a7f0ffdf2c/server/out/vs/workbench/api/node/extensionHostProcess.js:429:1248)
	at BR._deactivate (file:///home/ubuntu/.vscode-server/cli/servers/Stable-645f29cc3176500b4b5762ba887cf2a7f0ffdf2c/server/out/vs/workbench/api/node/extensionHostProcess.js:546:15154)
	at file:///home/ubuntu/.vscode-server/cli/servers/Stable-645f29cc3176500b4b5762ba887cf2a7f0ffdf2c/server/out/vs/workbench/api/node/extensionHostProcess.js:546:12456
	at Array.map (<anonymous>)
	at BR._deactivateAll (file:///home/ubuntu/.vscode-server/cli/servers/Stable-645f29cc3176500b4b5762ba887cf2a7f0ffdf2c/server/out/vs/workbench/api/node/extensionHostProcess.js:546:12444)
	at BR.terminate (file:///home/ubuntu/.vscode-server/cli/servers/Stable-645f29cc3176500b4b5762ba887cf2a7f0ffdf2c/server/out/vs/workbench/api/node/extensionHostProcess.js:546:12795)
	at r.terminate (file:///home/ubuntu/.vscode-server/cli/servers/Stable-645f29cc3176500b4b5762ba887cf2a7f0ffdf2c/server/out/vs/workbench/api/node/extensionHostProcess.js:548:1072)
	at ma (file:///home/ubuntu/.vscode-server/cli/servers/Stable-645f29cc3176500b4b5762ba887cf2a7f0ffdf2c/server/out/vs/workbench/api/node/extensionHostProcess.js:851:11797)
	at Np.value (file:///home/ubuntu/.vscode-server/cli/servers/Stable-645f29cc3176500b4b5762ba887cf2a7f0ffdf2c/server/out/vs/workbench/api/node/extensionHostProcess.js:851:9939)
	at T._deliver (file:///home/ubuntu/.vscode-server/cli/servers/Stable-645f29cc3176500b4b5762ba887cf2a7f0ffdf2c/server/out/vs/workbench/api/node/extensionHostProcess.js:431:3617)
	at T.fire (file:///home/ubuntu/.vscode-server/cli/servers/Stable-645f29cc3176500b4b5762ba887cf2a7f0ffdf2c/server/out/vs/workbench/api/node/extensionHostProcess.js:431:3935)
	at bs.fire (file:///home/ubuntu/.vscode-server/cli/servers/Stable-645f29cc3176500b4b5762ba887cf2a7f0ffdf2c/server/out/vs/workbench/api/node/extensionHostProcess.js:433:8627)
	at Vc._receiveMessage (file:///home/ubuntu/.vscode-server/cli/servers/Stable-645f29cc3176500b4b5762ba887cf2a7f0ffdf2c/server/out/vs/workbench/api/node/extensionHostProcess.js:433:13527)
	at Np.value (file:///home/ubuntu/.vscode-server/cli/servers/Stable-645f29cc3176500b4b5762ba887cf2a7f0ffdf2c/server/out/vs/workbench/api/node/extensionHostProcess.js:433:10832)
	at T._deliver (file:///home/ubuntu/.vscode-server/cli/servers/Stable-645f29cc3176500b4b5762ba887cf2a7f0ffdf2c/server/out/vs/workbench/api/node/extensionHostProcess.js:431:3617)
	at T.fire (file:///home/ubuntu/.vscode-server/cli/servers/Stable-645f29cc3176500b4b5762ba887cf2a7f0ffdf2c/server/out/vs/workbench/api/node/extensionHostProcess.js:431:3935)
	at $x.acceptChunk (file:///home/ubuntu/.vscode-server/cli/servers/Stable-645f29cc3176500b4b5762ba887cf2a7f0ffdf2c/server/out/vs/workbench/api/node/extensionHostProcess.js:433:6427)
	at file:///home/ubuntu/.vscode-server/cli/servers/Stable-645f29cc3176500b4b5762ba887cf2a7f0ffdf2c/server/out/vs/workbench/api/node/extensionHostProcess.js:433:5560
	at Socket.e (file:///home/ubuntu/.vscode-server/cli/servers/Stable-645f29cc3176500b4b5762ba887cf2a7f0ffdf2c/server/out/vs/workbench/api/node/extensionHostProcess.js:433:21105)
	at Socket.emit (node:events:509:28)
	at addChunk (node:internal/streams/readable:563:12)
	at readableAddChunkPushByteMode (node:internal/streams/readable:514:3)
	at Readable.push (node:internal/streams/readable:394:5)
	at Pipe.onStreamRead (node:internal/stream_base_commons:189:23)
2026-09-22 14:29:34.002 [error] TypeError: Cannot read properties of undefined (reading 'subscriptions')
	at Object.re [as deactivate] (/home/ubuntu/.vscode-server/extensions/ms-python.vscode-python-envs-1.36.0-linux-arm64/dist/extension.js:2:770294)
	at BR._deactivate (file:///home/ubuntu/.vscode-server/cli/servers/Stable-645f29cc3176500b4b5762ba887cf2a7f0ffdf2c/server/out/vs/workbench/api/node/extensionHostProcess.js:546:14929)
	at file:///home/ubuntu/.vscode-server/cli/servers/Stable-645f29cc3176500b4b5762ba887cf2a7f0ffdf2c/server/out/vs/workbench/api/node/extensionHostProcess.js:546:12456
	at Array.map (<anonymous>)
	at BR._deactivateAll (file:///home/ubuntu/.vscode-server/cli/servers/Stable-645f29cc3176500b4b5762ba887cf2a7f0ffdf2c/server/out/vs/workbench/api/node/extensionHostProcess.js:546:12444)
	at BR.terminate (file:///home/ubuntu/.vscode-server/cli/servers/Stable-645f29cc3176500b4b5762ba887cf2a7f0ffdf2c/server/out/vs/workbench/api/node/extensionHostProcess.js:546:12795)
	at r.terminate (file:///home/ubuntu/.vscode-server/cli/servers/Stable-645f29cc3176500b4b5762ba887cf2a7f0ffdf2c/server/out/vs/workbench/api/node/extensionHostProcess.js:548:1072)
	at ma (file:///home/ubuntu/.vscode-server/cli/servers/Stable-645f29cc3176500b4b5762ba887cf2a7f0ffdf2c/server/out/vs/workbench/api/node/extensionHostProcess.js:851:11797)
	at Np.value (file:///home/ubuntu/.vscode-server/cli/servers/Stable-645f29cc3176500b4b5762ba887cf2a7f0ffdf2c/server/out/vs/workbench/api/node/extensionHostProcess.js:851:9939)
	at T._deliver (file:///home/ubuntu/.vscode-server/cli/servers/Stable-645f29cc3176500b4b5762ba887cf2a7f0ffdf2c/server/out/vs/workbench/api/node/extensionHostProcess.js:431:3617)
	at T.fire (file:///home/ubuntu/.vscode-server/cli/servers/Stable-645f29cc3176500b4b5762ba887cf2a7f0ffdf2c/server/out/vs/workbench/api/node/extensionHostProcess.js:431:3935)
	at bs.fire (file:///home/ubuntu/.vscode-server/cli/servers/Stable-645f29cc3176500b4b5762ba887cf2a7f0ffdf2c/server/out/vs/workbench/api/node/extensionHostProcess.js:433:8627)
	at Vc._receiveMessage (file:///home/ubuntu/.vscode-server/cli/servers/Stable-645f29cc3176500b4b5762ba887cf2a7f0ffdf2c/server/out/vs/workbench/api/node/extensionHostProcess.js:433:13527)
	at Np.value (file:///home/ubuntu/.vscode-server/cli/servers/Stable-645f29cc3176500b4b5762ba887cf2a7f0ffdf2c/server/out/vs/workbench/api/node/extensionHostProcess.js:433:10832)
	at T._deliver (file:///home/ubuntu/.vscode-server/cli/servers/Stable-645f29cc3176500b4b5762ba887cf2a7f0ffdf2c/server/out/vs/workbench/api/node/extensionHostProcess.js:431:3617)
	at T.fire (file:///home/ubuntu/.vscode-server/cli/servers/Stable-645f29cc3176500b4b5762ba887cf2a7f0ffdf2c/server/out/vs/workbench/api/node/extensionHostProcess.js:431:3935)
	at $x.acceptChunk (file:///home/ubuntu/.vscode-server/cli/servers/Stable-645f29cc3176500b4b5762ba887cf2a7f0ffdf2c/server/out/vs/workbench/api/node/extensionHostProcess.js:433:6427)
	at file:///home/ubuntu/.vscode-server/cli/servers/Stable-645f29cc3176500b4b5762ba887cf2a7f0ffdf2c/server/out/vs/workbench/api/node/extensionHostProcess.js:433:5560
	at Socket.e (file:///home/ubuntu/.vscode-server/cli/servers/Stable-645f29cc3176500b4b5762ba887cf2a7f0ffdf2c/server/out/vs/workbench/api/node/extensionHostProcess.js:433:21105)
	at Socket.emit (node:events:509:28)
	at addChunk (node:internal/streams/readable:563:12)
	at readableAddChunkPushByteMode (node:internal/streams/readable:514:3)
	at Readable.push (node:internal/streams/readable:394:5)
	at Pipe.onStreamRead (node:internal/stream_base_commons:189:23)
2026-09-22 14:29:34.006 [info] Extension host with pid 5781 exiting with code 0
