2026-09-22 14:27:42.689 [info] Extension host with pid 6381 started
2026-09-22 14:27:42.737 [info] Lock '/home/ubuntu/.vscode-server/data/User/workspaceStorage/b47853e107dcdaf0e452c57a820eeb4d/vscode.lock': Lock acquired.
2026-09-22 14:27:43.872 [info] ExtensionService#_doActivateExtension vscode.emmet, startup: false, activationEvent: 'onLanguage'
2026-09-22 14:27:43.878 [info] ExtensionService#_doActivateExtension vscode.git-base, startup: false, activationEvent: '*', root cause: vscode.git
2026-09-22 14:27:45.413 [info] ExtensionService#_doActivateExtension vscode.git, startup: false, activationEvent: '*'
2026-09-22 14:27:45.415 [info] ExtensionService#_doActivateExtension vscode.github, startup: false, activationEvent: '*'
2026-09-22 14:27:47.039 [info] Eager extensions activated
2026-09-22 14:27:47.041 [info] ExtensionService#_doActivateExtension vscode.debug-auto-launch, startup: false, activationEvent: 'onStartupFinished'
2026-09-22 14:27:47.050 [info] ExtensionService#_doActivateExtension vscode.merge-conflict, startup: false, activationEvent: 'onStartupFinished'
2026-09-22 14:27:54.431 [info] ExtensionService#_doActivateExtension vscode.terminal-suggest, startup: false, activationEvent: 'onTerminalShellIntegration:*'
2026-09-22 14:29:55.532 [info] ExtensionService#_doActivateExtension vscode.npm, startup: false, activationEvent: 'onTerminalQuickFixRequest:ms-vscode.npm-command'
2026-09-22 14:31:36.751 [info] ExtensionService#_doActivateExtension vscode.ipynb, startup: false, activationEvent: 'onNotebookSerializer:jupyter-notebook'
2026-09-22 14:32:13.062 [info] ExtensionService#_doActivateExtension ms-python.python, startup: false, activationEvent: 'onLanguage:python', root cause: ms-python.debugpy
2026-09-22 14:32:13.064 [info] ExtensionService#_doActivateExtension ms-python.vscode-pylance, startup: false, activationEvent: 'onLanguage:python'
2026-09-22 14:32:13.065 [info] ExtensionService#_doActivateExtension ms-python.vscode-python-envs, startup: false, activationEvent: 'onLanguage:python'
2026-09-22 14:32:16.615 [info] ExtensionService#_doActivateExtension ms-python.debugpy, startup: false, activationEvent: 'onLanguage:python'
2026-09-22 14:32:32.090 [warning] DiagnosticCollection with name 'Pylance' does already exist.
2026-09-22 14:33:13.600 [info] ExtensionService#_doActivateExtension vscode.extension-editing, startup: false, activationEvent: 'onLanguage:markdown'
2026-09-22 14:33:13.601 [info] ExtensionService#_doActivateExtension vscode.markdown-language-features, startup: false, activationEvent: 'onLanguage:markdown'
2026-09-22 14:33:15.401 [info] ExtensionService#_doActivateExtension vscode.markdown-math, startup: false, activationEvent: 'api', root cause: vscode.markdown-language-features
2026-09-22 14:33:15.402 [info] ExtensionService#_doActivateExtension vscode.mermaid-markdown-features, startup: false, activationEvent: 'api', root cause: vscode.markdown-language-features
