2026-09-18 09:13:03.198 [info] Python-envs extension version: 1.36.0
2026-09-18 09:13:03.199 [info] 
=== Python Envs Configuration Levels ===
2026-09-18 09:13:03.199 [info] {
  "section": "Python Envs Configuration Levels",
  "defaultEnvManager": {
    "workspaceFolderValue": "undefined",
    "workspaceValue": "undefined",
    "globalValue": "undefined",
    "defaultValue": "ms-python.python:venv"
  },
  "defaultPackageManager": {
    "workspaceFolderValue": "undefined",
    "workspaceValue": "undefined",
    "globalValue": "undefined",
    "defaultValue": "ms-python.python:pip"
  }
}
2026-09-18 09:13:03.199 [info] [pet] Starting Python Locator /home/ubuntu/.vscode-server/extensions/ms-python.vscode-python-envs-1.36.0-linux-arm64/python-env-tools/bin/pet server
2026-09-18 09:13:03.199 [info] Registering pyenv manager (environments will be discovered lazily)
2026-09-18 09:13:03.199 [info] Registering pipenv manager (environments will be discovered lazily)
2026-09-18 09:13:03.199 [info] Registering poetry manager (environments will be discovered lazily)
2026-09-18 09:13:03.253 [warning] No workspace folder for relative search path: .venv
2026-09-18 09:13:03.253 [warning] No workspace folder for relative search path: */.venv
2026-09-18 09:13:03.255 [info] [pet] configure: Sending configuration update: {"workspaceDirectories":[],"environmentDirectories":[],"pipenvExecutable":"pipenv","poetryExecutable":"poetry","cacheDirectory":"/home/ubuntu/.vscode-server/data/User/globalStorage/ms-python.vscode-python-envs/pythonLocator"}
2026-09-18 09:13:03.807 [info] Refreshing Pyenv Environments
2026-09-18 09:13:03.807 [info] Refreshing pyenv environments
2026-09-18 09:13:03.807 [info] Refreshing Pipenv Environments
2026-09-18 09:13:03.807 [info] Refreshing pipenv environments
2026-09-18 09:13:03.807 [info] Refreshing Poetry Environments
2026-09-18 09:13:03.807 [info] Refreshing poetry environments
2026-09-18 09:13:03.855 [info] Discovered env: /usr/bin/python3
2026-09-18 09:13:03.867 [warning] No workspace folder for relative search path: .venv
2026-09-18 09:13:03.867 [warning] No workspace folder for relative search path: */.venv
2026-09-18 09:13:03.871 [info] Conda not found, turning off conda features. [Error: Conda not found
	at L (/home/ubuntu/.vscode-server/extensions/ms-python.vscode-python-envs-1.36.0-linux-arm64/dist/extension.js:2:629081)
	at async V (/home/ubuntu/.vscode-server/extensions/ms-python.vscode-python-envs-1.36.0-linux-arm64/dist/extension.js:2:629206)
	at async t.registerCondaFeatures (/home/ubuntu/.vscode-server/extensions/ms-python.vscode-python-envs-1.36.0-linux-arm64/dist/extension.js:2:648591)
	at async t.safeRegister (/home/ubuntu/.vscode-server/extensions/ms-python.vscode-python-envs-1.36.0-linux-arm64/dist/extension.js:2:290365)
	at async Promise.all (index 1)
	at async Immediate.<anonymous> (/home/ubuntu/.vscode-server/extensions/ms-python.vscode-python-envs-1.36.0-linux-arm64/dist/extension.js:2:782813)]
2026-09-18 09:13:03.887 [info] [interpreterSelection] Applying initial environment selection for 0 workspace folder(s)
2026-09-18 09:13:03.983 [warning] No workspace folder for relative search path: .venv
2026-09-18 09:13:03.983 [warning] No workspace folder for relative search path: */.venv
2026-09-18 09:13:04.339 [info] Discovered env: /usr/bin/python3
2026-09-18 09:13:04.342 [info] Resolved Python Environment /usr/bin/python3
2026-09-18 09:13:04.390 [warning] No workspace folder for relative search path: .venv
2026-09-18 09:13:04.391 [warning] No workspace folder for relative search path: */.venv
2026-09-18 09:13:04.514 [info] Discovered env: /usr/bin/python3
2026-09-18 09:13:04.582 [warning] No workspace folder for relative search path: .venv
2026-09-18 09:13:04.583 [warning] No workspace folder for relative search path: */.venv
2026-09-18 09:13:04.710 [info] Discovered env: /usr/bin/python3
2026-09-18 09:13:04.759 [warning] No workspace folder for relative search path: .venv
2026-09-18 09:13:04.759 [warning] No workspace folder for relative search path: */.venv
2026-09-18 09:13:04.805 [info] Refreshing pyenv environments
2026-09-18 09:13:05.169 [info] Python API: Changed environment from undefined to Python 3.10.12.final.0 for: global
2026-09-18 09:13:05.169 [info] Internal: Changed environment from undefined to Python 3.10.12.final.0 for: global
2026-09-18 09:13:05.169 [info] [interpreterSelection] global: Python 3.10.12.final.0 (source: autoDiscovery)
2026-09-18 09:13:06.333 [info] Discovered env: /usr/bin/python3
2026-09-18 09:13:07.265 [warning] No workspace folder for relative search path: .venv
2026-09-18 09:13:07.265 [warning] No workspace folder for relative search path: */.venv
2026-09-18 09:13:07.582 [info] Discovered env: /usr/bin/python3
2026-09-18 09:13:09.325 [info] Pipenv not found via settings, cache, or PATH
2026-09-18 09:13:09.325 [info] Found 0 pipenv environments
2026-09-18 09:13:09.337 [info] Poetry executable not found
2026-09-18 09:13:09.702 [info] Pipenv not found via settings, cache, or PATH
2026-09-18 09:13:09.705 [info] Refreshing pipenv environments
2026-09-18 09:13:09.756 [info] Refreshing poetry environments
2026-09-18 09:13:09.765 [info] Pipenv not found via settings, cache, or PATH
2026-09-18 09:13:09.765 [info] Found 0 pipenv environments
2026-09-18 09:13:09.780 [info] Poetry executable not found
2026-09-18 09:13:09.796 [info] Pipenv not found via settings, cache, or PATH
2026-09-18 09:13:09.837 [info] Environment discovery complete: 1 environments found (Global: 1)
