2026-09-22 14:02:30.559 [info] [main] Log level: Info
2026-09-22 14:02:30.560 [info] [main] Validating found git in: "git"
2026-09-22 14:02:30.560 [info] [main] Using git "2.34.1" from "git"
2026-09-22 14:02:30.560 [info] [Model][doInitialScan] Initial repository scan started
2026-09-22 14:02:30.560 [info] > git rev-parse --show-toplevel [157ms]
2026-09-22 14:02:30.560 [info] fatal: not a git repository (or any of the parent directories): .git
2026-09-22 14:02:30.652 [info] > git rev-parse --show-toplevel [670ms]
2026-09-22 14:02:30.653 [info] fatal: not a git repository (or any of the parent directories): .git
2026-09-22 14:02:32.882 [info] > git rev-parse --show-toplevel [1820ms]
2026-09-22 14:02:32.882 [info] fatal: not a git repository (or any of the parent directories): .git
2026-09-22 14:02:33.157 [info] > git rev-parse --show-toplevel [112ms]
2026-09-22 14:02:33.157 [info] fatal: not a git repository (or any of the parent directories): .git
2026-09-22 14:02:33.701 [info] > git rev-parse --show-toplevel [416ms]
2026-09-22 14:02:33.701 [info] fatal: not a git repository (or any of the parent directories): .git
2026-09-22 14:02:33.816 [info] > git rev-parse --show-toplevel [89ms]
2026-09-22 14:02:33.816 [info] fatal: not a git repository (or any of the parent directories): .git
2026-09-22 14:02:33.919 [info] > git rev-parse --show-toplevel [30ms]
2026-09-22 14:02:33.919 [info] fatal: not a git repository (or any of the parent directories): .git
2026-09-22 14:02:33.973 [info] > git rev-parse --show-toplevel [32ms]
2026-09-22 14:02:33.973 [info] fatal: not a git repository (or any of the parent directories): .git
2026-09-22 14:02:33.978 [info] [Model][doInitialScan] Initial repository scan completed - repositories (0), closed repositories (0), parent repositories (0), unsafe repositories (0)
2026-09-22 14:02:44.157 [info] > git rev-parse --show-toplevel [10ms]
2026-09-22 14:02:44.158 [info] fatal: not a git repository (or any of the parent directories): .git
2026-09-22 14:04:13.718 [info] > git rev-parse --show-toplevel [12ms]
2026-09-22 14:04:13.718 [info] fatal: not a git repository (or any of the parent directories): .git
2026-09-22 14:12:00.492 [info] > git rev-parse --show-toplevel [7ms]
2026-09-22 14:12:00.492 [info] fatal: not a git repository (or any of the parent directories): .git
2026-09-22 14:12:02.609 [info] > git rev-parse --show-toplevel [4ms]
2026-09-22 14:12:02.609 [info] fatal: not a git repository (or any of the parent directories): .git
2026-09-22 14:12:05.725 [info] > git rev-parse --show-toplevel [6ms]
2026-09-22 14:12:05.725 [info] fatal: not a git repository (or any of the parent directories): .git
2026-09-22 14:12:07.256 [info] > git rev-parse --show-toplevel [5ms]
2026-09-22 14:12:07.256 [info] fatal: not a git repository (or any of the parent directories): .git
2026-09-22 14:12:09.236 [info] > git rev-parse --show-toplevel [5ms]
2026-09-22 14:12:09.236 [info] fatal: not a git repository (or any of the parent directories): .git
2026-09-22 14:12:43.753 [info] > git rev-parse --show-toplevel [11ms]
2026-09-22 14:12:43.753 [info] fatal: not a git repository (or any of the parent directories): .git
2026-09-22 14:12:58.130 [info] > git rev-parse --show-toplevel [4ms]
2026-09-22 14:12:58.130 [info] fatal: not a git repository (or any of the parent directories): .git
2026-09-22 14:14:09.317 [info] > git rev-parse --show-toplevel [14ms]
2026-09-22 14:14:09.317 [info] fatal: not a git repository (or any of the parent directories): .git
2026-09-22 14:14:27.979 [info] > git rev-parse --show-toplevel [7ms]
2026-09-22 14:14:27.979 [info] fatal: not a git repository (or any of the parent directories): .git
2026-09-22 14:14:38.433 [info] > git rev-parse --show-toplevel [17ms]
2026-09-22 14:14:38.434 [info] fatal: not a git repository (or any of the parent directories): .git
2026-09-22 14:14:42.222 [info] > git rev-parse --show-toplevel [15ms]
2026-09-22 14:14:42.222 [info] fatal: not a git repository (or any of the parent directories): .git
2026-09-22 14:14:53.997 [info] > git rev-parse --show-toplevel [6ms]
2026-09-22 14:14:53.997 [info] fatal: not a git repository (or any of the parent directories): .git
2026-09-22 14:14:55.168 [info] > git rev-parse --show-toplevel [41ms]
2026-09-22 14:14:55.168 [info] fatal: not a git repository (or any of the parent directories): .git
2026-09-22 14:15:02.295 [info] > git rev-parse --show-toplevel [4ms]
2026-09-22 14:15:02.295 [info] fatal: not a git repository (or any of the parent directories): .git
2026-09-22 14:15:09.774 [info] > git rev-parse --show-toplevel [6ms]
2026-09-22 14:15:09.774 [info] fatal: not a git repository (or any of the parent directories): .git
2026-09-22 14:16:07.729 [info] > git rev-parse --show-toplevel [13ms]
2026-09-22 14:16:07.729 [info] fatal: not a git repository (or any of the parent directories): .git
2026-09-22 14:17:42.732 [info] > git rev-parse --show-toplevel [7ms]
2026-09-22 14:17:42.732 [info] fatal: not a git repository (or any of the parent directories): .git
2026-09-22 14:17:46.788 [info] > git rev-parse --show-toplevel [15ms]
2026-09-22 14:17:46.788 [info] fatal: not a git repository (or any of the parent directories): .git
2026-09-22 14:18:33.132 [info] > git rev-parse --show-toplevel [5ms]
2026-09-22 14:18:33.132 [info] fatal: not a git repository (or any of the parent directories): .git
2026-09-22 14:18:58.351 [info] > git rev-parse --show-toplevel [9ms]
2026-09-22 14:18:58.351 [info] fatal: not a git repository (or any of the parent directories): .git
2026-09-22 14:19:13.376 [info] > git rev-parse --show-toplevel [5ms]
2026-09-22 14:19:13.376 [info] fatal: not a git repository (or any of the parent directories): .git
2026-09-22 14:19:20.757 [info] > git rev-parse --show-toplevel [22ms]
2026-09-22 14:19:20.758 [info] fatal: not a git repository (or any of the parent directories): .git
2026-09-22 14:19:37.023 [info] > git rev-parse --show-toplevel [19ms]
2026-09-22 14:19:37.024 [info] fatal: not a git repository (or any of the parent directories): .git
2026-09-22 14:20:10.514 [info] > git rev-parse --show-toplevel [6ms]
2026-09-22 14:20:10.514 [info] fatal: not a git repository (or any of the parent directories): .git
2026-09-22 14:23:02.131 [info] > git rev-parse --show-toplevel [6ms]
2026-09-22 14:23:02.132 [info] fatal: not a git repository (or any of the parent directories): .git
2026-09-22 14:23:24.438 [info] > git rev-parse --show-toplevel [22ms]
2026-09-22 14:23:24.439 [info] fatal: not a git repository (or any of the parent directories): .git
2026-09-22 14:23:35.661 [info] > git rev-parse --show-toplevel [19ms]
2026-09-22 14:23:35.661 [info] fatal: not a git repository (or any of the parent directories): .git
2026-09-22 14:24:33.384 [info] > git rev-parse --show-toplevel [8ms]
2026-09-22 14:24:33.384 [info] fatal: not a git repository (or any of the parent directories): .git
2026-09-22 14:24:40.862 [info] > git rev-parse --show-toplevel [7ms]
2026-09-22 14:24:40.863 [info] fatal: not a git repository (or any of the parent directories): .git
2026-09-22 14:24:47.352 [info] > git rev-parse --show-toplevel [7ms]
2026-09-22 14:24:47.352 [info] fatal: not a git repository (or any of the parent directories): .git
2026-09-22 14:24:48.086 [info] > git rev-parse --show-toplevel [28ms]
2026-09-22 14:24:48.086 [info] fatal: not a git repository (or any of the parent directories): .git
2026-09-22 14:25:36.374 [info] > git rev-parse --show-toplevel [35ms]
2026-09-22 14:25:36.375 [info] fatal: not a git repository (or any of the parent directories): .git
2026-09-22 14:25:37.695 [info] > git rev-parse --show-toplevel [13ms]
2026-09-22 14:25:37.696 [info] fatal: not a git repository (or any of the parent directories): .git
2026-09-22 14:25:48.333 [info] > git rev-parse --show-toplevel [18ms]
2026-09-22 14:25:48.333 [info] fatal: not a git repository (or any of the parent directories): .git
2026-09-22 14:25:52.969 [info] > git rev-parse --show-toplevel [5ms]
2026-09-22 14:25:52.970 [info] fatal: not a git repository (or any of the parent directories): .git
2026-09-22 14:26:00.323 [info] > git rev-parse --show-toplevel [5ms]
2026-09-22 14:26:00.323 [info] fatal: not a git repository (or any of the parent directories): .git
2026-09-22 14:26:59.582 [info] > git rev-parse --show-toplevel [8ms]
2026-09-22 14:26:59.582 [info] fatal: not a git repository (or any of the parent directories): .git
2026-09-22 14:30:58.957 [info] > git rev-parse --show-toplevel [16ms]
2026-09-22 14:30:58.958 [info] fatal: not a git repository (or any of the parent directories): .git
2026-09-22 14:31:34.228 [info] > git rev-parse --show-toplevel [18ms]
2026-09-22 14:31:34.229 [info] fatal: not a git repository (or any of the parent directories): .git
2026-09-22 14:31:44.785 [info] > git rev-parse --show-toplevel [7ms]
2026-09-22 14:31:44.785 [info] fatal: not a git repository (or any of the parent directories): .git
2026-09-22 14:32:27.530 [info] > git rev-parse --show-toplevel [37ms]
2026-09-22 14:32:27.530 [info] fatal: not a git repository (or any of the parent directories): .git
2026-09-22 14:33:23.774 [info] > git rev-parse --show-toplevel [11ms]
2026-09-22 14:33:23.774 [info] fatal: not a git repository (or any of the parent directories): .git
2026-09-22 14:34:12.989 [info] > git rev-parse --show-toplevel [14ms]
2026-09-22 14:34:12.989 [info] fatal: not a git repository (or any of the parent directories): .git
