2026-09-18 12:43:37.786 [info] Python-envs extension version: 1.36.0
2026-09-18 12:43:37.786 [info] 
=== Python Envs Configuration Levels ===
2026-09-18 12:43:37.786 [info] {
  "section": "Python Envs Configuration Levels",
  "defaultEnvManager": {
    "workspaceFolderValue": "undefined",
    "workspaceValue": "undefined",
    "globalValue": "undefined",
    "defaultValue": "ms-python.python:venv"
  },
  "defaultPackageManager": {
    "workspaceFolderValue": "undefined",
    "workspaceValue": "undefined",
    "globalValue": "undefined",
    "defaultValue": "ms-python.python:pip"
  }
}
2026-09-18 12:43:37.786 [info] [pet] Starting Python Locator /home/ubuntu/.vscode-server/extensions/ms-python.vscode-python-envs-1.36.0-linux-arm64/python-env-tools/bin/pet server
2026-09-18 12:43:37.786 [info] Registering pyenv manager (environments will be discovered lazily)
2026-09-18 12:43:37.786 [info] Registering pipenv manager (environments will be discovered lazily)
2026-09-18 12:43:37.786 [info] Registering poetry manager (environments will be discovered lazily)
2026-09-18 12:43:37.925 [info] [pet] configure: Sending configuration update: {"workspaceDirectories":["/home/ubuntu/ros2_ws/src"],"environmentDirectories":["/home/ubuntu/ros2_ws/src/.venv","/home/ubuntu/ros2_ws/src/*/.venv"],"pipenvExecutable":"pipenv","poetryExecutable":"poetry","cacheDirectory":"/home/ubuntu/.vscode-server/data/User/globalStorage/ms-python.vscode-python-envs/pythonLocator"}
2026-09-18 12:43:38.188 [info] Refreshing Pyenv Environments
2026-09-18 12:43:38.188 [info] Refreshing pyenv environments
2026-09-18 12:43:38.188 [info] Refreshing Pipenv Environments
2026-09-18 12:43:38.188 [info] Refreshing pipenv environments
2026-09-18 12:43:38.188 [info] Refreshing Poetry Environments
2026-09-18 12:43:38.188 [info] Refreshing poetry environments
2026-09-18 12:43:40.725 [info] Discovered env: /usr/bin/python3
2026-09-18 12:43:41.060 [info] Resolved Python Environment /usr/bin/python3
2026-09-18 12:43:41.212 [info] Discovered env: /usr/bin/python3
2026-09-18 12:43:41.334 [info] Resolved Python Environment /usr/bin/python3
2026-09-18 12:43:41.495 [info] Discovered env: /usr/bin/python3
2026-09-18 12:43:42.027 [info] Discovered env: /usr/bin/python3
2026-09-18 12:43:42.110 [info] Refreshing pyenv environments
2026-09-18 12:43:42.337 [info] Discovered env: /usr/bin/python3
2026-09-18 12:43:42.619 [info] Discovered env: /usr/bin/python3
2026-09-18 12:43:42.946 [info] Discovered env: /usr/bin/python3
2026-09-18 12:43:43.025 [info] Conda not found, turning off conda features. [Error: Conda not found
	at L (/home/ubuntu/.vscode-server/extensions/ms-python.vscode-python-envs-1.36.0-linux-arm64/dist/extension.js:2:629081)
	at runNextTicks (node:internal/process/task_queues:65:5)
	at process.processImmediate (node:internal/timers:472:9)
	at async V (/home/ubuntu/.vscode-server/extensions/ms-python.vscode-python-envs-1.36.0-linux-arm64/dist/extension.js:2:629206)
	at async t.registerCondaFeatures (/home/ubuntu/.vscode-server/extensions/ms-python.vscode-python-envs-1.36.0-linux-arm64/dist/extension.js:2:648591)
	at async t.safeRegister (/home/ubuntu/.vscode-server/extensions/ms-python.vscode-python-envs-1.36.0-linux-arm64/dist/extension.js:2:290365)
	at async Promise.all (index 1)
	at async Immediate.<anonymous> (/home/ubuntu/.vscode-server/extensions/ms-python.vscode-python-envs-1.36.0-linux-arm64/dist/extension.js:2:782813)]
2026-09-18 12:43:43.039 [info] [interpreterSelection] Applying initial environment selection for 1 workspace folder(s)
2026-09-18 12:43:43.052 [info] [SYS_SET] scope=/home/ubuntu/ros2_ws/src, project=/home/ubuntu/ros2_ws/src, normalizedKey=/home/ubuntu/ros2_ws/src, env=Python 3.10.12.final.0-4638ea4k0i
2026-09-18 12:43:43.317 [info] Pipenv not found via settings, cache, or PATH
2026-09-18 12:43:43.318 [info] Found 0 pipenv environments
2026-09-18 12:43:43.903 [info] Python API: Changed environment from undefined to Python 3.10.12.final.0 for: /home/ubuntu/ros2_ws/src
2026-09-18 12:43:43.903 [info] Internal: Changed environment from undefined to Python 3.10.12.final.0 for: /home/ubuntu/ros2_ws/src
2026-09-18 12:43:43.907 [info] [interpreterSelection] src: Python 3.10.12.final.0 (source: autoDiscovery)
2026-09-18 12:43:43.907 [info] [interpreterSelection] Workspace env resolved, deferring global scope to background
2026-09-18 12:43:44.697 [info] Python API: Changed environment from undefined to Python 3.10.12.final.0 for: global
2026-09-18 12:43:44.697 [info] Internal: Changed environment from undefined to Python 3.10.12.final.0 for: global
2026-09-18 12:43:44.698 [info] [interpreterSelection] global: Python 3.10.12.final.0 (source: autoDiscovery)
2026-09-18 12:43:44.798 [info] Poetry executable not found
2026-09-18 12:43:45.262 [info] Resolved Python Environment /usr/bin/python3
2026-09-18 12:43:45.312 [info] Pipenv not found via settings, cache, or PATH
2026-09-18 12:43:45.314 [info] Refreshing pipenv environments
2026-09-18 12:43:45.342 [info] Refreshing poetry environments
2026-09-18 12:43:48.043 [info] Pipenv not found via settings, cache, or PATH
2026-09-18 12:43:48.043 [info] Found 0 pipenv environments
2026-09-18 12:43:48.267 [info] Poetry executable not found
2026-09-18 12:43:48.375 [info] Pipenv not found via settings, cache, or PATH
2026-09-18 12:43:48.450 [info] Environment discovery complete: 1 environments found (Global: 1)
2026-09-18 12:43:48.493 [info] Resolved Python Environment /usr/bin/python3
2026-09-18 12:43:48.747 [info] Resolved Python Environment /usr/bin/python3
2026-09-18 12:43:55.466 [info] Resolved Python Environment /usr/bin/python3
2026-09-18 12:43:55.581 [info] Resolved Python Environment /usr/bin/python3
2026-09-18 12:43:55.810 [info] Resolved Python Environment /usr/bin/python3
2026-09-18 12:43:55.910 [info] Resolved Python Environment /usr/bin/python3
2026-09-18 12:43:56.030 [info] Resolved Python Environment /usr/bin/python3
2026-09-18 12:43:56.152 [info] Resolved Python Environment /usr/bin/python3
2026-09-18 12:43:56.274 [info] Resolved Python Environment /usr/bin/python3
2026-09-18 12:43:56.317 [info] Resolved Python Environment /usr/bin/python3
2026-09-18 12:43:56.409 [info] Resolved Python Environment /usr/bin/python3
2026-09-18 12:43:56.613 [info] Resolved Python Environment /usr/bin/python3
2026-09-18 12:44:23.439 [info] Resolved Python Environment /usr/bin/python3
2026-09-18 12:44:23.521 [info] Resolved Python Environment /usr/bin/python3
2026-09-18 12:44:23.591 [info] Resolved Python Environment /usr/bin/python3
2026-09-18 12:44:23.657 [info] Resolved Python Environment /usr/bin/python3
2026-09-18 12:44:23.736 [info] Resolved Python Environment /usr/bin/python3
2026-09-18 12:48:37.421 [info] Discovered env: /usr/bin/python3
2026-09-18 12:48:44.297 [info] Discovered env: /usr/bin/python3
2026-09-18 12:48:47.396 [info] Discovered env: /usr/bin/python3
