2026-09-22 14:27:30.215 [info] Python-envs extension version: 1.36.0
2026-09-22 14:27:30.216 [info] 
=== Python Envs Configuration Levels ===
2026-09-22 14:27:30.216 [info] {
  "section": "Python Envs Configuration Levels",
  "defaultEnvManager": {
    "workspaceFolderValue": "undefined",
    "workspaceValue": "undefined",
    "globalValue": "undefined",
    "defaultValue": "ms-python.python:venv"
  },
  "defaultPackageManager": {
    "workspaceFolderValue": "undefined",
    "workspaceValue": "undefined",
    "globalValue": "undefined",
    "defaultValue": "ms-python.python:pip"
  }
}
2026-09-22 14:27:30.216 [info] [pet] Starting Python Locator /home/ubuntu/.vscode-server/extensions/ms-python.vscode-python-envs-1.36.0-linux-arm64/python-env-tools/bin/pet server
2026-09-22 14:27:30.216 [info] Registering pyenv manager (environments will be discovered lazily)
2026-09-22 14:27:30.216 [info] Registering pipenv manager (environments will be discovered lazily)
2026-09-22 14:27:30.216 [info] Registering poetry manager (environments will be discovered lazily)
2026-09-22 14:27:30.285 [info] [pet] configure: Sending configuration update: {"workspaceDirectories":["/home/ubuntu/ros2_ws/src"],"environmentDirectories":["/home/ubuntu/ros2_ws/src/.venv","/home/ubuntu/ros2_ws/src/*/.venv"],"pipenvExecutable":"pipenv","poetryExecutable":"poetry","cacheDirectory":"/home/ubuntu/.vscode-server/data/User/globalStorage/ms-python.vscode-python-envs/pythonLocator"}
2026-09-22 14:27:30.713 [info] Refreshing Pyenv Environments
2026-09-22 14:27:30.713 [info] Refreshing pyenv environments
2026-09-22 14:27:30.713 [info] Refreshing Pipenv Environments
2026-09-22 14:27:30.713 [info] Refreshing pipenv environments
2026-09-22 14:27:30.713 [info] Refreshing Poetry Environments
2026-09-22 14:27:30.713 [info] Refreshing poetry environments
2026-09-22 14:27:31.339 [info] Discovered env: /usr/bin/python3
2026-09-22 14:27:32.453 [info] Conda not found, turning off conda features. [Error: Conda not found
	at L (/home/ubuntu/.vscode-server/extensions/ms-python.vscode-python-envs-1.36.0-linux-arm64/dist/extension.js:2:629081)
	at async V (/home/ubuntu/.vscode-server/extensions/ms-python.vscode-python-envs-1.36.0-linux-arm64/dist/extension.js:2:629206)
	at async t.registerCondaFeatures (/home/ubuntu/.vscode-server/extensions/ms-python.vscode-python-envs-1.36.0-linux-arm64/dist/extension.js:2:648591)
	at async t.safeRegister (/home/ubuntu/.vscode-server/extensions/ms-python.vscode-python-envs-1.36.0-linux-arm64/dist/extension.js:2:290365)
	at async Promise.all (index 1)
	at async Immediate.<anonymous> (/home/ubuntu/.vscode-server/extensions/ms-python.vscode-python-envs-1.36.0-linux-arm64/dist/extension.js:2:782813)]
2026-09-22 14:27:32.476 [info] [interpreterSelection] Applying initial environment selection for 1 workspace folder(s)
2026-09-22 14:27:32.918 [info] Discovered env: /usr/bin/python3
2026-09-22 14:27:33.053 [info] [SYS_SET] scope=/home/ubuntu/ros2_ws/src, project=/home/ubuntu/ros2_ws/src, normalizedKey=/home/ubuntu/ros2_ws/src, env=Python 3.10.12.final.0-hvwq9qlv6au
2026-09-22 14:27:33.509 [info] Python API: Changed environment from undefined to Python 3.10.12.final.0 for: /home/ubuntu/ros2_ws/src
2026-09-22 14:27:33.510 [info] Internal: Changed environment from undefined to Python 3.10.12.final.0 for: /home/ubuntu/ros2_ws/src
2026-09-22 14:27:33.514 [info] [interpreterSelection] src: Python 3.10.12.final.0 (source: autoDiscovery)
2026-09-22 14:27:33.514 [info] [interpreterSelection] Workspace env resolved, deferring global scope to background
2026-09-22 14:27:33.902 [info] Discovered env: /usr/bin/python3
2026-09-22 14:27:33.905 [info] Python API: Changed environment from undefined to Python 3.10.12.final.0 for: global
2026-09-22 14:27:33.905 [info] Internal: Changed environment from undefined to Python 3.10.12.final.0 for: global
2026-09-22 14:27:33.905 [info] [interpreterSelection] global: Python 3.10.12.final.0 (source: autoDiscovery)
2026-09-22 14:27:34.498 [info] Discovered env: /usr/bin/python3
2026-09-22 14:27:34.590 [info] Refreshing pyenv environments
2026-09-22 14:27:37.261 [info] Discovered env: /usr/bin/python3
2026-09-22 14:27:38.957 [info] Discovered env: /usr/bin/python3
2026-09-22 14:27:39.388 [info] Discovered env: /usr/bin/python3
2026-09-22 14:27:39.403 [info] Pipenv not found via settings, cache, or PATH
2026-09-22 14:27:39.403 [info] Found 0 pipenv environments
2026-09-22 14:27:39.471 [info] Pipenv not found via settings, cache, or PATH
2026-09-22 14:27:39.474 [info] Refreshing pipenv environments
2026-09-22 14:27:39.488 [info] Poetry executable not found
2026-09-22 14:27:39.501 [info] Pipenv not found via settings, cache, or PATH
2026-09-22 14:27:39.501 [info] Found 0 pipenv environments
2026-09-22 14:27:39.517 [info] Refreshing poetry environments
2026-09-22 14:27:39.521 [info] Pipenv not found via settings, cache, or PATH
2026-09-22 14:27:39.544 [info] Poetry executable not found
2026-09-22 14:27:39.569 [info] Environment discovery complete: 1 environments found (Global: 1)
2026-09-22 14:27:50.717 [info] Resolved Python Environment /usr/bin/python3
2026-09-22 14:27:50.978 [info] Resolved Python Environment /usr/bin/python3
2026-09-22 14:27:51.180 [info] Resolved Python Environment /usr/bin/python3
2026-09-22 14:27:51.283 [info] Resolved Python Environment /usr/bin/python3
2026-09-22 14:27:51.351 [info] Resolved Python Environment /usr/bin/python3
2026-09-22 14:27:51.434 [info] Resolved Python Environment /usr/bin/python3
2026-09-22 14:27:51.527 [info] Resolved Python Environment /usr/bin/python3
2026-09-22 14:27:51.637 [info] Resolved Python Environment /usr/bin/python3
2026-09-22 14:27:51.867 [info] Resolved Python Environment /usr/bin/python3
2026-09-22 14:27:53.292 [info] Resolved Python Environment /usr/bin/python3
2026-09-22 14:27:54.204 [info] Resolved Python Environment /usr/bin/python3
2026-09-22 14:27:57.867 [info] Resolved Python Environment /usr/bin/python3
2026-09-22 14:27:58.586 [info] Resolved Python Environment /usr/bin/python3
2026-09-22 14:27:58.683 [info] Resolved Python Environment /usr/bin/python3
2026-09-22 14:27:58.774 [info] Resolved Python Environment /usr/bin/python3
2026-09-22 14:28:25.882 [info] Resolved Python Environment /usr/bin/python3
2026-09-22 14:28:25.936 [info] Resolved Python Environment /usr/bin/python3
2026-09-22 14:28:25.990 [info] Resolved Python Environment /usr/bin/python3
2026-09-22 14:28:26.045 [info] Resolved Python Environment /usr/bin/python3
2026-09-22 14:28:26.100 [info] Resolved Python Environment /usr/bin/python3
2026-09-22 14:28:36.766 [info] Resolved Python Environment /usr/bin/python3
2026-09-22 14:28:36.818 [info] Resolved Python Environment /usr/bin/python3
2026-09-22 14:28:36.870 [info] Resolved Python Environment /usr/bin/python3
2026-09-22 14:28:36.924 [info] Resolved Python Environment /usr/bin/python3
2026-09-22 14:28:36.975 [info] Resolved Python Environment /usr/bin/python3
