2026-09-18 12:43:38.534 [info] [main] Log level: Info
2026-09-18 12:43:38.535 [info] [main] Validating found git in: "git"
2026-09-18 12:43:38.535 [info] [main] Using git "2.34.1" from "git"
2026-09-18 12:43:38.535 [info] [Model][doInitialScan] Initial repository scan started
2026-09-18 12:43:38.535 [info] > git rev-parse --show-toplevel [733ms]
2026-09-18 12:43:38.535 [info] fatal: not a git repository (or any of the parent directories): .git
2026-09-18 12:43:38.905 [info] > git rev-parse --show-toplevel [658ms]
2026-09-18 12:43:38.905 [info] fatal: not a git repository (or any of the parent directories): .git
2026-09-18 12:43:39.047 [info] > git rev-parse --show-toplevel [103ms]
2026-09-18 12:43:39.048 [info] fatal: not a git repository (or any of the parent directories): .git
2026-09-18 12:43:39.143 [info] > git rev-parse --show-toplevel [56ms]
2026-09-18 12:43:39.144 [info] fatal: not a git repository (or any of the parent directories): .git
2026-09-18 12:43:40.583 [info] > git rev-parse --show-toplevel [1411ms]
2026-09-18 12:43:40.583 [info] fatal: not a git repository (or any of the parent directories): .git
2026-09-18 12:43:40.985 [info] > git rev-parse --show-toplevel [273ms]
2026-09-18 12:43:40.986 [info] fatal: not a git repository (or any of the parent directories): .git
2026-09-18 12:43:41.214 [info] > git rev-parse --show-toplevel [168ms]
2026-09-18 12:43:41.491 [info] > git rev-parse --git-dir --git-common-dir --show-superproject-working-tree [202ms]
2026-09-18 12:43:41.623 [info] [Model][openRepository] Opened repository (path): /home/ubuntu/ros2_ws/src/jerro
2026-09-18 12:43:41.623 [info] [Model][openRepository] Opened repository (real path): /home/ubuntu/ros2_ws/src/jerro
2026-09-18 12:43:41.623 [info] [Model][openRepository] Opened repository (kind): repository
2026-09-18 12:43:41.918 [info] > git config --get --local core.virtualfilesystem [258ms]
2026-09-18 12:43:41.919 [warning] [Git][config] git config failed: Failed to execute git
2026-09-18 12:43:42.029 [info] > git config --get commit.template [142ms]
2026-09-18 12:43:42.098 [info] > git rev-parse --show-toplevel [191ms]
2026-09-18 12:43:42.098 [info] fatal: not a git repository (or any of the parent directories): .git
2026-09-18 12:43:42.105 [info] [Model][doInitialScan] Initial repository scan completed - repositories (1), closed repositories (0), parent repositories (0), unsafe repositories (0)
2026-09-18 12:43:42.155 [info] > git for-each-ref --format=%(refname)%00%(upstream:short)%00%(objectname)%00%(upstream:track)%00%(upstream:remotename)%00%(upstream:remoteref) refs/heads/main refs/remotes/main [23ms]
2026-09-18 12:43:42.206 [warning] [Git][revParse] Unable to read file: ENOENT: no such file or directory, open '/home/ubuntu/ros2_ws/src/jerro/.git/refs/remotes/origin/main'
2026-09-18 12:43:42.259 [info] > git rev-parse refs/remotes/origin/main [53ms]
2026-09-18 12:43:42.341 [info] > git status -z -uall [60ms]
2026-09-18 12:43:42.374 [info] > git for-each-ref --sort -committerdate --format %(refname)%00%(objectname)%00%(*objectname) [65ms]
2026-09-18 12:43:42.611 [info] > git check-ignore -v -z --stdin [31ms]
2026-09-18 12:43:42.619 [info] > git config --get commit.template [16ms]
2026-09-18 12:43:42.620 [info] > git for-each-ref --format=%(refname)%00%(upstream:short)%00%(objectname)%00%(upstream:track)%00%(upstream:remotename)%00%(upstream:remoteref) refs/heads/main refs/remotes/main [70ms]
2026-09-18 12:43:42.813 [info] > git config --get --local branch.main.vscode-merge-base [170ms]
2026-09-18 12:43:42.870 [info] > git for-each-ref --format=%(refname)%00%(upstream:short)%00%(objectname)%00%(upstream:track)%00%(upstream:remotename)%00%(upstream:remoteref) refs/heads/main refs/remotes/main [70ms]
2026-09-18 12:43:42.891 [warning] [Git][revParse] Unable to read file: ENOENT: no such file or directory, open '/home/ubuntu/ros2_ws/src/jerro/.git/refs/remotes/origin/main'
2026-09-18 12:43:42.892 [info] > git for-each-ref --format=%(refname)%00%(upstream:short)%00%(objectname)%00%(upstream:track)%00%(upstream:remotename)%00%(upstream:remoteref) refs/heads/origin/main refs/remotes/origin/main [36ms]
2026-09-18 12:43:42.946 [info] > git rev-parse refs/remotes/origin/main [55ms]
2026-09-18 12:43:42.994 [info] > git status -z -uall [28ms]
2026-09-18 12:43:43.061 [info] > git merge-base refs/heads/main refs/remotes/origin/main [135ms]
2026-09-18 12:43:43.327 [info] > git diff --raw --numstat --diff-filter=ADMR -z --find-renames=50% 69f13f102dd54e6d5f826f124bc5d20eb682f60c...refs/remotes/origin/main -- [244ms]
2026-09-18 12:43:43.329 [info] > git for-each-ref --sort -committerdate --format %(refname)%00%(objectname)%00%(*objectname) [341ms]
2026-09-18 12:44:21.955 [info] > git rev-parse --show-toplevel [118ms]
2026-09-18 12:44:21.955 [info] fatal: not a git repository (or any of the parent directories): .git
2026-09-18 12:44:54.282 [info] > git rev-parse --show-toplevel [16ms]
2026-09-18 12:44:54.282 [info] fatal: not a git repository (or any of the parent directories): .git
2026-09-18 12:45:15.056 [info] > git rev-parse --show-toplevel [9ms]
2026-09-18 12:45:15.056 [info] fatal: not a git repository (or any of the parent directories): .git
2026-09-18 12:45:47.708 [info] > git rev-parse --show-toplevel [28ms]
2026-09-18 12:45:47.709 [info] fatal: not a git repository (or any of the parent directories): .git
2026-09-18 12:46:17.568 [info] > git rev-parse --show-toplevel [8ms]
2026-09-18 12:46:17.568 [info] fatal: not a git repository (or any of the parent directories): .git
2026-09-18 12:46:50.020 [info] > git rev-parse --show-toplevel [22ms]
2026-09-18 12:46:50.020 [info] fatal: not a git repository (or any of the parent directories): .git
2026-09-18 12:46:56.164 [info] > git rev-parse --show-toplevel [11ms]
2026-09-18 12:46:56.164 [info] fatal: not a git repository (or any of the parent directories): .git
2026-09-18 12:47:03.391 [info] > git rev-parse --show-toplevel [20ms]
2026-09-18 12:47:03.391 [info] fatal: not a git repository (or any of the parent directories): .git
2026-09-18 12:47:17.415 [info] > git rev-parse --show-toplevel [10ms]
2026-09-18 12:47:17.415 [info] fatal: not a git repository (or any of the parent directories): .git
2026-09-18 12:47:29.660 [info] > git rev-parse --show-toplevel [7ms]
2026-09-18 12:47:29.660 [info] fatal: not a git repository (or any of the parent directories): .git
2026-09-18 12:48:50.397 [info] > git rev-parse --show-toplevel [7ms]
2026-09-18 12:48:50.397 [info] fatal: not a git repository (or any of the parent directories): .git
2026-09-18 12:48:54.828 [info] > git rev-parse --show-toplevel [7ms]
2026-09-18 12:48:54.829 [info] fatal: not a git repository (or any of the parent directories): .git
2026-09-18 12:49:07.419 [info] > git rev-parse --show-toplevel [7ms]
2026-09-18 12:49:07.420 [info] fatal: not a git repository (or any of the parent directories): .git
2026-09-18 12:49:18.045 [info] > git rev-parse --show-toplevel [11ms]
2026-09-18 12:49:18.046 [info] fatal: not a git repository (or any of the parent directories): .git
2026-09-18 12:49:53.397 [info] > git rev-parse --show-toplevel [7ms]
2026-09-18 12:49:53.397 [info] fatal: not a git repository (or any of the parent directories): .git
2026-09-18 12:49:58.304 [info] > git rev-parse --show-toplevel [9ms]
2026-09-18 12:49:58.304 [info] fatal: not a git repository (or any of the parent directories): .git
