2026-09-22 14:27:47.939 [info] [main] Log level: Info
2026-09-22 14:27:47.939 [info] [main] Validating found git in: "git"
2026-09-22 14:27:47.939 [info] [main] Using git "2.34.1" from "git"
2026-09-22 14:27:47.939 [info] [Model][doInitialScan] Initial repository scan started
2026-09-22 14:27:47.939 [info] > git rev-parse --show-toplevel [95ms]
2026-09-22 14:27:47.939 [info] fatal: not a git repository (or any of the parent directories): .git
2026-09-22 14:27:47.976 [info] > git rev-parse --show-toplevel [367ms]
2026-09-22 14:27:48.075 [info] > git rev-parse --git-dir --git-common-dir --show-superproject-working-tree [35ms]
2026-09-22 14:27:48.639 [info] [Model][openRepository] Opened repository (path): /home/ubuntu/ros2_ws/src/jerro
2026-09-22 14:27:48.642 [info] [Model][openRepository] Opened repository (real path): /home/ubuntu/ros2_ws/src/jerro
2026-09-22 14:27:48.642 [info] [Model][openRepository] Opened repository (kind): repository
2026-09-22 14:27:48.861 [info] > git config --get commit.template [76ms]
2026-09-22 14:27:48.866 [info] > git config --get --local core.virtualfilesystem [166ms]
2026-09-22 14:27:48.870 [warning] [Git][config] git config failed: Failed to execute git
2026-09-22 14:27:48.928 [info] > git rev-parse --show-toplevel [118ms]
2026-09-22 14:27:48.928 [info] fatal: not a git repository (or any of the parent directories): .git
2026-09-22 14:27:48.959 [info] > git for-each-ref --format=%(refname)%00%(upstream:short)%00%(objectname)%00%(upstream:track)%00%(upstream:remotename)%00%(upstream:remoteref) refs/heads/main refs/remotes/main [35ms]
2026-09-22 14:27:48.985 [warning] [Git][revParse] Unable to read file: ENOENT: no such file or directory, open '/home/ubuntu/ros2_ws/src/jerro/.git/refs/remotes/origin/main'
2026-09-22 14:27:48.988 [info] > git rev-parse --show-toplevel [30ms]
2026-09-22 14:27:48.988 [info] fatal: not a git repository (or any of the parent directories): .git
2026-09-22 14:27:49.018 [info] > git rev-parse refs/remotes/origin/main [33ms]
2026-09-22 14:27:49.137 [info] > git status -z -uall [88ms]
2026-09-22 14:27:49.170 [info] > git rev-parse --show-toplevel [155ms]
2026-09-22 14:27:49.170 [info] fatal: not a git repository (or any of the parent directories): .git
2026-09-22 14:27:49.329 [info] > git for-each-ref --sort -committerdate --format %(refname)%00%(objectname)%00%(*objectname) [203ms]
2026-09-22 14:27:49.774 [info] > git check-ignore -v -z --stdin [140ms]
2026-09-22 14:27:49.793 [info] > git config --get commit.template [65ms]
2026-09-22 14:27:49.794 [info] > git for-each-ref --format=%(refname)%00%(upstream:short)%00%(objectname)%00%(upstream:track)%00%(upstream:remotename)%00%(upstream:remoteref) refs/heads/main refs/remotes/main [246ms]
2026-09-22 14:27:49.860 [info] > git rev-parse --show-toplevel [599ms]
2026-09-22 14:27:49.860 [info] fatal: not a git repository (or any of the parent directories): .git
2026-09-22 14:27:49.905 [info] > git check-ignore -v -z --stdin [135ms]
2026-09-22 14:27:50.014 [info] > git rev-parse --show-toplevel [111ms]
2026-09-22 14:27:50.014 [info] fatal: not a git repository (or any of the parent directories): .git
2026-09-22 14:27:50.016 [info] > git config --get --local branch.main.vscode-merge-base [157ms]
2026-09-22 14:27:50.105 [info] > git for-each-ref --format=%(refname)%00%(upstream:short)%00%(objectname)%00%(upstream:track)%00%(upstream:remotename)%00%(upstream:remoteref) refs/heads/main refs/remotes/main [125ms]
2026-09-22 14:27:50.107 [info] > git for-each-ref --format=%(refname)%00%(upstream:short)%00%(objectname)%00%(upstream:track)%00%(upstream:remotename)%00%(upstream:remoteref) refs/heads/origin/main refs/remotes/origin/main [36ms]
2026-09-22 14:27:50.169 [warning] [Git][revParse] Unable to read file: ENOENT: no such file or directory, open '/home/ubuntu/ros2_ws/src/jerro/.git/refs/remotes/origin/main'
2026-09-22 14:27:50.174 [info] > git rev-parse --show-toplevel [71ms]
2026-09-22 14:27:50.174 [info] fatal: not a git repository (or any of the parent directories): .git
2026-09-22 14:27:50.215 [info] [Model][doInitialScan] Initial repository scan completed - repositories (1), closed repositories (0), parent repositories (0), unsafe repositories (0)
2026-09-22 14:27:50.356 [info] > git show --textconv :jerro_drivers/src/encoder_publisher.cpp [80ms]
2026-09-22 14:27:50.357 [info] > git merge-base refs/heads/main refs/remotes/origin/main [213ms]
2026-09-22 14:27:50.413 [info] > git rev-parse refs/remotes/origin/main [244ms]
2026-09-22 14:27:50.491 [info] > git status -z -uall [58ms]
2026-09-22 14:27:50.492 [info] > git diff --raw --numstat --diff-filter=ADMR -z --find-renames=50% 69f13f102dd54e6d5f826f124bc5d20eb682f60c...refs/remotes/origin/main -- [85ms]
2026-09-22 14:27:50.496 [info] > git rev-parse --show-toplevel [142ms]
2026-09-22 14:27:50.496 [info] fatal: not a git repository (or any of the parent directories): .git
2026-09-22 14:27:50.497 [info] > git ls-files --stage -- jerro_drivers/src/encoder_publisher.cpp [186ms]
2026-09-22 14:27:50.546 [info] > git for-each-ref --sort -committerdate --format %(refname)%00%(objectname)%00%(*objectname) [58ms]
2026-09-22 14:27:50.633 [info] > git cat-file -s f720690041e050d265a1448397246a425562b2cb [93ms]
2026-09-22 14:27:50.862 [info] > git blame --root --incremental 69f13f102dd54e6d5f826f124bc5d20eb682f60c -- jerro_drivers/src/encoder_publisher.cpp [39ms]
2026-09-22 14:27:55.321 [info] > git rev-parse --show-toplevel [42ms]
2026-09-22 14:27:55.321 [info] fatal: not a git repository (or any of the parent directories): .git
2026-09-22 14:33:27.947 [info] > git check-ignore -v -z --stdin [6ms]
2026-09-22 14:33:28.052 [info] > git show --textconv :jerro_drivers/src/encoder_publisher.cpp [27ms]
2026-09-22 14:33:28.057 [info] > git ls-files --stage -- jerro_drivers/src/encoder_publisher.cpp [7ms]
2026-09-22 14:33:28.085 [info] > git cat-file -s f720690041e050d265a1448397246a425562b2cb [7ms]
2026-09-22 14:33:29.448 [info] > git rev-parse --show-toplevel [16ms]
2026-09-22 14:33:29.448 [info] fatal: not a git repository (or any of the parent directories): .git
2026-09-22 14:34:18.508 [info] > git rev-parse --show-toplevel [23ms]
2026-09-22 14:34:18.508 [info] fatal: not a git repository (or any of the parent directories): .git
