2026-09-21 18:18:18.952 [info] Python-envs extension version: 1.36.0
2026-09-21 18:18:18.952 [info] 
=== Python Envs Configuration Levels ===
2026-09-21 18:18:18.952 [info] {
  "section": "Python Envs Configuration Levels",
  "defaultEnvManager": {
    "workspaceFolderValue": "undefined",
    "workspaceValue": "undefined",
    "globalValue": "undefined",
    "defaultValue": "ms-python.python:venv"
  },
  "defaultPackageManager": {
    "workspaceFolderValue": "undefined",
    "workspaceValue": "undefined",
    "globalValue": "undefined",
    "defaultValue": "ms-python.python:pip"
  }
}
2026-09-21 18:18:18.952 [info] [pet] Starting Python Locator /home/ubuntu/.vscode-server/extensions/ms-python.vscode-python-envs-1.36.0-linux-arm64/python-env-tools/bin/pet server
2026-09-21 18:18:18.952 [info] Registering pyenv manager (environments will be discovered lazily)
2026-09-21 18:18:18.952 [info] Registering pipenv manager (environments will be discovered lazily)
2026-09-21 18:18:18.952 [info] Registering poetry manager (environments will be discovered lazily)
2026-09-21 18:18:19.089 [info] [pet] configure: Sending configuration update: {"workspaceDirectories":["/home/ubuntu/ros2_ws"],"environmentDirectories":["/home/ubuntu/ros2_ws/.venv","/home/ubuntu/ros2_ws/*/.venv"],"pipenvExecutable":"pipenv","poetryExecutable":"poetry","cacheDirectory":"/home/ubuntu/.vscode-server/data/User/globalStorage/ms-python.vscode-python-envs/pythonLocator"}
2026-09-21 18:18:19.272 [info] Discovered env: /usr/bin/python3
2026-09-21 18:18:19.466 [info] Conda not found, turning off conda features. [Error: Conda not found
	at L (/home/ubuntu/.vscode-server/extensions/ms-python.vscode-python-envs-1.36.0-linux-arm64/dist/extension.js:2:629081)
	at runNextTicks (node:internal/process/task_queues:65:5)
	at process.processImmediate (node:internal/timers:472:9)
	at async V (/home/ubuntu/.vscode-server/extensions/ms-python.vscode-python-envs-1.36.0-linux-arm64/dist/extension.js:2:629206)
	at async t.registerCondaFeatures (/home/ubuntu/.vscode-server/extensions/ms-python.vscode-python-envs-1.36.0-linux-arm64/dist/extension.js:2:648591)
	at async t.safeRegister (/home/ubuntu/.vscode-server/extensions/ms-python.vscode-python-envs-1.36.0-linux-arm64/dist/extension.js:2:290365)
	at async Promise.all (index 1)
	at async Immediate.<anonymous> (/home/ubuntu/.vscode-server/extensions/ms-python.vscode-python-envs-1.36.0-linux-arm64/dist/extension.js:2:782813)]
2026-09-21 18:18:19.482 [info] [interpreterSelection] Applying initial environment selection for 1 workspace folder(s)
2026-09-21 18:18:19.503 [info] [SYS_SET] scope=/home/ubuntu/ros2_ws, project=/home/ubuntu/ros2_ws, normalizedKey=/home/ubuntu/ros2_ws, env=Python 3.10.12.final.0-q3gmcn02eiq
2026-09-21 18:18:19.537 [info] Extension for manager ms-python.python:venv is not active: Activating...
2026-09-21 18:18:19.801 [info] Python API: Changed environment from undefined to Python 3.10.12.final.0 for: /home/ubuntu/ros2_ws
2026-09-21 18:18:19.802 [info] Internal: Changed environment from undefined to Python 3.10.12.final.0 for: /home/ubuntu/ros2_ws
2026-09-21 18:18:19.807 [info] [interpreterSelection] ros2_ws: Python 3.10.12.final.0 (source: autoDiscovery)
2026-09-21 18:18:19.807 [info] [interpreterSelection] Workspace env resolved, deferring global scope to background
2026-09-21 18:18:19.986 [info] Refreshing pyenv environments
2026-09-21 18:18:20.031 [info] Python API: Changed environment from undefined to Python 3.10.12.final.0 for: global
2026-09-21 18:18:20.031 [info] Internal: Changed environment from undefined to Python 3.10.12.final.0 for: global
2026-09-21 18:18:20.032 [info] [interpreterSelection] global: Python 3.10.12.final.0 (source: autoDiscovery)
2026-09-21 18:18:20.033 [info] Pipenv not found via settings, cache, or PATH
2026-09-21 18:18:20.035 [info] Refreshing pipenv environments
2026-09-21 18:18:20.045 [info] Pipenv not found via settings, cache, or PATH
2026-09-21 18:18:20.046 [info] Found 0 pipenv environments
2026-09-21 18:18:20.054 [info] Pipenv not found via settings, cache, or PATH
2026-09-21 18:18:20.076 [info] Refreshing poetry environments
2026-09-21 18:18:20.085 [info] Poetry executable not found
2026-09-21 18:18:20.094 [info] Environment discovery complete: 1 environments found (Global: 1)
2026-09-21 18:18:20.447 [info] Extension for manager ms-python.python:venv is now active.
2026-09-21 18:18:20.456 [info] Refreshing Pyenv Environments
2026-09-21 18:18:20.456 [info] Refreshing pyenv environments
2026-09-21 18:18:20.456 [info] Refreshing Pipenv Environments
2026-09-21 18:18:20.456 [info] Refreshing pipenv environments
2026-09-21 18:18:20.456 [info] Refreshing Poetry Environments
2026-09-21 18:18:20.456 [info] Refreshing poetry environments
2026-09-21 18:18:21.804 [info] Discovered env: /usr/bin/python3
2026-09-21 18:18:22.134 [info] Discovered env: /usr/bin/python3
2026-09-21 18:18:23.066 [info] Discovered env: /usr/bin/python3
2026-09-21 18:18:25.578 [info] Discovered env: /usr/bin/python3
2026-09-21 18:18:26.566 [info] Discovered env: /usr/bin/python3
2026-09-21 18:18:26.765 [info] Pipenv not found via settings, cache, or PATH
2026-09-21 18:18:26.765 [info] Found 0 pipenv environments
2026-09-21 18:18:26.860 [info] Poetry executable not found
2026-09-21 18:18:36.640 [info] Resolved Python Environment /usr/bin/python3
2026-09-21 18:18:36.740 [info] Resolved Python Environment /usr/bin/python3
2026-09-21 18:18:36.850 [info] Resolved Python Environment /usr/bin/python3
2026-09-21 18:18:36.937 [info] Resolved Python Environment /usr/bin/python3
2026-09-21 18:18:36.997 [info] Resolved Python Environment /usr/bin/python3
2026-09-21 18:18:37.062 [info] Resolved Python Environment /usr/bin/python3
2026-09-21 18:18:37.124 [info] Resolved Python Environment /usr/bin/python3
2026-09-21 18:18:37.183 [info] Resolved Python Environment /usr/bin/python3
2026-09-21 18:18:37.294 [info] Resolved Python Environment /usr/bin/python3
2026-09-21 18:18:37.379 [info] Resolved Python Environment /usr/bin/python3
2026-09-21 18:19:46.974 [info] Resolved Python Environment /usr/bin/python3
2026-09-21 18:19:47.028 [info] Resolved Python Environment /usr/bin/python3
2026-09-21 18:19:47.084 [info] Resolved Python Environment /usr/bin/python3
2026-09-21 18:19:47.140 [info] Resolved Python Environment /usr/bin/python3
2026-09-21 18:19:47.195 [info] Resolved Python Environment /usr/bin/python3
2026-09-21 18:19:48.106 [info] Resolved Python Environment /usr/bin/python3
2026-09-21 18:19:48.164 [info] Resolved Python Environment /usr/bin/python3
2026-09-21 18:19:48.218 [info] Resolved Python Environment /usr/bin/python3
2026-09-21 18:19:48.273 [info] Resolved Python Environment /usr/bin/python3
2026-09-21 18:19:48.329 [info] Resolved Python Environment /usr/bin/python3
2026-09-21 18:20:30.904 [info] Resolved Python Environment /usr/bin/python3
2026-09-21 18:20:30.965 [info] Resolved Python Environment /usr/bin/python3
2026-09-21 18:20:31.024 [info] Resolved Python Environment /usr/bin/python3
2026-09-21 18:20:31.081 [info] Resolved Python Environment /usr/bin/python3
2026-09-21 18:20:31.137 [info] Resolved Python Environment /usr/bin/python3
2026-09-21 18:20:38.030 [info] Resolved Python Environment /usr/bin/python3
2026-09-21 18:20:38.094 [info] Resolved Python Environment /usr/bin/python3
2026-09-21 18:20:38.153 [info] Resolved Python Environment /usr/bin/python3
2026-09-21 18:20:38.210 [info] Resolved Python Environment /usr/bin/python3
2026-09-21 18:20:38.261 [info] Resolved Python Environment /usr/bin/python3
2026-09-21 18:20:39.054 [info] Resolved Python Environment /usr/bin/python3
2026-09-21 18:20:39.076 [info] Resolved Python Environment /usr/bin/python3
2026-09-21 18:20:39.130 [info] Resolved Python Environment /usr/bin/python3
2026-09-21 18:20:39.148 [info] Resolved Python Environment /usr/bin/python3
2026-09-21 18:20:39.208 [info] Resolved Python Environment /usr/bin/python3
2026-09-21 18:20:39.224 [info] Resolved Python Environment /usr/bin/python3
2026-09-21 18:20:39.260 [info] Resolved Python Environment /usr/bin/python3
2026-09-21 18:20:39.280 [info] Resolved Python Environment /usr/bin/python3
2026-09-21 18:20:39.312 [info] Resolved Python Environment /usr/bin/python3
2026-09-21 18:20:39.332 [info] Resolved Python Environment /usr/bin/python3
2026-09-21 18:20:51.307 [info] Resolved Python Environment /usr/bin/python3
2026-09-21 18:20:51.364 [info] Resolved Python Environment /usr/bin/python3
2026-09-21 18:20:51.418 [info] Resolved Python Environment /usr/bin/python3
2026-09-21 18:20:51.542 [info] Resolved Python Environment /usr/bin/python3
2026-09-21 18:20:51.647 [info] Resolved Python Environment /usr/bin/python3
2026-09-21 18:20:52.853 [info] Resolved Python Environment /usr/bin/python3
2026-09-21 18:20:52.923 [info] Resolved Python Environment /usr/bin/python3
2026-09-21 18:20:52.994 [info] Resolved Python Environment /usr/bin/python3
2026-09-21 18:20:53.079 [info] Resolved Python Environment /usr/bin/python3
2026-09-21 18:20:53.137 [info] Resolved Python Environment /usr/bin/python3
2026-09-21 18:21:49.079 [info] Resolved Python Environment /usr/bin/python3
2026-09-21 18:21:49.136 [info] Resolved Python Environment /usr/bin/python3
2026-09-21 18:21:49.200 [info] Resolved Python Environment /usr/bin/python3
2026-09-21 18:21:49.257 [info] Resolved Python Environment /usr/bin/python3
2026-09-21 18:21:49.404 [info] Resolved Python Environment /usr/bin/python3
2026-09-21 18:21:50.521 [info] Resolved Python Environment /usr/bin/python3
2026-09-21 18:21:50.604 [info] Resolved Python Environment /usr/bin/python3
2026-09-21 18:21:50.672 [info] Resolved Python Environment /usr/bin/python3
2026-09-21 18:21:50.735 [info] Resolved Python Environment /usr/bin/python3
2026-09-21 18:21:50.799 [info] Resolved Python Environment /usr/bin/python3
2026-09-21 18:22:03.637 [info] Resolved Python Environment /usr/bin/python3
2026-09-21 18:22:03.758 [info] Resolved Python Environment /usr/bin/python3
2026-09-21 18:22:04.081 [info] Resolved Python Environment /usr/bin/python3
2026-09-21 18:22:04.133 [info] Resolved Python Environment /usr/bin/python3
2026-09-21 18:22:04.190 [info] Resolved Python Environment /usr/bin/python3
2026-09-21 18:22:12.800 [info] Resolved Python Environment /usr/bin/python3
2026-09-21 18:22:12.854 [info] Resolved Python Environment /usr/bin/python3
2026-09-21 18:22:12.909 [info] Resolved Python Environment /usr/bin/python3
2026-09-21 18:22:12.964 [info] Resolved Python Environment /usr/bin/python3
2026-09-21 18:22:13.022 [info] Resolved Python Environment /usr/bin/python3
2026-09-21 18:22:14.680 [info] Resolved Python Environment /usr/bin/python3
2026-09-21 18:22:14.730 [info] Resolved Python Environment /usr/bin/python3
2026-09-21 18:22:15.048 [info] Resolved Python Environment /usr/bin/python3
2026-09-21 18:22:15.921 [info] Resolved Python Environment /usr/bin/python3
2026-09-21 18:22:15.979 [info] Resolved Python Environment /usr/bin/python3
2026-09-21 18:22:16.210 [info] Resolved Python Environment /usr/bin/python3
2026-09-21 18:22:16.271 [info] Resolved Python Environment /usr/bin/python3
2026-09-21 18:22:16.326 [info] Resolved Python Environment /usr/bin/python3
2026-09-21 18:22:16.381 [info] Resolved Python Environment /usr/bin/python3
2026-09-21 18:22:16.435 [info] Resolved Python Environment /usr/bin/python3
2026-09-21 18:22:34.506 [info] Resolved Python Environment /usr/bin/python3
2026-09-21 18:22:34.577 [info] Resolved Python Environment /usr/bin/python3
2026-09-21 18:22:34.655 [info] Resolved Python Environment /usr/bin/python3
2026-09-21 18:22:34.729 [info] Resolved Python Environment /usr/bin/python3
2026-09-21 18:22:34.812 [info] Resolved Python Environment /usr/bin/python3
2026-09-21 18:22:35.706 [info] Resolved Python Environment /usr/bin/python3
2026-09-21 18:22:35.767 [info] Resolved Python Environment /usr/bin/python3
2026-09-21 18:22:35.876 [info] Resolved Python Environment /usr/bin/python3
2026-09-21 18:22:35.989 [info] Resolved Python Environment /usr/bin/python3
2026-09-21 18:22:36.075 [info] Resolved Python Environment /usr/bin/python3
2026-09-21 18:23:16.287 [info] Resolved Python Environment /usr/bin/python3
2026-09-21 18:23:16.342 [info] Resolved Python Environment /usr/bin/python3
2026-09-21 18:23:16.396 [info] Resolved Python Environment /usr/bin/python3
2026-09-21 18:23:16.460 [info] Resolved Python Environment /usr/bin/python3
2026-09-21 18:23:16.598 [info] Resolved Python Environment /usr/bin/python3
2026-09-21 18:23:17.686 [info] Resolved Python Environment /usr/bin/python3
2026-09-21 18:23:17.841 [info] Resolved Python Environment /usr/bin/python3
2026-09-21 18:23:17.925 [info] Resolved Python Environment /usr/bin/python3
2026-09-21 18:23:18.019 [info] Resolved Python Environment /usr/bin/python3
2026-09-21 18:23:18.086 [info] Resolved Python Environment /usr/bin/python3
2026-09-21 18:26:00.339 [info] Resolved Python Environment /usr/bin/python3
2026-09-21 18:26:00.523 [info] Resolved Python Environment /usr/bin/python3
2026-09-21 18:26:00.616 [info] Resolved Python Environment /usr/bin/python3
2026-09-21 18:26:00.684 [info] Resolved Python Environment /usr/bin/python3
2026-09-21 18:26:00.751 [info] Resolved Python Environment /usr/bin/python3
2026-09-21 18:26:01.694 [info] Resolved Python Environment /usr/bin/python3
2026-09-21 18:26:01.804 [info] Resolved Python Environment /usr/bin/python3
2026-09-21 18:26:01.891 [info] Resolved Python Environment /usr/bin/python3
2026-09-21 18:26:02.080 [info] Resolved Python Environment /usr/bin/python3
2026-09-21 18:26:02.188 [info] Resolved Python Environment /usr/bin/python3
2026-09-21 18:27:35.979 [info] Resolved Python Environment /usr/bin/python3
2026-09-21 18:27:36.038 [info] Resolved Python Environment /usr/bin/python3
2026-09-21 18:27:36.100 [info] Resolved Python Environment /usr/bin/python3
2026-09-21 18:27:36.219 [info] Resolved Python Environment /usr/bin/python3
2026-09-21 18:27:36.286 [info] Resolved Python Environment /usr/bin/python3
2026-09-21 18:31:05.846 [info] Resolved Python Environment /usr/bin/python3
2026-09-21 18:31:05.913 [info] Resolved Python Environment /usr/bin/python3
2026-09-21 18:31:06.002 [info] Resolved Python Environment /usr/bin/python3
2026-09-21 18:31:06.103 [info] Resolved Python Environment /usr/bin/python3
2026-09-21 18:31:06.173 [info] Resolved Python Environment /usr/bin/python3
2026-09-21 18:31:50.534 [info] Resolved Python Environment /usr/bin/python3
2026-09-21 18:31:50.596 [info] Resolved Python Environment /usr/bin/python3
2026-09-21 18:31:50.654 [info] Resolved Python Environment /usr/bin/python3
2026-09-21 18:31:50.712 [info] Resolved Python Environment /usr/bin/python3
2026-09-21 18:31:50.833 [info] Resolved Python Environment /usr/bin/python3
2026-09-21 18:32:22.037 [info] Resolved Python Environment /usr/bin/python3
2026-09-21 18:32:22.097 [info] Resolved Python Environment /usr/bin/python3
2026-09-21 18:32:22.209 [info] Resolved Python Environment /usr/bin/python3
2026-09-21 18:32:22.291 [info] Resolved Python Environment /usr/bin/python3
2026-09-21 18:32:22.353 [info] Resolved Python Environment /usr/bin/python3
2026-09-21 18:33:31.518 [info] Resolved Python Environment /usr/bin/python3
2026-09-21 18:33:31.577 [info] Resolved Python Environment /usr/bin/python3
2026-09-21 18:33:31.640 [info] Resolved Python Environment /usr/bin/python3
2026-09-21 18:33:31.697 [info] Resolved Python Environment /usr/bin/python3
2026-09-21 18:33:31.783 [info] Resolved Python Environment /usr/bin/python3
2026-09-21 18:33:42.354 [info] Resolved Python Environment /usr/bin/python3
2026-09-21 18:33:42.414 [info] Resolved Python Environment /usr/bin/python3
2026-09-21 18:33:42.474 [info] Resolved Python Environment /usr/bin/python3
2026-09-21 18:33:42.534 [info] Resolved Python Environment /usr/bin/python3
2026-09-21 18:33:42.647 [info] Resolved Python Environment /usr/bin/python3
2026-09-21 18:34:04.519 [info] Resolved Python Environment /usr/bin/python3
2026-09-21 18:34:04.579 [info] Resolved Python Environment /usr/bin/python3
2026-09-21 18:34:04.637 [info] Resolved Python Environment /usr/bin/python3
2026-09-21 18:34:04.759 [info] Resolved Python Environment /usr/bin/python3
2026-09-21 18:34:04.851 [info] Resolved Python Environment /usr/bin/python3
2026-09-21 18:34:34.131 [info] Resolved Python Environment /usr/bin/python3
2026-09-21 18:34:34.181 [info] Resolved Python Environment /usr/bin/python3
2026-09-21 18:34:34.235 [info] Resolved Python Environment /usr/bin/python3
2026-09-21 18:34:34.290 [info] Resolved Python Environment /usr/bin/python3
2026-09-21 18:34:34.349 [info] Resolved Python Environment /usr/bin/python3
2026-09-21 18:34:36.474 [info] Resolved Python Environment /usr/bin/python3
2026-09-21 18:34:37.118 [info] Resolved Python Environment /usr/bin/python3
2026-09-21 18:34:37.222 [info] Resolved Python Environment /usr/bin/python3
2026-09-21 18:34:37.291 [info] Resolved Python Environment /usr/bin/python3
2026-09-21 18:34:37.431 [info] Resolved Python Environment /usr/bin/python3
2026-09-21 18:34:39.067 [info] Resolved Python Environment /usr/bin/python3
2026-09-21 18:34:39.121 [info] Resolved Python Environment /usr/bin/python3
2026-09-21 18:34:39.175 [info] Resolved Python Environment /usr/bin/python3
2026-09-21 18:34:39.865 [info] Resolved Python Environment /usr/bin/python3
2026-09-21 18:34:39.919 [info] Resolved Python Environment /usr/bin/python3
2026-09-21 18:38:09.068 [info] Resolved Python Environment /usr/bin/python3
2026-09-21 18:38:09.125 [info] Resolved Python Environment /usr/bin/python3
2026-09-21 18:38:09.187 [info] Resolved Python Environment /usr/bin/python3
2026-09-21 18:38:09.312 [info] Resolved Python Environment /usr/bin/python3
2026-09-21 18:38:09.400 [info] Resolved Python Environment /usr/bin/python3
2026-09-21 18:45:30.426 [info] Resolved Python Environment /usr/bin/python3
2026-09-21 18:45:30.479 [info] Resolved Python Environment /usr/bin/python3
2026-09-21 18:45:30.532 [info] Resolved Python Environment /usr/bin/python3
2026-09-21 18:45:30.587 [info] Resolved Python Environment /usr/bin/python3
2026-09-21 18:45:30.645 [info] Resolved Python Environment /usr/bin/python3
2026-09-21 18:45:40.907 [info] Resolved Python Environment /usr/bin/python3
2026-09-21 18:45:40.960 [info] Resolved Python Environment /usr/bin/python3
2026-09-21 18:45:41.017 [info] Resolved Python Environment /usr/bin/python3
2026-09-21 18:45:41.071 [info] Resolved Python Environment /usr/bin/python3
2026-09-21 18:45:41.128 [info] Resolved Python Environment /usr/bin/python3
2026-09-21 18:45:42.226 [info] Resolved Python Environment /usr/bin/python3
2026-09-21 18:45:42.276 [info] Resolved Python Environment /usr/bin/python3
2026-09-21 18:45:42.334 [info] Resolved Python Environment /usr/bin/python3
2026-09-21 18:45:42.391 [info] Resolved Python Environment /usr/bin/python3
2026-09-21 18:45:42.447 [info] Resolved Python Environment /usr/bin/python3
2026-09-21 18:46:56.723 [info] Resolved Python Environment /usr/bin/python3
2026-09-21 18:46:56.881 [info] Resolved Python Environment /usr/bin/python3
2026-09-21 18:46:57.021 [info] Resolved Python Environment /usr/bin/python3
2026-09-21 18:46:57.190 [info] Resolved Python Environment /usr/bin/python3
2026-09-21 18:46:57.365 [info] Resolved Python Environment /usr/bin/python3
2026-09-21 18:47:04.364 [info] Resolved Python Environment /usr/bin/python3
2026-09-21 18:47:04.422 [info] Resolved Python Environment /usr/bin/python3
2026-09-21 18:47:04.483 [info] Resolved Python Environment /usr/bin/python3
2026-09-21 18:47:04.541 [info] Resolved Python Environment /usr/bin/python3
2026-09-21 18:47:04.599 [info] Resolved Python Environment /usr/bin/python3
2026-09-21 18:50:06.704 [info] Resolved Python Environment /usr/bin/python3
2026-09-21 18:50:06.758 [info] Resolved Python Environment /usr/bin/python3
2026-09-21 18:50:06.815 [info] Resolved Python Environment /usr/bin/python3
2026-09-21 18:50:06.871 [info] Resolved Python Environment /usr/bin/python3
2026-09-21 18:50:06.926 [info] Resolved Python Environment /usr/bin/python3
2026-09-21 18:50:12.381 [info] Resolved Python Environment /usr/bin/python3
2026-09-21 18:50:12.447 [info] Resolved Python Environment /usr/bin/python3
2026-09-21 18:50:12.559 [info] Resolved Python Environment /usr/bin/python3
2026-09-21 18:50:12.659 [info] Resolved Python Environment /usr/bin/python3
2026-09-21 18:50:12.738 [info] Resolved Python Environment /usr/bin/python3
2026-09-21 18:50:20.824 [info] Resolved Python Environment /usr/bin/python3
2026-09-21 18:50:20.893 [info] Resolved Python Environment /usr/bin/python3
2026-09-21 18:50:21.026 [info] Resolved Python Environment /usr/bin/python3
2026-09-21 18:50:21.106 [info] Resolved Python Environment /usr/bin/python3
2026-09-21 18:50:21.193 [info] Resolved Python Environment /usr/bin/python3
2026-09-21 18:54:11.845 [info] Resolved Python Environment /usr/bin/python3
2026-09-21 18:54:11.897 [info] Resolved Python Environment /usr/bin/python3
2026-09-21 18:54:11.949 [info] Resolved Python Environment /usr/bin/python3
2026-09-21 18:54:12.003 [info] Resolved Python Environment /usr/bin/python3
2026-09-21 18:54:12.056 [info] Resolved Python Environment /usr/bin/python3
2026-09-21 18:54:20.109 [info] Resolved Python Environment /usr/bin/python3
2026-09-21 18:54:20.162 [info] Resolved Python Environment /usr/bin/python3
2026-09-21 18:54:20.219 [info] Resolved Python Environment /usr/bin/python3
2026-09-21 18:54:20.274 [info] Resolved Python Environment /usr/bin/python3
2026-09-21 18:54:20.331 [info] Resolved Python Environment /usr/bin/python3
2026-09-21 18:54:32.311 [info] Resolved Python Environment /usr/bin/python3
2026-09-21 18:54:32.387 [info] Resolved Python Environment /usr/bin/python3
2026-09-21 18:54:32.447 [info] Resolved Python Environment /usr/bin/python3
2026-09-21 18:54:32.570 [info] Resolved Python Environment /usr/bin/python3
2026-09-21 18:54:32.647 [info] Resolved Python Environment /usr/bin/python3
2026-09-21 18:56:13.208 [info] Resolved Python Environment /usr/bin/python3
2026-09-21 18:56:13.271 [info] Resolved Python Environment /usr/bin/python3
2026-09-21 18:56:13.327 [info] Resolved Python Environment /usr/bin/python3
2026-09-21 18:56:13.383 [info] Resolved Python Environment /usr/bin/python3
2026-09-21 18:56:13.441 [info] Resolved Python Environment /usr/bin/python3
2026-09-21 18:56:49.628 [info] Resolved Python Environment /usr/bin/python3
2026-09-21 18:56:49.698 [info] Resolved Python Environment /usr/bin/python3
2026-09-21 18:56:49.757 [info] Resolved Python Environment /usr/bin/python3
2026-09-21 18:56:49.815 [info] Resolved Python Environment /usr/bin/python3
2026-09-21 18:56:49.922 [info] Resolved Python Environment /usr/bin/python3
2026-09-21 18:57:31.747 [info] Resolved Python Environment /usr/bin/python3
2026-09-21 18:57:31.813 [info] Resolved Python Environment /usr/bin/python3
2026-09-21 18:57:31.872 [info] Resolved Python Environment /usr/bin/python3
2026-09-21 18:57:31.981 [info] Resolved Python Environment /usr/bin/python3
2026-09-21 18:57:32.070 [info] Resolved Python Environment /usr/bin/python3
2026-09-21 18:57:38.746 [info] Resolved Python Environment /usr/bin/python3
2026-09-21 18:57:38.808 [info] Resolved Python Environment /usr/bin/python3
2026-09-21 18:57:38.870 [info] Resolved Python Environment /usr/bin/python3
2026-09-21 18:57:38.961 [info] Resolved Python Environment /usr/bin/python3
2026-09-21 18:57:39.040 [info] Resolved Python Environment /usr/bin/python3
2026-09-21 18:59:16.976 [info] Resolved Python Environment /usr/bin/python3
2026-09-21 18:59:17.039 [info] Resolved Python Environment /usr/bin/python3
2026-09-21 18:59:17.105 [info] Resolved Python Environment /usr/bin/python3
2026-09-21 18:59:17.187 [info] Resolved Python Environment /usr/bin/python3
2026-09-21 18:59:17.292 [info] Resolved Python Environment /usr/bin/python3
2026-09-21 18:59:47.619 [info] Resolved Python Environment /usr/bin/python3
2026-09-21 18:59:47.679 [info] Resolved Python Environment /usr/bin/python3
2026-09-21 18:59:47.803 [info] Resolved Python Environment /usr/bin/python3
2026-09-21 18:59:47.892 [info] Resolved Python Environment /usr/bin/python3
2026-09-21 18:59:47.980 [info] Resolved Python Environment /usr/bin/python3
2026-09-21 18:59:50.970 [info] Resolved Python Environment /usr/bin/python3
2026-09-21 18:59:51.130 [info] Resolved Python Environment /usr/bin/python3
2026-09-21 18:59:51.233 [info] Resolved Python Environment /usr/bin/python3
2026-09-21 18:59:51.285 [info] Resolved Python Environment /usr/bin/python3
2026-09-21 18:59:51.343 [info] Resolved Python Environment /usr/bin/python3
2026-09-21 19:01:04.711 [info] Resolved Python Environment /usr/bin/python3
2026-09-21 19:01:04.762 [info] Resolved Python Environment /usr/bin/python3
2026-09-21 19:01:04.817 [info] Resolved Python Environment /usr/bin/python3
2026-09-21 19:01:04.873 [info] Resolved Python Environment /usr/bin/python3
2026-09-21 19:01:04.928 [info] Resolved Python Environment /usr/bin/python3
2026-09-21 19:01:34.385 [info] Resolved Python Environment /usr/bin/python3
2026-09-21 19:01:34.445 [info] Resolved Python Environment /usr/bin/python3
2026-09-21 19:01:34.500 [info] Resolved Python Environment /usr/bin/python3
2026-09-21 19:01:34.558 [info] Resolved Python Environment /usr/bin/python3
2026-09-21 19:01:34.689 [info] Resolved Python Environment /usr/bin/python3
2026-09-21 19:02:14.884 [info] Resolved Python Environment /usr/bin/python3
2026-09-21 19:02:14.937 [info] Resolved Python Environment /usr/bin/python3
2026-09-21 19:02:14.993 [info] Resolved Python Environment /usr/bin/python3
2026-09-21 19:02:15.047 [info] Resolved Python Environment /usr/bin/python3
2026-09-21 19:02:15.099 [info] Resolved Python Environment /usr/bin/python3
2026-09-21 19:03:16.609 [info] Resolved Python Environment /usr/bin/python3
2026-09-21 19:03:16.703 [info] Resolved Python Environment /usr/bin/python3
2026-09-21 19:03:16.791 [info] Resolved Python Environment /usr/bin/python3
2026-09-21 19:03:16.848 [info] Resolved Python Environment /usr/bin/python3
2026-09-21 19:03:16.930 [info] Resolved Python Environment /usr/bin/python3
2026-09-21 19:04:45.698 [info] Resolved Python Environment /usr/bin/python3
2026-09-21 19:04:45.764 [info] Resolved Python Environment /usr/bin/python3
2026-09-21 19:04:45.823 [info] Resolved Python Environment /usr/bin/python3
2026-09-21 19:04:45.922 [info] Resolved Python Environment /usr/bin/python3
2026-09-21 19:04:46.012 [info] Resolved Python Environment /usr/bin/python3
2026-09-21 19:04:56.584 [info] Resolved Python Environment /usr/bin/python3
2026-09-21 19:04:56.645 [info] Resolved Python Environment /usr/bin/python3
2026-09-21 19:04:56.759 [info] Resolved Python Environment /usr/bin/python3
2026-09-21 19:04:56.829 [info] Resolved Python Environment /usr/bin/python3
2026-09-21 19:04:56.924 [info] Resolved Python Environment /usr/bin/python3
2026-09-21 19:05:20.662 [info] Resolved Python Environment /usr/bin/python3
2026-09-21 19:05:20.731 [info] Resolved Python Environment /usr/bin/python3
2026-09-21 19:05:20.847 [info] Resolved Python Environment /usr/bin/python3
2026-09-21 19:05:20.927 [info] Resolved Python Environment /usr/bin/python3
2026-09-21 19:05:20.987 [info] Resolved Python Environment /usr/bin/python3
2026-09-21 19:07:56.881 [info] Resolved Python Environment /usr/bin/python3
2026-09-21 19:07:56.986 [info] Resolved Python Environment /usr/bin/python3
2026-09-21 19:07:57.063 [info] Resolved Python Environment /usr/bin/python3
2026-09-21 19:07:57.129 [info] Resolved Python Environment /usr/bin/python3
2026-09-21 19:07:57.188 [info] Resolved Python Environment /usr/bin/python3
2026-09-21 19:09:02.625 [info] Resolved Python Environment /usr/bin/python3
2026-09-21 19:09:02.688 [info] Resolved Python Environment /usr/bin/python3
2026-09-21 19:09:02.742 [info] Resolved Python Environment /usr/bin/python3
2026-09-21 19:09:02.799 [info] Resolved Python Environment /usr/bin/python3
2026-09-21 19:09:02.851 [info] Resolved Python Environment /usr/bin/python3
2026-09-21 19:09:03.292 [info] Resolved Python Environment /usr/bin/python3
2026-09-21 19:09:03.420 [info] Resolved Python Environment /usr/bin/python3
2026-09-21 19:09:03.570 [info] Resolved Python Environment /usr/bin/python3
2026-09-21 19:09:03.994 [info] Resolved Python Environment /usr/bin/python3
2026-09-21 19:09:04.050 [info] Resolved Python Environment /usr/bin/python3
2026-09-21 19:09:07.965 [info] Resolved Python Environment /usr/bin/python3
2026-09-21 19:09:08.016 [info] Resolved Python Environment /usr/bin/python3
2026-09-21 19:09:08.067 [info] Resolved Python Environment /usr/bin/python3
2026-09-21 19:09:08.125 [info] Resolved Python Environment /usr/bin/python3
2026-09-21 19:09:08.179 [info] Resolved Python Environment /usr/bin/python3
2026-09-21 19:09:14.199 [info] Resolved Python Environment /usr/bin/python3
2026-09-21 19:09:14.259 [info] Resolved Python Environment /usr/bin/python3
2026-09-21 19:09:14.316 [info] Resolved Python Environment /usr/bin/python3
2026-09-21 19:09:14.391 [info] Resolved Python Environment /usr/bin/python3
2026-09-21 19:09:14.444 [info] Resolved Python Environment /usr/bin/python3
2026-09-21 19:09:36.868 [info] Resolved Python Environment /usr/bin/python3
2026-09-21 19:09:36.920 [info] Resolved Python Environment /usr/bin/python3
2026-09-21 19:09:36.978 [info] Resolved Python Environment /usr/bin/python3
2026-09-21 19:09:37.037 [info] Resolved Python Environment /usr/bin/python3
2026-09-21 19:09:37.090 [info] Resolved Python Environment /usr/bin/python3
2026-09-21 19:09:39.807 [info] Resolved Python Environment /usr/bin/python3
2026-09-21 19:09:39.858 [info] Resolved Python Environment /usr/bin/python3
2026-09-21 19:09:39.995 [info] Resolved Python Environment /usr/bin/python3
2026-09-21 19:09:40.069 [info] Resolved Python Environment /usr/bin/python3
2026-09-21 19:09:40.119 [info] Resolved Python Environment /usr/bin/python3
2026-09-21 19:09:45.024 [info] Resolved Python Environment /usr/bin/python3
2026-09-21 19:09:45.076 [info] Resolved Python Environment /usr/bin/python3
2026-09-21 19:09:45.130 [info] Resolved Python Environment /usr/bin/python3
2026-09-21 19:09:45.183 [info] Resolved Python Environment /usr/bin/python3
2026-09-21 19:09:45.239 [info] Resolved Python Environment /usr/bin/python3
2026-09-21 19:09:59.026 [info] Resolved Python Environment /usr/bin/python3
2026-09-21 19:09:59.083 [info] Resolved Python Environment /usr/bin/python3
2026-09-21 19:09:59.137 [info] Resolved Python Environment /usr/bin/python3
2026-09-21 19:09:59.189 [info] Resolved Python Environment /usr/bin/python3
2026-09-21 19:09:59.248 [info] Resolved Python Environment /usr/bin/python3
2026-09-21 19:10:01.970 [info] Resolved Python Environment /usr/bin/python3
2026-09-21 19:10:02.022 [info] Resolved Python Environment /usr/bin/python3
2026-09-21 19:10:02.166 [info] Resolved Python Environment /usr/bin/python3
2026-09-21 19:10:02.236 [info] Resolved Python Environment /usr/bin/python3
2026-09-21 19:10:02.300 [info] Resolved Python Environment /usr/bin/python3
2026-09-21 19:10:08.631 [info] Resolved Python Environment /usr/bin/python3
2026-09-21 19:10:08.708 [info] Resolved Python Environment /usr/bin/python3
2026-09-21 19:10:08.863 [info] Resolved Python Environment /usr/bin/python3
2026-09-21 19:10:08.952 [info] Resolved Python Environment /usr/bin/python3
2026-09-21 19:10:09.007 [info] Resolved Python Environment /usr/bin/python3
2026-09-21 19:11:12.545 [info] Resolved Python Environment /usr/bin/python3
2026-09-21 19:11:12.597 [info] Resolved Python Environment /usr/bin/python3
2026-09-21 19:11:12.652 [info] Resolved Python Environment /usr/bin/python3
2026-09-21 19:11:12.707 [info] Resolved Python Environment /usr/bin/python3
2026-09-21 19:11:12.762 [info] Resolved Python Environment /usr/bin/python3
2026-09-21 19:12:29.406 [info] Resolved Python Environment /usr/bin/python3
2026-09-21 19:12:29.461 [info] Resolved Python Environment /usr/bin/python3
2026-09-21 19:12:29.518 [info] Resolved Python Environment /usr/bin/python3
2026-09-21 19:12:29.573 [info] Resolved Python Environment /usr/bin/python3
2026-09-21 19:12:29.638 [info] Resolved Python Environment /usr/bin/python3
2026-09-21 19:12:43.957 [info] Resolved Python Environment /usr/bin/python3
2026-09-21 19:12:44.009 [info] Resolved Python Environment /usr/bin/python3
2026-09-21 19:12:44.068 [info] Resolved Python Environment /usr/bin/python3
2026-09-21 19:12:44.136 [info] Resolved Python Environment /usr/bin/python3
2026-09-21 19:12:44.193 [info] Resolved Python Environment /usr/bin/python3
2026-09-21 19:12:59.817 [info] Resolved Python Environment /usr/bin/python3
2026-09-21 19:12:59.869 [info] Resolved Python Environment /usr/bin/python3
2026-09-21 19:12:59.925 [info] Resolved Python Environment /usr/bin/python3
2026-09-21 19:12:59.979 [info] Resolved Python Environment /usr/bin/python3
2026-09-21 19:13:00.036 [info] Resolved Python Environment /usr/bin/python3
2026-09-21 19:13:03.657 [info] Resolved Python Environment /usr/bin/python3
2026-09-21 19:13:03.710 [info] Resolved Python Environment /usr/bin/python3
2026-09-21 19:13:03.766 [info] Resolved Python Environment /usr/bin/python3
2026-09-21 19:13:03.819 [info] Resolved Python Environment /usr/bin/python3
2026-09-21 19:13:03.877 [info] Resolved Python Environment /usr/bin/python3
2026-09-21 19:13:58.106 [info] Resolved Python Environment /usr/bin/python3
2026-09-21 19:13:58.162 [info] Resolved Python Environment /usr/bin/python3
2026-09-21 19:13:58.215 [info] Resolved Python Environment /usr/bin/python3
2026-09-21 19:13:58.275 [info] Resolved Python Environment /usr/bin/python3
2026-09-21 19:13:58.328 [info] Resolved Python Environment /usr/bin/python3
2026-09-21 19:15:27.301 [info] Resolved Python Environment /usr/bin/python3
2026-09-21 19:15:27.365 [info] Resolved Python Environment /usr/bin/python3
2026-09-21 19:15:27.473 [info] Resolved Python Environment /usr/bin/python3
2026-09-21 19:15:27.549 [info] Resolved Python Environment /usr/bin/python3
2026-09-21 19:15:27.618 [info] Resolved Python Environment /usr/bin/python3
2026-09-21 19:15:49.778 [info] Resolved Python Environment /usr/bin/python3
2026-09-21 19:15:49.890 [info] Resolved Python Environment /usr/bin/python3
2026-09-21 19:15:49.978 [info] Resolved Python Environment /usr/bin/python3
2026-09-21 19:15:50.037 [info] Resolved Python Environment /usr/bin/python3
2026-09-21 19:15:50.097 [info] Resolved Python Environment /usr/bin/python3
2026-09-21 19:15:54.656 [info] Resolved Python Environment /usr/bin/python3
2026-09-21 19:15:54.710 [info] Resolved Python Environment /usr/bin/python3
2026-09-21 19:15:54.763 [info] Resolved Python Environment /usr/bin/python3
2026-09-21 19:15:54.818 [info] Resolved Python Environment /usr/bin/python3
2026-09-21 19:15:54.874 [info] Resolved Python Environment /usr/bin/python3
2026-09-21 19:16:05.463 [info] Resolved Python Environment /usr/bin/python3
2026-09-21 19:16:05.526 [info] Resolved Python Environment /usr/bin/python3
2026-09-21 19:16:05.590 [info] Resolved Python Environment /usr/bin/python3
2026-09-21 19:16:05.704 [info] Resolved Python Environment /usr/bin/python3
2026-09-21 19:16:05.809 [info] Resolved Python Environment /usr/bin/python3
2026-09-21 19:17:48.954 [info] Resolved Python Environment /usr/bin/python3
2026-09-21 19:17:49.063 [info] Resolved Python Environment /usr/bin/python3
2026-09-21 19:17:49.163 [info] Resolved Python Environment /usr/bin/python3
2026-09-21 19:17:49.237 [info] Resolved Python Environment /usr/bin/python3
2026-09-21 19:17:49.293 [info] Resolved Python Environment /usr/bin/python3
2026-09-21 19:19:23.038 [info] Resolved Python Environment /usr/bin/python3
2026-09-21 19:19:23.104 [info] Resolved Python Environment /usr/bin/python3
2026-09-21 19:19:23.194 [info] Resolved Python Environment /usr/bin/python3
2026-09-21 19:19:23.252 [info] Resolved Python Environment /usr/bin/python3
2026-09-21 19:19:23.305 [info] Resolved Python Environment /usr/bin/python3
2026-09-21 19:19:26.016 [info] Resolved Python Environment /usr/bin/python3
2026-09-21 19:19:26.155 [info] Resolved Python Environment /usr/bin/python3
2026-09-21 19:19:26.216 [info] Resolved Python Environment /usr/bin/python3
2026-09-21 19:19:26.278 [info] Resolved Python Environment /usr/bin/python3
2026-09-21 19:19:26.338 [info] Resolved Python Environment /usr/bin/python3
2026-09-21 19:19:39.248 [info] Resolved Python Environment /usr/bin/python3
2026-09-21 19:19:39.310 [info] Resolved Python Environment /usr/bin/python3
2026-09-21 19:19:39.374 [info] Resolved Python Environment /usr/bin/python3
2026-09-21 19:19:39.539 [info] Resolved Python Environment /usr/bin/python3
2026-09-21 19:19:39.599 [info] Resolved Python Environment /usr/bin/python3
2026-09-21 19:20:05.360 [info] Resolved Python Environment /usr/bin/python3
2026-09-21 19:20:05.411 [info] Resolved Python Environment /usr/bin/python3
2026-09-21 19:20:05.466 [info] Resolved Python Environment /usr/bin/python3
2026-09-21 19:20:05.521 [info] Resolved Python Environment /usr/bin/python3
2026-09-21 19:20:05.577 [info] Resolved Python Environment /usr/bin/python3
2026-09-21 19:20:09.385 [info] Resolved Python Environment /usr/bin/python3
2026-09-21 19:20:09.455 [info] Resolved Python Environment /usr/bin/python3
2026-09-21 19:20:09.522 [info] Resolved Python Environment /usr/bin/python3
2026-09-21 19:20:09.635 [info] Resolved Python Environment /usr/bin/python3
2026-09-21 19:20:09.720 [info] Resolved Python Environment /usr/bin/python3
2026-09-21 19:20:55.318 [info] Resolved Python Environment /usr/bin/python3
2026-09-21 19:20:55.380 [info] Resolved Python Environment /usr/bin/python3
2026-09-21 19:20:55.497 [info] Resolved Python Environment /usr/bin/python3
2026-09-21 19:20:55.591 [info] Resolved Python Environment /usr/bin/python3
2026-09-21 19:20:55.653 [info] Resolved Python Environment /usr/bin/python3
2026-09-21 19:21:39.764 [info] Resolved Python Environment /usr/bin/python3
2026-09-21 19:21:39.821 [info] Resolved Python Environment /usr/bin/python3
2026-09-21 19:21:39.946 [info] Resolved Python Environment /usr/bin/python3
2026-09-21 19:21:40.054 [info] Resolved Python Environment /usr/bin/python3
2026-09-21 19:21:40.117 [info] Resolved Python Environment /usr/bin/python3
2026-09-21 19:27:23.196 [info] Resolved Python Environment /usr/bin/python3
2026-09-21 19:27:23.251 [info] Resolved Python Environment /usr/bin/python3
2026-09-21 19:27:23.306 [info] Resolved Python Environment /usr/bin/python3
2026-09-21 19:27:23.362 [info] Resolved Python Environment /usr/bin/python3
2026-09-21 19:27:23.416 [info] Resolved Python Environment /usr/bin/python3
2026-09-21 19:27:35.632 [info] Resolved Python Environment /usr/bin/python3
2026-09-21 19:27:35.685 [info] Resolved Python Environment /usr/bin/python3
2026-09-21 19:27:35.739 [info] Resolved Python Environment /usr/bin/python3
2026-09-21 19:27:35.795 [info] Resolved Python Environment /usr/bin/python3
2026-09-21 19:27:35.850 [info] Resolved Python Environment /usr/bin/python3
2026-09-21 19:27:43.804 [info] Resolved Python Environment /usr/bin/python3
2026-09-21 19:27:43.857 [info] Resolved Python Environment /usr/bin/python3
2026-09-21 19:27:43.911 [info] Resolved Python Environment /usr/bin/python3
2026-09-21 19:27:43.965 [info] Resolved Python Environment /usr/bin/python3
2026-09-21 19:27:44.018 [info] Resolved Python Environment /usr/bin/python3
2026-09-21 19:27:55.476 [info] Resolved Python Environment /usr/bin/python3
2026-09-21 19:27:55.527 [info] Resolved Python Environment /usr/bin/python3
2026-09-21 19:27:55.585 [info] Resolved Python Environment /usr/bin/python3
2026-09-21 19:27:55.638 [info] Resolved Python Environment /usr/bin/python3
2026-09-21 19:27:55.693 [info] Resolved Python Environment /usr/bin/python3
2026-09-21 19:27:58.793 [info] Resolved Python Environment /usr/bin/python3
2026-09-21 19:27:58.850 [info] Resolved Python Environment /usr/bin/python3
2026-09-21 19:27:58.924 [info] Resolved Python Environment /usr/bin/python3
2026-09-21 19:27:58.979 [info] Resolved Python Environment /usr/bin/python3
2026-09-21 19:27:59.035 [info] Resolved Python Environment /usr/bin/python3
2026-09-21 19:28:49.107 [info] Resolved Python Environment /usr/bin/python3
2026-09-21 19:28:49.159 [info] Resolved Python Environment /usr/bin/python3
2026-09-21 19:28:49.215 [info] Resolved Python Environment /usr/bin/python3
2026-09-21 19:28:49.267 [info] Resolved Python Environment /usr/bin/python3
2026-09-21 19:28:49.327 [info] Resolved Python Environment /usr/bin/python3
2026-09-21 19:28:50.375 [info] Resolved Python Environment /usr/bin/python3
2026-09-21 19:28:50.426 [info] Resolved Python Environment /usr/bin/python3
2026-09-21 19:28:50.485 [info] Resolved Python Environment /usr/bin/python3
2026-09-21 19:28:50.539 [info] Resolved Python Environment /usr/bin/python3
2026-09-21 19:28:50.595 [info] Resolved Python Environment /usr/bin/python3
2026-09-21 19:28:55.846 [info] Resolved Python Environment /usr/bin/python3
2026-09-21 19:28:55.906 [info] Resolved Python Environment /usr/bin/python3
2026-09-21 19:28:55.967 [info] Resolved Python Environment /usr/bin/python3
2026-09-21 19:28:56.025 [info] Resolved Python Environment /usr/bin/python3
2026-09-21 19:28:56.083 [info] Resolved Python Environment /usr/bin/python3
2026-09-21 19:28:59.963 [info] Resolved Python Environment /usr/bin/python3
2026-09-21 19:29:00.018 [info] Resolved Python Environment /usr/bin/python3
2026-09-21 19:29:00.072 [info] Resolved Python Environment /usr/bin/python3
2026-09-21 19:29:00.127 [info] Resolved Python Environment /usr/bin/python3
2026-09-21 19:29:00.185 [info] Resolved Python Environment /usr/bin/python3
2026-09-21 19:29:01.103 [info] Resolved Python Environment /usr/bin/python3
2026-09-21 19:29:01.153 [info] Resolved Python Environment /usr/bin/python3
2026-09-21 19:29:01.207 [info] Resolved Python Environment /usr/bin/python3
2026-09-21 19:29:01.260 [info] Resolved Python Environment /usr/bin/python3
2026-09-21 19:29:01.316 [info] Resolved Python Environment /usr/bin/python3
2026-09-21 19:29:04.529 [info] Resolved Python Environment /usr/bin/python3
2026-09-21 19:29:04.582 [info] Resolved Python Environment /usr/bin/python3
2026-09-21 19:29:04.642 [info] Resolved Python Environment /usr/bin/python3
2026-09-21 19:29:04.729 [info] Resolved Python Environment /usr/bin/python3
2026-09-21 19:29:04.803 [info] Resolved Python Environment /usr/bin/python3
2026-09-21 19:29:09.928 [info] Resolved Python Environment /usr/bin/python3
2026-09-21 19:29:09.982 [info] Resolved Python Environment /usr/bin/python3
2026-09-21 19:29:10.038 [info] Resolved Python Environment /usr/bin/python3
2026-09-21 19:29:10.092 [info] Resolved Python Environment /usr/bin/python3
2026-09-21 19:29:10.145 [info] Resolved Python Environment /usr/bin/python3
2026-09-21 19:29:13.547 [info] Resolved Python Environment /usr/bin/python3
2026-09-21 19:29:13.600 [info] Resolved Python Environment /usr/bin/python3
2026-09-21 19:29:13.657 [info] Resolved Python Environment /usr/bin/python3
2026-09-21 19:29:13.711 [info] Resolved Python Environment /usr/bin/python3
2026-09-21 19:29:13.764 [info] Resolved Python Environment /usr/bin/python3
2026-09-21 19:29:22.076 [info] Resolved Python Environment /usr/bin/python3
2026-09-21 19:29:22.127 [info] Resolved Python Environment /usr/bin/python3
2026-09-21 19:29:22.182 [info] Resolved Python Environment /usr/bin/python3
2026-09-21 19:29:22.238 [info] Resolved Python Environment /usr/bin/python3
2026-09-21 19:29:22.292 [info] Resolved Python Environment /usr/bin/python3
2026-09-21 19:29:23.931 [info] Resolved Python Environment /usr/bin/python3
2026-09-21 19:29:23.994 [info] Resolved Python Environment /usr/bin/python3
2026-09-21 19:29:24.317 [info] Resolved Python Environment /usr/bin/python3
2026-09-21 19:29:25.029 [info] Resolved Python Environment /usr/bin/python3
2026-09-21 19:29:25.097 [info] Resolved Python Environment /usr/bin/python3
2026-09-21 19:29:35.568 [info] Resolved Python Environment /usr/bin/python3
2026-09-21 19:29:35.618 [info] Resolved Python Environment /usr/bin/python3
2026-09-21 19:29:35.672 [info] Resolved Python Environment /usr/bin/python3
2026-09-21 19:29:35.725 [info] Resolved Python Environment /usr/bin/python3
2026-09-21 19:29:35.787 [info] Resolved Python Environment /usr/bin/python3
2026-09-21 19:29:46.921 [info] Resolved Python Environment /usr/bin/python3
2026-09-21 19:29:46.971 [info] Resolved Python Environment /usr/bin/python3
2026-09-21 19:29:47.030 [info] Resolved Python Environment /usr/bin/python3
2026-09-21 19:29:47.084 [info] Resolved Python Environment /usr/bin/python3
2026-09-21 19:29:47.137 [info] Resolved Python Environment /usr/bin/python3
2026-09-21 19:29:49.925 [info] Resolved Python Environment /usr/bin/python3
2026-09-21 19:29:49.995 [info] Resolved Python Environment /usr/bin/python3
2026-09-21 19:29:50.048 [info] Resolved Python Environment /usr/bin/python3
2026-09-21 19:29:50.112 [info] Resolved Python Environment /usr/bin/python3
2026-09-21 19:29:50.222 [info] Resolved Python Environment /usr/bin/python3
2026-09-21 19:30:01.134 [info] Resolved Python Environment /usr/bin/python3
2026-09-21 19:30:01.188 [info] Resolved Python Environment /usr/bin/python3
2026-09-21 19:30:01.245 [info] Resolved Python Environment /usr/bin/python3
2026-09-21 19:30:01.302 [info] Resolved Python Environment /usr/bin/python3
2026-09-21 19:30:01.358 [info] Resolved Python Environment /usr/bin/python3
2026-09-21 19:30:04.397 [info] Resolved Python Environment /usr/bin/python3
2026-09-21 19:30:04.453 [info] Resolved Python Environment /usr/bin/python3
2026-09-21 19:30:04.508 [info] Resolved Python Environment /usr/bin/python3
2026-09-21 19:30:04.562 [info] Resolved Python Environment /usr/bin/python3
2026-09-21 19:30:04.615 [info] Resolved Python Environment /usr/bin/python3
2026-09-21 19:31:27.270 [info] Resolved Python Environment /usr/bin/python3
2026-09-21 19:31:27.326 [info] Resolved Python Environment /usr/bin/python3
2026-09-21 19:31:27.381 [info] Resolved Python Environment /usr/bin/python3
2026-09-21 19:31:27.437 [info] Resolved Python Environment /usr/bin/python3
2026-09-21 19:31:27.493 [info] Resolved Python Environment /usr/bin/python3
2026-09-21 19:31:30.610 [info] Resolved Python Environment /usr/bin/python3
2026-09-21 19:31:30.661 [info] Resolved Python Environment /usr/bin/python3
2026-09-21 19:31:30.716 [info] Resolved Python Environment /usr/bin/python3
2026-09-21 19:31:30.770 [info] Resolved Python Environment /usr/bin/python3
2026-09-21 19:31:30.823 [info] Resolved Python Environment /usr/bin/python3
2026-09-21 19:31:31.247 [info] Resolved Python Environment /usr/bin/python3
2026-09-21 19:31:31.299 [info] Resolved Python Environment /usr/bin/python3
2026-09-21 19:31:31.356 [info] Resolved Python Environment /usr/bin/python3
2026-09-21 19:31:31.383 [info] Resolved Python Environment /usr/bin/python3
2026-09-21 19:31:31.414 [info] Resolved Python Environment /usr/bin/python3
2026-09-21 19:31:31.456 [info] Resolved Python Environment /usr/bin/python3
2026-09-21 19:31:31.474 [info] Resolved Python Environment /usr/bin/python3
2026-09-21 19:31:31.503 [info] Resolved Python Environment /usr/bin/python3
2026-09-21 19:31:31.522 [info] Resolved Python Environment /usr/bin/python3
2026-09-21 19:31:31.560 [info] Resolved Python Environment /usr/bin/python3
2026-09-21 19:31:31.594 [info] Resolved Python Environment /usr/bin/python3
2026-09-21 19:31:31.615 [info] Resolved Python Environment /usr/bin/python3
2026-09-21 19:31:31.648 [info] Resolved Python Environment /usr/bin/python3
2026-09-21 19:31:31.670 [info] Resolved Python Environment /usr/bin/python3
2026-09-21 19:31:31.722 [info] Resolved Python Environment /usr/bin/python3
2026-09-21 19:31:32.172 [info] Resolved Python Environment /usr/bin/python3
2026-09-21 19:31:32.223 [info] Resolved Python Environment /usr/bin/python3
2026-09-21 19:31:32.276 [info] Resolved Python Environment /usr/bin/python3
2026-09-21 19:31:32.329 [info] Resolved Python Environment /usr/bin/python3
2026-09-21 19:31:32.387 [info] Resolved Python Environment /usr/bin/python3
2026-09-21 19:31:32.460 [info] Resolved Python Environment /usr/bin/python3
2026-09-21 19:31:32.510 [info] Resolved Python Environment /usr/bin/python3
2026-09-21 19:31:32.563 [info] Resolved Python Environment /usr/bin/python3
2026-09-21 19:31:33.527 [info] Resolved Python Environment /usr/bin/python3
2026-09-21 19:31:38.878 [info] Resolved Python Environment /usr/bin/python3
2026-09-21 19:31:39.135 [info] Resolved Python Environment /usr/bin/python3
2026-09-21 19:31:39.610 [info] Resolved Python Environment /usr/bin/python3
2026-09-21 19:31:39.685 [info] Resolved Python Environment /usr/bin/python3
2026-09-21 19:31:39.737 [info] Resolved Python Environment /usr/bin/python3
2026-09-21 19:31:39.793 [info] Resolved Python Environment /usr/bin/python3
2026-09-21 19:31:56.133 [info] Resolved Python Environment /usr/bin/python3
2026-09-21 19:31:56.184 [info] Resolved Python Environment /usr/bin/python3
2026-09-21 19:31:56.239 [info] Resolved Python Environment /usr/bin/python3
2026-09-21 19:31:56.292 [info] Resolved Python Environment /usr/bin/python3
2026-09-21 19:31:56.357 [info] Resolved Python Environment /usr/bin/python3
2026-09-21 19:32:08.505 [info] Resolved Python Environment /usr/bin/python3
2026-09-21 19:32:08.564 [info] Resolved Python Environment /usr/bin/python3
2026-09-21 19:32:08.621 [info] Resolved Python Environment /usr/bin/python3
2026-09-21 19:32:08.673 [info] Resolved Python Environment /usr/bin/python3
2026-09-21 19:32:08.726 [info] Resolved Python Environment /usr/bin/python3
2026-09-21 19:32:16.981 [info] Resolved Python Environment /usr/bin/python3
2026-09-21 19:32:17.033 [info] Resolved Python Environment /usr/bin/python3
2026-09-21 19:32:17.088 [info] Resolved Python Environment /usr/bin/python3
2026-09-21 19:32:17.151 [info] Resolved Python Environment /usr/bin/python3
2026-09-21 19:32:17.204 [info] Resolved Python Environment /usr/bin/python3
2026-09-21 19:36:31.904 [info] Resolved Python Environment /usr/bin/python3
2026-09-21 19:36:31.956 [info] Resolved Python Environment /usr/bin/python3
2026-09-21 19:36:32.015 [info] Resolved Python Environment /usr/bin/python3
2026-09-21 19:36:32.068 [info] Resolved Python Environment /usr/bin/python3
2026-09-21 19:36:32.128 [info] Resolved Python Environment /usr/bin/python3
2026-09-21 19:37:36.518 [info] Resolved Python Environment /usr/bin/python3
2026-09-21 19:37:36.577 [info] Resolved Python Environment /usr/bin/python3
2026-09-21 19:37:36.643 [info] Resolved Python Environment /usr/bin/python3
2026-09-21 19:37:36.753 [info] Resolved Python Environment /usr/bin/python3
2026-09-21 19:37:36.876 [info] Resolved Python Environment /usr/bin/python3
2026-09-21 19:38:15.822 [info] Resolved Python Environment /usr/bin/python3
2026-09-21 19:38:15.884 [info] Resolved Python Environment /usr/bin/python3
2026-09-21 19:38:16.002 [info] Resolved Python Environment /usr/bin/python3
2026-09-21 19:38:16.078 [info] Resolved Python Environment /usr/bin/python3
2026-09-21 19:38:16.139 [info] Resolved Python Environment /usr/bin/python3
2026-09-21 19:38:55.438 [info] Resolved Python Environment /usr/bin/python3
2026-09-21 19:38:55.488 [info] Resolved Python Environment /usr/bin/python3
2026-09-21 19:38:55.546 [info] Resolved Python Environment /usr/bin/python3
2026-09-21 19:38:55.601 [info] Resolved Python Environment /usr/bin/python3
2026-09-21 19:38:55.659 [info] Resolved Python Environment /usr/bin/python3
2026-09-21 19:39:39.087 [info] Resolved Python Environment /usr/bin/python3
2026-09-21 19:39:39.139 [info] Resolved Python Environment /usr/bin/python3
2026-09-21 19:39:39.196 [info] Resolved Python Environment /usr/bin/python3
2026-09-21 19:39:39.253 [info] Resolved Python Environment /usr/bin/python3
2026-09-21 19:39:39.309 [info] Resolved Python Environment /usr/bin/python3
