2026-09-18 09:31:17.951 [info] [main] Log level: Info
2026-09-18 09:31:17.952 [info] [main] Validating found git in: "git"
2026-09-18 09:31:17.952 [info] [main] Using git "2.34.1" from "git"
2026-09-18 09:31:17.952 [info] [Model][doInitialScan] Initial repository scan started
2026-09-18 09:31:17.952 [info] > git rev-parse --show-toplevel [1097ms]
2026-09-18 09:31:17.952 [info] fatal: not a git repository (or any of the parent directories): .git
2026-09-18 09:31:17.952 [info] > git rev-parse --show-toplevel [10ms]
2026-09-18 09:31:17.952 [info] fatal: not a git repository (or any of the parent directories): .git
2026-09-18 09:31:18.709 [info] > git rev-parse --show-toplevel [737ms]
2026-09-18 09:31:18.709 [info] fatal: not a git repository (or any of the parent directories): .git
2026-09-18 09:31:19.017 [info] > git rev-parse --show-toplevel [289ms]
2026-09-18 09:31:19.018 [info] fatal: not a git repository (or any of the parent directories): .git
2026-09-18 09:31:19.024 [info] [Model][doInitialScan] Initial repository scan completed - repositories (0), closed repositories (0), parent repositories (0), unsafe repositories (0)
2026-09-18 09:31:26.332 [info] > git rev-parse --show-toplevel [29ms]
2026-09-18 09:31:26.332 [info] fatal: not a git repository (or any of the parent directories): .git
2026-09-18 09:35:22.353 [info] > git rev-parse --show-toplevel [174ms]
2026-09-18 09:35:22.353 [info] fatal: not a git repository (or any of the parent directories): .git
2026-09-18 09:35:55.454 [info] > git rev-parse --show-toplevel [34ms]
2026-09-18 09:35:55.454 [info] fatal: not a git repository (or any of the parent directories): .git
2026-09-18 09:38:57.164 [info] > git rev-parse --show-toplevel [8ms]
2026-09-18 09:38:57.164 [info] fatal: not a git repository (or any of the parent directories): .git
2026-09-18 09:59:39.432 [info] > git rev-parse --show-toplevel [7ms]
2026-09-18 09:59:39.433 [info] fatal: not a git repository (or any of the parent directories): .git
2026-09-18 09:59:39.465 [info] > git rev-parse --show-toplevel [6ms]
2026-09-18 09:59:39.465 [info] fatal: not a git repository (or any of the parent directories): .git
2026-09-18 09:59:44.229 [info] > git rev-parse --show-toplevel [6ms]
2026-09-18 09:59:44.229 [info] fatal: not a git repository (or any of the parent directories): .git
2026-09-18 09:59:47.046 [info] > git rev-parse --show-toplevel [16ms]
2026-09-18 09:59:47.046 [info] fatal: not a git repository (or any of the parent directories): .git
2026-09-18 10:01:17.950 [info] > git rev-parse --show-toplevel [6ms]
2026-09-18 10:01:17.951 [info] fatal: not a git repository (or any of the parent directories): .git
2026-09-18 10:01:46.725 [info] > git rev-parse --show-toplevel [10ms]
2026-09-18 10:01:46.725 [info] fatal: not a git repository (or any of the parent directories): .git
2026-09-18 10:02:51.666 [info] > git rev-parse --show-toplevel [9ms]
2026-09-18 10:02:51.666 [info] fatal: not a git repository (or any of the parent directories): .git
2026-09-18 10:03:19.865 [info] > git rev-parse --show-toplevel [9ms]
2026-09-18 10:03:19.865 [info] fatal: not a git repository (or any of the parent directories): .git
2026-09-18 10:04:06.381 [info] > git rev-parse --show-toplevel [6ms]
2026-09-18 10:04:06.381 [info] fatal: not a git repository (or any of the parent directories): .git
2026-09-18 10:13:11.815 [info] > git rev-parse --show-toplevel [23ms]
2026-09-18 10:13:11.816 [info] fatal: not a git repository (or any of the parent directories): .git
2026-09-18 10:13:27.465 [info] > git rev-parse --show-toplevel [5ms]
2026-09-18 10:13:27.465 [info] fatal: not a git repository (or any of the parent directories): .git
2026-09-18 10:30:14.209 [info] > git rev-parse --show-toplevel [8ms]
2026-09-18 10:30:14.209 [info] fatal: not a git repository (or any of the parent directories): .git
2026-09-18 10:30:16.160 [info] > git rev-parse --show-toplevel [8ms]
2026-09-18 10:30:16.160 [info] fatal: not a git repository (or any of the parent directories): .git
2026-09-18 10:30:17.880 [info] > git rev-parse --show-toplevel [14ms]
2026-09-18 10:30:17.880 [info] fatal: not a git repository (or any of the parent directories): .git
2026-09-18 10:30:32.622 [info] > git rev-parse --show-toplevel [6ms]
2026-09-18 10:30:32.623 [info] fatal: not a git repository (or any of the parent directories): .git
2026-09-18 10:31:07.971 [info] > git rev-parse --show-toplevel [5ms]
2026-09-18 10:31:07.971 [info] fatal: not a git repository (or any of the parent directories): .git
2026-09-18 10:31:21.285 [info] > git rev-parse --show-toplevel [8ms]
2026-09-18 10:31:21.285 [info] fatal: not a git repository (or any of the parent directories): .git
2026-09-18 10:49:11.668 [info] > git rev-parse --show-toplevel [8ms]
2026-09-18 10:49:11.668 [info] fatal: not a git repository (or any of the parent directories): .git
2026-09-18 10:49:31.401 [info] > git rev-parse --show-toplevel [32ms]
2026-09-18 10:49:31.402 [info] fatal: not a git repository (or any of the parent directories): .git
2026-09-18 10:49:31.456 [info] > git rev-parse --show-toplevel [9ms]
2026-09-18 10:49:31.456 [info] fatal: not a git repository (or any of the parent directories): .git
2026-09-18 11:03:02.394 [info] > git rev-parse --show-toplevel [5ms]
2026-09-18 11:03:02.394 [info] fatal: not a git repository (or any of the parent directories): .git
2026-09-18 11:03:07.858 [info] > git rev-parse --show-toplevel [8ms]
2026-09-18 11:03:07.858 [info] fatal: not a git repository (or any of the parent directories): .git
2026-09-18 11:31:15.894 [info] > git rev-parse --show-toplevel [122ms]
2026-09-18 11:31:15.894 [info] fatal: not a git repository (or any of the parent directories): .git
2026-09-18 11:31:16.304 [info] > git rev-parse --show-toplevel [306ms]
2026-09-18 11:31:16.304 [info] fatal: not a git repository (or any of the parent directories): .git
2026-09-18 11:35:16.882 [info] > git rev-parse --show-toplevel [88ms]
2026-09-18 11:35:16.882 [info] fatal: not a git repository (or any of the parent directories): .git
2026-09-18 11:43:14.653 [info] > git rev-parse --show-toplevel [9ms]
2026-09-18 11:43:14.653 [info] fatal: not a git repository (or any of the parent directories): .git
2026-09-18 11:45:21.297 [info] > git rev-parse --show-toplevel [93ms]
2026-09-18 11:45:21.298 [info] fatal: not a git repository (or any of the parent directories): .git
2026-09-18 11:53:29.649 [info] > git rev-parse --show-toplevel [11ms]
2026-09-18 11:53:29.649 [info] fatal: not a git repository (or any of the parent directories): .git
2026-09-18 11:53:33.840 [info] > git rev-parse --show-toplevel [11ms]
2026-09-18 11:53:33.840 [info] fatal: not a git repository (or any of the parent directories): .git
2026-09-18 11:53:36.234 [info] > git rev-parse --show-toplevel [6ms]
2026-09-18 11:53:36.234 [info] fatal: not a git repository (or any of the parent directories): .git
2026-09-18 11:53:39.234 [info] > git rev-parse --show-toplevel [11ms]
2026-09-18 11:53:39.234 [info] fatal: not a git repository (or any of the parent directories): .git
2026-09-18 11:53:50.992 [info] > git rev-parse --show-toplevel [8ms]
2026-09-18 11:53:50.992 [info] fatal: not a git repository (or any of the parent directories): .git
2026-09-18 11:53:52.866 [info] > git rev-parse --show-toplevel [6ms]
2026-09-18 11:53:52.866 [info] fatal: not a git repository (or any of the parent directories): .git
2026-09-18 11:53:54.165 [info] > git rev-parse --show-toplevel [7ms]
2026-09-18 11:53:54.165 [info] fatal: not a git repository (or any of the parent directories): .git
2026-09-18 11:53:54.907 [info] > git rev-parse --show-toplevel [24ms]
2026-09-18 11:53:54.907 [info] fatal: not a git repository (or any of the parent directories): .git
2026-09-18 11:55:31.138 [info] > git rev-parse --show-toplevel [17ms]
2026-09-18 11:57:29.321 [info] > git rev-parse --show-toplevel [9ms]
2026-09-18 11:57:29.322 [info] fatal: not a git repository (or any of the parent directories): .git
2026-09-18 11:59:16.493 [info] > git rev-parse --show-toplevel [19ms]
2026-09-18 11:59:16.493 [info] fatal: not a git repository (or any of the parent directories): .git
2026-09-18 11:59:41.804 [info] > git rev-parse --show-toplevel [279ms]
2026-09-18 11:59:41.804 [info] fatal: not a git repository (or any of the parent directories): .git
2026-09-18 12:00:45.991 [info] > git rev-parse --show-toplevel [5ms]
2026-09-18 12:00:45.992 [info] fatal: not a git repository (or any of the parent directories): .git
2026-09-18 12:00:47.811 [info] > git rev-parse --show-toplevel [7ms]
2026-09-18 12:00:47.811 [info] fatal: not a git repository (or any of the parent directories): .git
2026-09-18 12:00:54.068 [info] > git rev-parse --show-toplevel [14ms]
2026-09-18 12:00:54.068 [info] fatal: not a git repository (or any of the parent directories): .git
2026-09-18 12:00:55.492 [info] > git rev-parse --show-toplevel [25ms]
2026-09-18 12:00:55.492 [info] fatal: not a git repository (or any of the parent directories): .git
2026-09-18 12:01:11.235 [info] > git rev-parse --show-toplevel [85ms]
2026-09-18 12:01:11.235 [info] fatal: not a git repository (or any of the parent directories): .git
2026-09-18 12:01:12.323 [info] > git rev-parse --show-toplevel [53ms]
2026-09-18 12:01:12.323 [info] fatal: not a git repository (or any of the parent directories): .git
2026-09-18 12:01:47.575 [info] > git rev-parse --show-toplevel [15ms]
2026-09-18 12:01:47.575 [info] fatal: not a git repository (or any of the parent directories): .git
2026-09-18 12:03:12.185 [info] > git rev-parse --show-toplevel [7ms]
2026-09-18 12:03:12.185 [info] fatal: not a git repository (or any of the parent directories): .git
2026-09-18 12:03:26.445 [info] > git rev-parse --show-toplevel [72ms]
2026-09-18 12:03:26.445 [info] fatal: not a git repository (or any of the parent directories): .git
2026-09-18 12:03:56.492 [info] > git rev-parse --show-toplevel [7ms]
2026-09-18 12:03:56.492 [info] fatal: not a git repository (or any of the parent directories): .git
2026-09-18 12:04:03.637 [info] > git rev-parse --show-toplevel [9ms]
2026-09-18 12:04:03.637 [info] fatal: not a git repository (or any of the parent directories): .git
2026-09-18 12:05:45.521 [info] > git rev-parse --show-toplevel [5ms]
2026-09-18 12:05:45.521 [info] fatal: not a git repository (or any of the parent directories): .git
2026-09-18 12:08:21.873 [info] > git rev-parse --show-toplevel [19ms]
2026-09-18 12:08:21.873 [info] fatal: not a git repository (or any of the parent directories): .git
2026-09-18 12:08:46.279 [info] > git rev-parse --show-toplevel [57ms]
2026-09-18 12:08:46.280 [info] fatal: not a git repository (or any of the parent directories): .git
2026-09-18 12:08:55.025 [info] > git rev-parse --show-toplevel [13ms]
2026-09-18 12:08:55.026 [info] fatal: not a git repository (or any of the parent directories): .git
2026-09-18 12:09:19.175 [info] > git rev-parse --show-toplevel [12ms]
2026-09-18 12:09:19.175 [info] fatal: not a git repository (or any of the parent directories): .git
2026-09-18 12:09:19.369 [info] > git rev-parse --show-toplevel [5ms]
2026-09-18 12:09:19.369 [info] fatal: not a git repository (or any of the parent directories): .git
2026-09-18 12:14:02.341 [info] > git rev-parse --show-toplevel [60ms]
2026-09-18 12:14:02.341 [info] fatal: not a git repository (or any of the parent directories): .git
2026-09-18 12:14:25.040 [info] > git rev-parse --show-toplevel [16ms]
2026-09-18 12:14:25.040 [info] fatal: not a git repository (or any of the parent directories): .git
2026-09-18 12:14:32.942 [info] > git rev-parse --show-toplevel [9ms]
2026-09-18 12:14:32.942 [info] fatal: not a git repository (or any of the parent directories): .git
2026-09-18 12:15:16.854 [info] > git rev-parse --show-toplevel [18ms]
2026-09-18 12:15:16.855 [info] fatal: not a git repository (or any of the parent directories): .git
2026-09-18 12:15:45.653 [info] > git rev-parse --show-toplevel [8ms]
2026-09-18 12:15:45.653 [info] fatal: not a git repository (or any of the parent directories): .git
2026-09-18 12:20:58.237 [info] > git rev-parse --show-toplevel [7ms]
2026-09-18 12:20:58.237 [info] fatal: not a git repository (or any of the parent directories): .git
2026-09-18 12:21:12.474 [info] > git rev-parse --show-toplevel [5ms]
2026-09-18 12:21:12.475 [info] fatal: not a git repository (or any of the parent directories): .git
2026-09-18 12:21:34.960 [info] > git rev-parse --show-toplevel [20ms]
2026-09-18 12:21:34.960 [info] fatal: not a git repository (or any of the parent directories): .git
2026-09-18 12:27:09.131 [info] > git rev-parse --show-toplevel [19ms]
2026-09-18 12:27:09.131 [info] fatal: not a git repository (or any of the parent directories): .git
2026-09-18 12:27:28.094 [info] > git rev-parse --show-toplevel [6ms]
2026-09-18 12:27:28.094 [info] fatal: not a git repository (or any of the parent directories): .git
2026-09-18 12:27:36.406 [info] > git rev-parse --show-toplevel [11ms]
2026-09-18 12:27:36.406 [info] fatal: not a git repository (or any of the parent directories): .git
2026-09-18 12:27:54.729 [info] > git rev-parse --show-toplevel [12ms]
2026-09-18 12:27:54.729 [info] fatal: not a git repository (or any of the parent directories): .git
2026-09-18 12:27:58.778 [info] > git rev-parse --show-toplevel [18ms]
2026-09-18 12:27:58.779 [info] fatal: not a git repository (or any of the parent directories): .git
2026-09-18 12:28:01.149 [info] > git rev-parse --show-toplevel [6ms]
2026-09-18 12:28:01.149 [info] fatal: not a git repository (or any of the parent directories): .git
2026-09-18 12:29:34.212 [info] > git rev-parse --show-toplevel [9ms]
2026-09-18 12:29:34.213 [info] fatal: not a git repository (or any of the parent directories): .git
2026-09-18 12:30:14.149 [info] > git rev-parse --show-toplevel [9ms]
2026-09-18 12:30:14.149 [info] fatal: not a git repository (or any of the parent directories): .git
2026-09-18 12:30:18.073 [info] > git rev-parse --show-toplevel [14ms]
2026-09-18 12:30:18.073 [info] fatal: not a git repository (or any of the parent directories): .git
2026-09-18 12:30:25.338 [info] > git rev-parse --show-toplevel [7ms]
2026-09-18 12:30:25.339 [info] fatal: not a git repository (or any of the parent directories): .git
2026-09-18 12:32:14.679 [info] > git rev-parse --show-toplevel [8ms]
2026-09-18 12:32:14.679 [info] fatal: not a git repository (or any of the parent directories): .git
2026-09-18 12:32:29.097 [info] > git rev-parse --show-toplevel [13ms]
2026-09-18 12:32:29.097 [info] fatal: not a git repository (or any of the parent directories): .git
2026-09-18 12:32:57.960 [info] > git rev-parse --show-toplevel [11ms]
2026-09-18 12:32:57.960 [info] fatal: not a git repository (or any of the parent directories): .git
2026-09-18 12:33:00.551 [info] > git rev-parse --show-toplevel [7ms]
2026-09-18 12:33:00.551 [info] fatal: not a git repository (or any of the parent directories): .git
2026-09-18 12:35:01.352 [info] > git rev-parse --show-toplevel [14ms]
2026-09-18 12:35:01.352 [info] fatal: not a git repository (or any of the parent directories): .git
2026-09-18 12:35:15.764 [info] > git rev-parse --show-toplevel [10ms]
2026-09-18 12:35:15.764 [info] fatal: not a git repository (or any of the parent directories): .git
2026-09-18 12:35:18.767 [info] > git rev-parse --show-toplevel [11ms]
2026-09-18 12:35:18.767 [info] fatal: not a git repository (or any of the parent directories): .git
2026-09-18 12:35:23.761 [info] > git rev-parse --show-toplevel [25ms]
2026-09-18 12:35:23.761 [info] fatal: not a git repository (or any of the parent directories): .git
2026-09-18 12:35:59.505 [info] > git rev-parse --show-toplevel [14ms]
2026-09-18 12:35:59.505 [info] fatal: not a git repository (or any of the parent directories): .git
2026-09-18 12:36:13.929 [info] > git rev-parse --show-toplevel [5ms]
2026-09-18 12:36:13.929 [info] fatal: not a git repository (or any of the parent directories): .git
2026-09-18 12:36:17.557 [info] > git rev-parse --show-toplevel [8ms]
2026-09-18 12:36:17.557 [info] fatal: not a git repository (or any of the parent directories): .git
2026-09-18 12:38:44.148 [info] > git rev-parse --show-toplevel [8ms]
2026-09-18 12:38:44.148 [info] fatal: not a git repository (or any of the parent directories): .git
2026-09-18 12:38:59.753 [info] > git rev-parse --show-toplevel [12ms]
2026-09-18 12:38:59.753 [info] fatal: not a git repository (or any of the parent directories): .git
2026-09-18 12:39:13.936 [info] > git rev-parse --show-toplevel [5ms]
2026-09-18 12:39:13.936 [info] fatal: not a git repository (or any of the parent directories): .git
2026-09-18 12:39:32.105 [info] > git rev-parse --show-toplevel [21ms]
2026-09-18 12:39:32.105 [info] fatal: not a git repository (or any of the parent directories): .git
2026-09-18 12:40:26.638 [info] > git rev-parse --show-toplevel [7ms]
2026-09-18 12:40:26.638 [info] fatal: not a git repository (or any of the parent directories): .git
2026-09-18 12:40:38.899 [info] > git rev-parse --show-toplevel [20ms]
2026-09-18 12:40:38.901 [info] fatal: not a git repository (or any of the parent directories): .git
