2026-09-22 14:43:23.646 [info] Python-envs extension version: 1.36.0
2026-09-22 14:43:23.646 [info] 
=== Python Envs Configuration Levels ===
2026-09-22 14:43:23.647 [info] {
  "section": "Python Envs Configuration Levels",
  "defaultEnvManager": {
    "workspaceFolderValue": "undefined",
    "workspaceValue": "undefined",
    "globalValue": "undefined",
    "defaultValue": "ms-python.python:venv"
  },
  "defaultPackageManager": {
    "workspaceFolderValue": "undefined",
    "workspaceValue": "undefined",
    "globalValue": "undefined",
    "defaultValue": "ms-python.python:pip"
  }
}
2026-09-22 14:43:23.647 [info] [pet] Starting Python Locator /home/ubuntu/.vscode-server/extensions/ms-python.vscode-python-envs-1.36.0-linux-arm64/python-env-tools/bin/pet server
2026-09-22 14:43:23.647 [info] Registering pyenv manager (environments will be discovered lazily)
2026-09-22 14:43:23.647 [info] Registering pipenv manager (environments will be discovered lazily)
2026-09-22 14:43:23.647 [info] Registering poetry manager (environments will be discovered lazily)
2026-09-22 14:43:23.757 [warning] No workspace folder for relative search path: .venv
2026-09-22 14:43:23.757 [warning] No workspace folder for relative search path: */.venv
2026-09-22 14:43:23.759 [info] [pet] configure: Sending configuration update: {"workspaceDirectories":[],"environmentDirectories":[],"pipenvExecutable":"pipenv","poetryExecutable":"poetry","cacheDirectory":"/home/ubuntu/.vscode-server/data/User/globalStorage/ms-python.vscode-python-envs/pythonLocator"}
2026-09-22 14:43:24.290 [info] Refreshing Pyenv Environments
2026-09-22 14:43:24.290 [info] Refreshing pyenv environments
2026-09-22 14:43:24.290 [info] Refreshing Pipenv Environments
2026-09-22 14:43:24.291 [info] Refreshing pipenv environments
2026-09-22 14:43:24.291 [info] Refreshing Poetry Environments
2026-09-22 14:43:24.291 [info] Refreshing poetry environments
2026-09-22 14:43:24.301 [info] Discovered env: /usr/bin/python3
2026-09-22 14:43:24.312 [warning] No workspace folder for relative search path: .venv
2026-09-22 14:43:24.313 [warning] No workspace folder for relative search path: */.venv
2026-09-22 14:43:24.317 [info] Conda not found, turning off conda features. [Error: Conda not found
	at L (/home/ubuntu/.vscode-server/extensions/ms-python.vscode-python-envs-1.36.0-linux-arm64/dist/extension.js:2:629081)
	at async V (/home/ubuntu/.vscode-server/extensions/ms-python.vscode-python-envs-1.36.0-linux-arm64/dist/extension.js:2:629206)
	at async t.registerCondaFeatures (/home/ubuntu/.vscode-server/extensions/ms-python.vscode-python-envs-1.36.0-linux-arm64/dist/extension.js:2:648591)
	at async t.safeRegister (/home/ubuntu/.vscode-server/extensions/ms-python.vscode-python-envs-1.36.0-linux-arm64/dist/extension.js:2:290365)
	at async Promise.all (index 1)
	at async Immediate.<anonymous> (/home/ubuntu/.vscode-server/extensions/ms-python.vscode-python-envs-1.36.0-linux-arm64/dist/extension.js:2:782813)]
2026-09-22 14:43:24.335 [info] [interpreterSelection] Applying initial environment selection for 0 workspace folder(s)
2026-09-22 14:43:24.443 [warning] No workspace folder for relative search path: .venv
2026-09-22 14:43:24.443 [warning] No workspace folder for relative search path: */.venv
2026-09-22 14:43:24.718 [info] Discovered env: /usr/bin/python3
2026-09-22 14:43:24.721 [info] Resolved Python Environment /usr/bin/python3
2026-09-22 14:43:24.781 [warning] No workspace folder for relative search path: .venv
2026-09-22 14:43:24.781 [warning] No workspace folder for relative search path: */.venv
2026-09-22 14:43:24.826 [info] Python API: Changed environment from undefined to Python 3.10.12.final.0 for: global
2026-09-22 14:43:24.826 [info] Internal: Changed environment from undefined to Python 3.10.12.final.0 for: global
2026-09-22 14:43:24.827 [info] [interpreterSelection] global: Python 3.10.12.final.0 (source: autoDiscovery)
2026-09-22 14:43:24.921 [info] Refreshing pyenv environments
2026-09-22 14:43:25.147 [info] Discovered env: /usr/bin/python3
2026-09-22 14:43:25.161 [warning] No workspace folder for relative search path: .venv
2026-09-22 14:43:25.161 [warning] No workspace folder for relative search path: */.venv
2026-09-22 14:43:25.240 [info] Pipenv not found via settings, cache, or PATH
2026-09-22 14:43:25.242 [info] Refreshing pipenv environments
2026-09-22 14:43:25.283 [info] Pipenv not found via settings, cache, or PATH
2026-09-22 14:43:25.284 [info] Found 0 pipenv environments
2026-09-22 14:43:25.295 [info] Pipenv not found via settings, cache, or PATH
2026-09-22 14:43:25.673 [info] Discovered env: /usr/bin/python3
2026-09-22 14:43:25.690 [warning] No workspace folder for relative search path: .venv
2026-09-22 14:43:25.691 [warning] No workspace folder for relative search path: */.venv
2026-09-22 14:43:27.215 [info] Discovered env: /usr/bin/python3
2026-09-22 14:43:28.004 [warning] No workspace folder for relative search path: .venv
2026-09-22 14:43:28.004 [warning] No workspace folder for relative search path: */.venv
2026-09-22 14:43:28.913 [info] Refreshing poetry environments
2026-09-22 14:43:30.255 [info] Discovered env: /usr/bin/python3
2026-09-22 14:43:30.401 [info] Pipenv not found via settings, cache, or PATH
2026-09-22 14:43:30.402 [info] Found 0 pipenv environments
2026-09-22 14:43:30.437 [info] Poetry executable not found
2026-09-22 14:43:30.442 [info] Poetry executable not found
2026-09-22 14:43:30.448 [info] Environment discovery complete: 1 environments found (Global: 1)
