2026-09-22 14:02:23.290 [info] Extension host with pid 1351 started
2026-09-22 14:02:23.291 [error] Error: EEXIST: file already exists, open '/home/ubuntu/.vscode-server/data/User/workspaceStorage/e73b830051c736ff1e0374e33c38a47f/vscode.lock'
2026-09-22 14:02:23.297 [info] Lock '/home/ubuntu/.vscode-server/data/User/workspaceStorage/e73b830051c736ff1e0374e33c38a47f/vscode.lock': Could not acquire lock, checking if the file is stale.
2026-09-22 14:02:23.366 [info] Lock '/home/ubuntu/.vscode-server/data/User/workspaceStorage/e73b830051c736ff1e0374e33c38a47f/vscode.lock': The pid 8266 appears to be gone.
2026-09-22 14:02:23.366 [info] Lock '/home/ubuntu/.vscode-server/data/User/workspaceStorage/e73b830051c736ff1e0374e33c38a47f/vscode.lock': Deleting a stale lock.
2026-09-22 14:02:23.729 [info] Lock '/home/ubuntu/.vscode-server/data/User/workspaceStorage/e73b830051c736ff1e0374e33c38a47f/vscode.lock': Lock acquired.
2026-09-22 14:02:23.781 [info] ExtensionService#_doActivateExtension vscode.emmet, startup: false, activationEvent: 'onLanguage'
2026-09-22 14:02:23.792 [info] ExtensionService#_doActivateExtension vscode.git-base, startup: false, activationEvent: '*', root cause: vscode.git
2026-09-22 14:02:23.796 [info] ExtensionService#_doActivateExtension ms-python.python, startup: false, activationEvent: 'onLanguage:python', root cause: ms-python.debugpy
2026-09-22 14:02:23.798 [info] ExtensionService#_doActivateExtension ms-python.vscode-pylance, startup: false, activationEvent: 'onLanguage:python'
2026-09-22 14:02:23.802 [info] ExtensionService#_doActivateExtension ms-python.vscode-python-envs, startup: false, activationEvent: 'onLanguage:python'
2026-09-22 14:02:27.345 [info] ExtensionService#_doActivateExtension vscode.terminal-suggest, startup: false, activationEvent: 'onTerminalShellIntegration:*'
2026-09-22 14:02:27.770 [info] ExtensionService#_doActivateExtension vscode.git, startup: false, activationEvent: '*'
2026-09-22 14:02:27.772 [info] ExtensionService#_doActivateExtension vscode.github, startup: false, activationEvent: '*'
2026-09-22 14:02:30.214 [info] ExtensionService#_doActivateExtension ms-python.debugpy, startup: false, activationEvent: 'onLanguage:python'
2026-09-22 14:02:30.414 [info] Eager extensions activated
2026-09-22 14:02:30.416 [info] ExtensionService#_doActivateExtension vscode.debug-auto-launch, startup: false, activationEvent: 'onStartupFinished'
2026-09-22 14:02:30.419 [info] ExtensionService#_doActivateExtension vscode.merge-conflict, startup: false, activationEvent: 'onStartupFinished'
2026-09-22 14:02:46.531 [warning] DiagnosticCollection with name 'Pylance' does already exist.
2026-09-22 14:02:46.565 [warning] DiagnosticCollection with name 'Pylance' does already exist.
2026-09-22 14:02:46.583 [warning] DiagnosticCollection with name 'Pylance' does already exist.
2026-09-22 14:03:52.797 [info] ExtensionService#_doActivateExtension vscode.npm, startup: false, activationEvent: 'onTerminalQuickFixRequest:ms-vscode.npm-command'
